Open Watcom Linker Version 1.9
Portions Copyright (c) 1985-2002 Sybase, Inc. All Rights Reserved.
Created on:       25/05/26 02:39:18
Executable Image: abyrvalg.exe
creating a Windows NT character-mode executable


                        +------------+
                        |   Groups   |
                        +------------+

Group                           Address              Size
=====                           =======              ====

.idata                          00416000             00000786
DGROUP                          00417000             00013180



                        +--------------+
                        |   Segments   |
                        +--------------+

Segment                Class          Group          Address         Size
=======                =====          =====          =======         ====

BEGTEXT                CODE           AUTO           00401000        00000007
_TEXT                  CODE           AUTO           00401010        00014758
CODE32                 CODE           AUTO           00415768        00000575
TRANSFER CODE          CODE           AUTO           00415ce0        0000019e
.idata                 .idata         .idata         00416000        00000786
_NULL                  BEGDATA        DGROUP         00417000        00000004
_AFTERNULL             BEGDATA        DGROUP         00417004        00000000
CONST                  DATA           DGROUP         00417010        00000290
_DATA                  DATA           DGROUP         004172a0        00001110
XIB                    DATA           DGROUP         004183b0        00000000
XI                     DATA           DGROUP         004183b0        0000004e
XIE                    DATA           DGROUP         004183fe        00000000
YIB                    DATA           DGROUP         004183fe        00000000
YI                     DATA           DGROUP         004183fe        00000030
YIE                    DATA           DGROUP         0041842e        00000000
CONST2                 DATA           DGROUP         00418430        00000000
DATA32                 DATA           DGROUP         00418430        00000178
TIB                    DATA           DGROUP         004185a8        00000000
TI                     DATA           DGROUP         004185a8        00000000
TIE                    DATA           DGROUP         004185a8        00000000
DATA                   DATA           DGROUP         004185a8        00000000
X                      X              DGROUP         00419000        00000010
Y                      Y              DGROUP         00419010        00000010
DASHES                 DASHES         DGROUP         00419020        00000004
FLAG                   FLAG           DGROUP         00419030        00000004
CONSTS                 CONSTS         DGROUP         00419040        00000010
CONST32                CONST          DGROUP         00419050        00000000
_BSS                   BSS            DGROUP         00419050        000010f0
GDATA@0                BSS            DGROUP         0041a140        00000037
BSS32                  BSS            DGROUP         0041a178        00000000
STACK                  STACK          DGROUP         0041a180        00010000


                        +----------------+
                        |   Memory Map   |
                        +----------------+

* = unreferenced symbol
+ = symbol only referenced locally

Address        Symbol
=======        ======

Module: main.obj(C:\Users\evgen\source\repos\nstu-v2\Numerical_computations\hueta\main.for)
00401010       FMAIN
0040105e+      WRITE_TABLE
004010f8+      WRITE_PAGE
0040123d+      WRITE_HEADER
004013f0+      WRITE_LINE
00401635+      WRITE_DASHES
004016c5+      HANDLE_INPUT
004018b0+      FN
004018ff+      TRIM
00419000+      X
00419010+      Y
00419020+      DASHES
00419030+      FLAG
00419040+      CONSTS
Module: C:\Users\evgen\Documents\WATCOM/lib386/nt\flib7.lib(cowrite)
00401971       RT@IOWrite
00401980*      RT@OutLOG1
00401992*      RT@OutLOG4
004019a0*      RT@OutINT1
004019b2*      RT@OutINT2
004019c2       RT@OutINT4
004019d1       RT@OutREAL
004019e1*      RT@OutDBLE
004019f1*      RT@OutXTND
00401a01*      RT@OutCPLX
00401a17*      RT@OutDBCX
00401a2d*      RT@OutXTCX
00401a43       RT@OutCHAR
00401a48*      RT@OutSTR
00401a4d*      RT@PrtArr
00401a52*      RT@PrtChArr
Module: C:\Users\evgen\Documents\WATCOM/lib386/nt\flib7.lib(cortns)
00417348*      _FRT_SaveESP
00401a62*      SwitchToGen
00401a80       SwitchToRT
00401a9e       RdWrCommon
00401b42       IOType_
00401b60       IOChar
00401b7b       IOStr
00401b90       IOArr
00401bab       IOChArr
00401bcd       RT@EndIO
Module: C:\Users\evgen\Documents\WATCOM/lib386/nt\flib7.lib(pause.c)
00401bf0       RT@Pause
00417368*      LG@PAUSE_HOOK
Module: C:\Users\evgen\Documents\WATCOM/lib386/nt\flib7.lib(setunit.c)
00401c40       RT@SetUnit
Module: C:\Users\evgen\Documents\WATCOM/lib386/nt\flib7.lib(setfile.c)
00401c80       RT@SetFile
Module: C:\Users\evgen\Documents\WATCOM/lib386/nt\flib7.lib(setstat.c)
00401ca0       RT@SetStat
Module: C:\Users\evgen\Documents\WATCOM/lib386/nt\flib7.lib(seterr.c)
00401cc0       RT@SetErr
Module: C:\Users\evgen\Documents\WATCOM/lib386/nt\flib7.lib(exopen.c)
00402400       RT@IOOpen
0041736c+      _AccModTab
0041737c+      _FormTab
00417388+      _OpStatTab
0041739c+      _BlnkTab
004173a8+      _RecFmTab
004173b8+      _CCtrlTab
004173c4+      _ActionTab
004173d4+      _ShareTab
Module: C:\Users\evgen\Documents\WATCOM/lib386/nt\flib7.lib(stop.c)
00402440       RT@Stop
004173ec+      LG@STOP_HOOK
Module: C:\Users\evgen\Documents\WATCOM/lib386/nt\flib7.lib(exclose.c)
004025a0       RT@IOClose
Module: C:\Users\evgen\Documents\WATCOM/lib386/nt\flib7.lib(setintl.c)
004025c0       RT@SetIntl
Module: C:\Users\evgen\Documents\WATCOM/lib386/nt\flib7.lib(setfmt.c)
004025e0       RT@SetFmt
Module: C:\Users\evgen\Documents\WATCOM/lib386/nt\flib7.lib(lexcmp.c)
00402620+      LexStrCmp_
00402680       RT@LexCmp
Module: C:\Users\evgen\Documents\WATCOM/lib386\math387r.lib(fmod87)
004026af*      fmod_
00402694*      IF@DFMOD
00402694       IF@FMOD
Module: C:\Users\evgen\Documents\WATCOM/lib386/nt\flib7.lib(coread)
004026bf       RT@IORead
004026ce*      RT@InpLOG1
004026dd*      RT@InpLOG4
004026ec*      RT@InpINT1
004026fb*      RT@InpINT2
0040270a*      RT@InpINT4
00402719       RT@InpREAL
00402728*      RT@InpDBLE
00402737*      RT@InpXTND
00402746*      RT@InpCPLX
00402755*      RT@InpDBCX
00402764*      RT@InpXTCX
00402773*      RT@InpCHAR
00402778*      RT@InpSTR
0040277d*      RT@InpArr
00402782*      RT@InpChArr
Module: C:\Users\evgen\Documents\WATCOM/lib386\math387r.lib(log87)
004027dc*      log_
004027f4*      log2_
004027e8*      log10_
00402788*      IF@LOG
00402788*      IF@DLOG
004027c8*      IF@LOG2
004027c8*      IF@DLOG2
004027d2       IF@LOG10
004027d2*      IF@DLOG10
Module: C:\Users\evgen\Documents\WATCOM/lib386\math387r.lib(pow87)
00402959*      pow_
00402800       IF@DPOW
00402800       IF@POW
Module: C:\Users\evgen\Documents\WATCOM/lib386\math387r.lib(trig87)
004029b9*      sin_
004029ad*      cos_
004029da*      tan_
0040296c       IF@COS
0040296c*      IF@DCOS
00402976       IF@SIN
00402976*      IF@DSIN
004029c5*      IF@TAN
004029c5*      IF@DTAN
Module: C:\Users\evgen\Documents\WATCOM/lib386/nt\clib3r.lib(cstrtwnt)
004029e6       _cstart_
004029e6*      mainCRTStartup
Module: C:\Users\evgen\Documents\WATCOM/lib386/nt\clib3r.lib(_8087)
0041740c       __8087
0041740d       __real87
Module: C:\Users\evgen\Documents\WATCOM/lib386/nt\emu387.lib(386)
00402a44       __init_387_emulator
00402a45*      __fini_387_emulator
Module: C:\Users\evgen\Documents\WATCOM/lib386/nt\flib7.lib(initeng.c)
00419050       __init_english
Module: C:\Users\evgen\Documents\WATCOM/lib386/nt\flib7.lib(initerr.c)
00419054       __init_error
Module: C:\Users\evgen\Documents\WATCOM/lib386/nt\flib7.lib(exwrite.c)
00402ac0       DoWrite_
Module: C:\Users\evgen\Documents\WATCOM/lib386/nt\flib7.lib(setiocb.c)
00402af0       RT@SetIOCB
Module: C:\Users\evgen\Documents\WATCOM/lib386/nt\flib7.lib(rdata.c)
00419060       _IORslt
00419070       _FmtBuff
00419074*      _Fmt_revert
00419078*      _Fmt_start
0041907c*      _Fmt_paren_level
00419080*      _Fmt_charptr
00419084*      _FmtEmStruct
00419088       _IOTypeRtn
0041908c*      _Fmt_end
00419090*      _Fmt_rep_spec
00419094       _FmtRoutine
00419098       _IOCB
0041909c       _Files
004190a0*      _Fmt_delimited
Module: C:\Users\evgen\Documents\WATCOM/lib386/nt\flib7.lib(iomain.c)
00402b80       __ReleaseIOSys_
00402ba0       IOMain_
Module: C:\Users\evgen\Documents\WATCOM/lib386/nt\clib3r.lib(crwdata)
00417454       __osmajor
00417455       __osminor
00417456       __osbuild
00417458       __osver
0041745c       __winmajor
00417460       __winminor
00417464       __winver
00417420       __LpDllName
00417424       __LpwCmdLine
00417428       __LpwPgmName
0041742c       __LpwDllName
00417418       __LpCmdLine
0041741c       __LpPgmName
00417410*      __dynend
00417414       __curbrk
00417430*      __STACKLOW
00417434       __STACKTOP
00417438       __ASTACKSIZ
0041743c       __ASTACKPTR
00417440*      __cbyte
00417444*      __cbyte2
00417448*      __child
0041744e       __Envptr
00417452*      __Envseg
0041744c       __no87
00417468       ___FPE_handler
Module: C:\Users\evgen\Documents\WATCOM/lib386/nt\flib7.lib(thrdutil.c)
00402db0*      __InitMultiThreadIO_
00417470       ___SwitchStkLow
Module: C:\Users\evgen\Documents\WATCOM/lib386/nt\flib7.lib(rtinit.c)
00417474       ___FAppType
00417478       __ExceptionInit
0041747c       __ExceptionFini
00402dd0*      __InitFThreadData_
00402e10+      RTSysFini_
00402e20       RTSysInit_
00417484       __AccessFIO
00417488       __ReleaseFIO
0041748c       __PartialReleaseFIO
004190a8       ___FThreadDataOffset
004183ce*      ___fthread_data_size
Module: C:\Users\evgen\Documents\WATCOM/lib386/nt\flib7.lib(rtsysutl.c)
00402e80       GetSysIOInfo_
00402ea0       GetSysFileInfo_
00402ed0       IsDevice_
004030a0       OpenAction_
004030e0*      DfltRecType_
00403100+      _FileAttrs_
004031c0       CloseFile_
00403230       Scrtched_
00403250       CloseDeleteFile_
004032a0       Errf_
004032c0       FPutBuff_
00403330       FGetBuff_
00403380       SeekFile_
004033a0       NoEOF_
004033b0       SysClearEOF_
004033c0       SameFile_
004033d0*      Rewindf_
004033f0       SysCreateFile_
00403430       CheckLogicalRecord_
00403450       SkipLogicalRecord_
00403470*      BackSpacef_
004034a0*      EndFilef_
004034e0       GetIOErrMsg_
00403520       ReportNExist_
00403540       ReportEOF_
00403550       WaitForEnter_
Module: C:\Users\evgen\Documents\WATCOM/lib386/nt\flib7.lib(rterr.c)
00417490+      _TraceRoutine
00403580       FlushStdUnit_
004035d0+      WriteErr_
004036a0       ErrHandler_
004036e0       RTErr_
0041749c+      LG@ERR_HOOK
Module: C:\Users\evgen\Documents\WATCOM/lib386/nt\flib7.lib(stdio.c)
00403720       StdBuffer_
00403740       StdWrite_
00403820       StdFlush_
00403850       StdWriteNL_
Module: C:\Users\evgen\Documents\WATCOM/lib386/nt\flib7.lib(rtutls.c)
004038a0       FindFtnFile_
00403990       RChkAlloc_
004039c0       F_Connect_
00403a40       ConnectFile_
00403a50       GetFileInfo_
00403b40       DiscoFile_
00403bb0*      ChkFileName_
00403be0+      ChkLogFile_
00403c20       ChkIOOperation_
00403c60       GetIOErr_
00403c70       ChkIOErr_
00403c90       ChkUnitId_
00403cd0*      ChkConnected_
00403cf0       SetEOF_
00403d20       ClearEOF_
00403d60       SysEOF_
00403d90       IsFixed_
00403da0       IsCarriage_
00403db0*      ChkRecordStructure_
00403de0*      ChkSequential_
00403e00*      ChkExist_
00403e30       StrItem_
Module: C:\Users\evgen\Documents\WATCOM/lib386/nt\flib7.lib(exutil.c)
00403eb0       FindKWord_
00403f40*      ClrBuff_
004178a8       _SpecId
Module: C:\Users\evgen\Documents\WATCOM/lib386/nt\flib7.lib(ioerr.c)
00403f90       IOErr_
Module: C:\Users\evgen\Documents\WATCOM/lib386/nt\flib7.lib(runmain.c)
00404020*      __InitUnit6CC_
00404030       __DevicesCC_
00404040*      __InitAllowCommaSeparator_
00404050       __AllowCommaSep_
00404060+      _InitIO_
004040d0+      CloseAllFiles_
00404110*      _FiniEx_
00404110       RunExit_
00404150       RunEntry_
Module: C:\Users\evgen\Documents\WATCOM/lib386/nt\flib7.lib(rdwr.c)
00404180       DoOpen_
004041b0+      _AllocBuffer_
004041f0       IOPrologue_
00404430       UpdateRecNum_
Module: C:\Users\evgen\Documents\WATCOM/lib386/nt\clib3r.lib(mainwnt.c)
004178d4       ___TlsIndex
004178d8       ___FirstThreadData
004178dc       ___GetThreadPtr
004178e0       __AccessFileH
004178e4       __ReleaseFileH
004178e8       __AccessIOB
004178ec       __ReleaseIOB
004178f0       __AccessNHeap
004178f4       __AccessFHeap
004178f8       __ReleaseNHeap
00404480*      __threadid_
004044a0+      __sig_null_rtn_
004044b0+      __NTInit_
00404690+      __NTFini_
004046f0       __NTMainInit_
00404750       __exit_
004178fc       __ReleaseFHeap
00417900       __AccessTDList
00417904       __ReleaseTDList
00417908       __AccessFList
0041790c       __ReleaseFList
00417910       __ThreadExitRtn
00417914       ___sig_init_rtn
00417918       ___sig_fini_rtn
0041791c       ___process_fini
004190b8       ___Is_DLL
Module: C:\Users\evgen\Documents\WATCOM/lib386/nt\flib7.lib(spawn.c)
004047a0       Spawn_
00404800       Suicide_
Module: C:\Users\evgen\Documents\WATCOM/lib386/nt\flib7.lib(rfmtexec.c)
00405170       R_FExec_
Module: C:\Users\evgen\Documents\WATCOM/lib386/nt\clib3r.lib(chipvar)
00417920       ___chipbug
00417920       __chipbug
Module: C:\Users\evgen\Documents\WATCOM/lib386/nt\clib3r.lib(chipr32.asm)
0041596f       __fprem_chk
00415c28*      __fprem1_chk
Module: C:\Users\evgen\Documents\WATCOM/lib386/nt\flib7.lib(exread.c)
00405220       DoRead_
Module: C:\Users\evgen\Documents\WATCOM/lib386\math387r.lib(log87e.c)
00405247       __log87_err_
Module: C:\Users\evgen\Documents\WATCOM/lib386\math387r.lib(pow87e.c)
0040527c       __pow87_err_
Module: C:\Users\evgen\Documents\WATCOM/lib386\math387r.lib(exp87)
0040536b*      exp_
00405304*      __@DEXP1
0040530c*      IF@EXP
0040530c*      IF@DEXP
0040530e       __@DEXP
Module: C:\Users\evgen\Documents\WATCOM/lib386/nt\clib3r.lib(chipd32.asm)
0040548f       __fdiv_fpr
00405951*      __fdiv_chk
00405964*      __fdiv_m32
004059b1*      __fdiv_m64
004059fe*      __fdiv_m32r
00405a4b*      __fdiv_m64r
Module: C:\Users\evgen\Documents\WATCOM/lib386/nt\clib3r.lib(chipt32.asm)
00405a98       __fptan_chk
Module: C:\Users\evgen\Documents\WATCOM/lib386/nt\clib3r.lib(main2wnt.c)
00405b50       __NTMain
Module: C:\Users\evgen\Documents\WATCOM/lib386/nt\clib3r.lib(segdefns)
00401003       ___begtext
00417000*      __nullarea
004183b0       __Start_XI
004183fe       __End_XI
004183fe       __Start_YI
0041842e       __End_YI
Module: C:\Users\evgen\Documents\WATCOM/lib386/nt\clib3r.lib(chk8087.c)
00405bd0*      _fpreset_
00405c10       __chk8087_
00405c20*      __init_8087_
Module: C:\Users\evgen\Documents\WATCOM/lib386/nt\flib7.lib(english.c)
00405c70       __UseEnglishCharSet_
Module: C:\Users\evgen\Documents\WATCOM/lib386/nt\flib7.lib(errincl.c)
00405d80       __InitError_
00417934+      _PGroupTable
00417938+      _PErrWord
Module: C:\Users\evgen\Documents\WATCOM/lib386/nt\flib7.lib(unfmtout.c)
00405e80       UnFmtOut_
Module: C:\Users\evgen\Documents\WATCOM/lib386/nt\flib7.lib(freeout.c)
004062d0       FreeOut_
0041793c+      _OutRtn
Module: C:\Users\evgen\Documents\WATCOM/lib386/nt\flib7.lib(ioinit.c)
004063c0       IOSysInit_
Module: C:\Users\evgen\Documents\WATCOM/lib386/nt\flib7.lib(rttraps.c)
004064e0       __EnableF77RTExceptionHandling_
004064f0       R_TrapInit_
00406580       R_TrapFini_
00406590*      __InitExceptionVectors_
Module: C:\Users\evgen\Documents\WATCOM/lib386/nt\flib7.lib(errrtns.c)
004196d4       ___ErrorFini
004196d8       ___ErrorInit
004196dc       ___BldErrMsg
Module: C:\Users\evgen\Documents\WATCOM/lib386/nt\clib3r.lib(nodefwin.c)
00417974*      __WindowsIsWindowedHandle
00417978*      __WindowsRemoveWindowedHandle
0041797c*      __WindowsNewWindow
00417980*      __WindowsCloseWindow
00417984*      __WindowsSetAbout
00417988*      __WindowsSetAppTitle
0041798c*      __WindowsSetConTitle
00417990*      __WindowsDestroyOnClose
00417994*      __WindowsYieldControl
00417998*      __WindowsShutDown
0041799c*      __WindowsStdin
004179a0       __WindowsStdout
004179a4*      __WindowsKbhit
004179a8*      __WindowsGetch
004179ac*      __WindowsGetche
004179b0*      __WindowsPutch
004065b0*      _dwShutDown_
004065b0*      _dwYield_
004065b0*      _dwSetConTitle_
004065b0*      _dwSetAppTitle_
004065b0*      _dwSetAboutDlg_
004065b0       _dwDeleteOnClose_
004179b4*      __WindowsExitRtn
004196e0*      __init_default_win
Module: C:\Users\evgen\Documents\WATCOM/lib386/nt\clib3r.lib(atexit.c)
004065b3       atexit_
Module: C:\Users\evgen\Documents\WATCOM/lib386/nt\clib3r.lib(regdata.c)
00406610       __RegisterThreadDataSize_
Module: C:\Users\evgen\Documents\WATCOM/lib386/nt\clib3r.lib(accsswnt.c)
00406640       access_
Module: C:\Users\evgen\Documents\WATCOM/lib386/nt\clib3r.lib(fullpath.c)
00406680+      _sys_fullpath_
00406700       _fullpath_
Module: C:\Users\evgen\Documents\WATCOM/lib386/nt\flib7.lib(rmemmgr.c)
00406770       RMemAlloc_
00406780       RMemFree_
Module: C:\Users\evgen\Documents\WATCOM/lib386/nt\clib3r.lib(fstatwnt.c)
00406790       fstat_
Module: C:\Users\evgen\Documents\WATCOM/lib386/nt\flib7.lib(poserr.c)
00406af0       Errorf_
00406b10*      EOFile_
00406b30       ErrorMsg_
00406b70       FSetTrunc_
00406b80       FSetSysErr_
00406ba0       FSetErr_
00406bc0       FSetEof_
00406be0       IOOk_
Module: C:\Users\evgen\Documents\WATCOM/lib386/nt\clib3r.lib(statwnt.c)
00406d05       stat_
Module: C:\Users\evgen\Documents\WATCOM/lib386/nt\flib7.lib(posopen.c)
00406f40       InitStd_
00407000       SetIOBufferSize_
00407020+      _AllocFile_
00407110       Openf_
00407200       Closef_
Module: C:\Users\evgen\Documents\WATCOM/lib386/nt\flib7.lib(posdat.c)
00417ba0       _FStdIn
00417ba4       _FStdOut
00417ba8       _FStdErr
Module: C:\Users\evgen\Documents\WATCOM/lib386/nt\flib7.lib(posflush.c)
00407280       FlushBuffer_
Module: C:\Users\evgen\Documents\WATCOM/lib386/nt\flib7.lib(posdel.c)
00407330       Scratchf_
Module: C:\Users\evgen\Documents\WATCOM/lib386/nt\flib7.lib(posput.c)
00407350       FPutRec_
00407390       ChopFile_
004073e0*      PutRec_
00407500       writebytes_
00407580       SysWrite_
Module: C:\Users\evgen\Documents\WATCOM/lib386/nt\flib7.lib(posget.c)
004076c0       readbytes_
00407790       SysRead_
00407c00       FGetRec_
00407c30*      GetRec_
00407c50       GetStdChar_
00407ca0       FCheckLogical_
00407d20       FSkipLogical_
00407df0*      FGetVarRecLen_
Module: C:\Users\evgen\Documents\WATCOM/lib386/nt\flib7.lib(posseek.c)
00407ee0       FSeekRec_
00407f20       CurrFileOffset_
00407f20       FGetFilePos_
00407f40       SysSeek_
00408130*      FSeekAbs_
Module: C:\Users\evgen\Documents\WATCOM/lib386/nt\clib3r.lib(stricmp.c)
00408140       stricmp_
Module: C:\Users\evgen\Documents\WATCOM/lib386/nt\flib7.lib(posrew.c)
00408180       FRewind_
Module: C:\Users\evgen\Documents\WATCOM/lib386/nt\flib7.lib(posback.c)
004081f0       FBackspace_
Module: C:\Users\evgen\Documents\WATCOM/lib386/nt\flib7.lib(postrunc.c)
004082d0       FTruncate_
Module: C:\Users\evgen\Documents\WATCOM/lib386/nt\clib3r.lib(errno.c)
004082f0       __get_errno_ptr_
00408300*      __get_doserrno_ptr_
Module: C:\Users\evgen\Documents\WATCOM/lib386/nt\flib7.lib(errutil.c)
00408310       BldErrCode_
00408370*      MsgFormat_
004083a0*      MsgBuffer_
00417bac+      _PGrpCodes
Module: C:\Users\evgen\Documents\WATCOM/lib386/nt\clib3r.lib(enterdb.c)
004083d0       __EnterWVIDEO_
00417bb0       ___WD_Present
Module: C:\Users\evgen\Documents\WATCOM/lib386/nt\clib3r.lib(iob.c)
00417bb4       ___iob
00417dbc       __fmode
00419768       ___OpenStreams
0041976c       ___ClosedStreams
Module: C:\Users\evgen\Documents\WATCOM/lib386/nt\clib3r.lib(setmd.c)
00408400       setmode_
Module: C:\Users\evgen\Documents\WATCOM/lib386/nt\clib3r.lib(write.c)
00408740       write_
Module: C:\Users\evgen\Documents\WATCOM/lib386/nt\flib7.lib(fdutil.c)
004089a0       LocFile_
004089b0       LocUnit_
004089e0       ExtractInfo_
Module: C:\Users\evgen\Documents\WATCOM/lib386/nt\flib7.lib(rstdio.c)
00408b10       _InitStandardInput_
00408b40       _InitStandardOutput_
Module: C:\Users\evgen\Documents\WATCOM/lib386/nt\clib3r.lib(memset.c)
00408b70       memset_
Module: C:\Users\evgen\Documents\WATCOM/lib386/nt\flib7.lib(deffname.c)
00417dc0       _DefFName
Module: C:\Users\evgen\Documents\WATCOM/lib386/nt\flib7.lib(stracc.c)
00408b90       TrimStr_
00408bd0       GetStr_
Module: C:\Users\evgen\Documents\WATCOM/lib386/nt\clib3r.lib(memicmp.c)
00408c00       memicmp_
Module: C:\Users\evgen\Documents\WATCOM/lib386/nt\flib7.lib(blderr.c)
00408cc0       Substitute_
00408e80       ErrCodOrg_
Module: C:\Users\evgen\Documents\WATCOM/lib386/nt\flib7.lib(sdfile.c)
00417dc8*      _FFCtrlSeq
00417dca*      _SkipCtrlSeq
00417dcc       _NormalCtrlSeq
00417dce       _SDTermIn
00417dd2       _SDTermOut
00417dd6*      _SDPrtName
Module: C:\Users\evgen\Documents\WATCOM/lib386/nt\clib3r.lib(hdlman.c)
00417ddc+      ___NHandles
00417de0+      ___OSHandles
00417de4+      ___FakeHandles
00408e90+      __growPOSIXHandles_
00408f30       __allocPOSIXHandle_
00408ff0       __freePOSIXHandle_
00409010       __getOSHandle_
00409020       __setOSHandle_
00409070+      __NTGetFakeHandle_
004090e0       __initPOSIXHandles_
004091c0*      __set_handles_
004091d0*      _grow_handles_
Module: C:\Users\evgen\Documents\WATCOM/lib386/nt\clib3r.lib(environ.c)
00419770       ___env_mask
00419774       _environ
00419778       __wenviron
Module: C:\Users\evgen\Documents\WATCOM/lib386/nt\clib3r.lib(getmodfn.c)
00409210       __lib_GetModuleFileNameW_
Module: C:\Users\evgen\Documents\WATCOM/lib386/nt\clib3r.lib(strdup.c)
004092b0       __clib_strdup_
Module: C:\Users\evgen\Documents\WATCOM/lib386/nt\clib3r.lib(istable.c)
004092f0       __IsTable
Module: C:\Users\evgen\Documents\WATCOM/lib386/nt\clib3r.lib(ustrdup.c)
004093f1       __clib_wcsdup_
Module: C:\Users\evgen\Documents\WATCOM/lib386/nt\clib3r.lib(nfree.c)
00409420       _nfree_
00409420       free_
0041977c       ___MiniHeapFreeRover
Module: C:\Users\evgen\Documents\WATCOM/lib386/nt\clib3r.lib(excptwnt.c)
00409b90+      ___ReportException@4
00409fe0       __DefaultExceptionHandler_
0040a020+      ___ExceptionFilter
0040a230       __NewExceptionFilter_
0040a260       __DoneExceptionFilter_
00417df0       ___oscode_check_func
00417df4       ___raise_func
00419780*      _sw
00419784       ___ExceptionHandled
00419785+      ___ReportInvoked
Module: C:\Users\evgen\Documents\WATCOM/lib386/nt\clib3r.lib(stklmwnt.c)
0040a2a0       __init_stack_limits_
Module: C:\Users\evgen\Documents\WATCOM/lib386/nt\clib3r.lib(initrtns.c)
0040a320       __InitRtns
0040a370       __FiniRtns
Module: C:\Users\evgen\Documents\WATCOM/lib386/nt\clib3r.lib(setjmp)
0040a3c4       _setjmp_
0040a3fd       longjmp_
Module: C:\Users\evgen\Documents\WATCOM/lib386/nt\clib3r.lib(exit.c)
0040a485+      __null_int23_exit_
0040a486       exit_
0040a4d6*      _exit_
00417e0c+      ___int23_exit
00417e10+      ___FPE_handler_exit
Module: C:\Users\evgen\Documents\WATCOM/lib386/nt\flib7.lib(wrutils.c)
0040a4f0       F_SendData_
0040a550*      SendLine_
0040a560       SendEOR_
0040a5f0*      SendInt_
0040a620       SendStr_
0040a640+      SendWSLStr_
0040a660       SendChar_
0040a680       Drop_
0040a840       IOItemResult_
Module: C:\Users\evgen\Documents\WATCOM/lib386/nt\flib7.lib(rfmtutil.c)
0040a8f0       R_ChkType_
0040a920       R_NewRec_
0040a960       R_ChkIType_
0040a990       R_ChkFType_
0040a9c0       R_ChkRecLen_
0040a9e0+      GetLen_
0040aa20       R_FOStr_
0040aa30*      FOString_
0040aaa0       R_FIStr_
0040ab60       R_FOLog_
0040abb0       R_FILog_
0040ac90       R_FIFloat_
0040ae80       GetReal_
0040af90       R_FOF_
0040b010       R_FOE_
0040b150+      FmtH2B_
0040b240       R_FIHex_
0040b3c0       R_FOHex_
0040b3d0*      FOHex_
0040b4d0       R_FIInt_
0040b5e0       R_FOInt_
0040b840       R_FOG_
0040bac0+      ChkBuffLen_
Module: C:\Users\evgen\Documents\WATCOM/lib386/nt\flib7.lib(arrayio.c)
0040bb80       ArrayIOType_
Module: C:\Users\evgen\Documents\WATCOM/lib386/nt\clib3r.lib(chipbug.c)
0040bc00       __verify_pentium_fdiv_bug_
Module: C:\Users\evgen\Documents\WATCOM/lib386/nt\flib7.lib(unfmtin.c)
0040bc60       UnFmtIn_
0040bd00+      NextUnFmtRec_
Module: C:\Users\evgen\Documents\WATCOM/lib386/nt\flib7.lib(freein.c)
0040c0e0+      GetNum_
0040c2e0       FreeIn_
0040c2f0*      DoFreeIn_
0040c320+      BumpComma_
0040c350+      Blanks_
0040c370+      CheckEor_
Module: C:\Users\evgen\Documents\WATCOM/lib386/nt\flib7.lib(_matherr.c)
0040c980*      __imath2err_
0040c9c0*      __amath1err_
0040c9f0*      __amath2err_
0040ca20       __math2err_
0040cb30       __math1err_
0040cb40*      __zmath2err_
0040cba0*      __qmath2err_
Module: C:\Users\evgen\Documents\WATCOM/lib386\math387r.lib(math87e.c)
0040cc06       __math87_err_
Module: C:\Users\evgen\Documents\WATCOM/lib386/nt\clib3r.lib(mthrdini.c)
0040cc80       __InitThreadData_
00417e14       ___ThreadDataSize
Module: C:\Users\evgen\Documents\WATCOM/lib386/nt\clib3r.lib(cmain386.c)
0040ccb0       __CMain
Module: C:\Users\evgen\Documents\WATCOM/lib386/nt\clib3r.lib(dosseg)
00001234       __DOSseg__
Module: C:\Users\evgen\Documents\WATCOM/lib386/nt\clib3r.lib(8087cw.c)
00417e18       __8087cw
Module: C:\Users\evgen\Documents\WATCOM/lib386/nt\clib3r.lib(save8087.c)
00417e1c       ___Save8087
00417e20       ___Rest8087
Module: C:\Users\evgen\Documents\WATCOM/lib386/nt\clib3r.lib(init8087)
0040ccf4       __x87id
Module: C:\Users\evgen\Documents\WATCOM/lib386/nt\flib7.lib(csetinfo.c)
00419788       _CharSetInfo
Module: C:\Users\evgen\Documents\WATCOM/lib386/nt\flib7.lib(errmsg.c)
0040d060       _GroupTable
0040d110       _ErrWord
Module: C:\Users\evgen\Documents\WATCOM/lib386/nt\flib7.lib(unfmtutl.c)
0040d740       _SizeVars
Module: C:\Users\evgen\Documents\WATCOM/lib386/nt\flib7.lib(undefcg.c)
0040d7e0       OutLogCG_
0040d7f0       OutIntCG_
0040d830+      FmtRealCG_
0040d860+      FmtDoubleCG_
0040d890+      FmtExtendedCG_
0040d8c0+      UndefIntCG_
0040d8c0+      UndefLogCG_
0040d8c0+      UndefExtendedCG_
0040d8c0+      UndefDoubleCG_
0040d8c0+      UndefRealCG_
0040d8d0+      GetRealCG_
00417e24       _FmtRealRtn
00417e28       _FmtDoubleRtn
00417e2c       _FmtExtendedRtn
00417e30       _SendStrRtn
00417e34       _UndefRealRtn
00417e38       _UndefDoubleRtn
00417e3c       _UndefExtendedRtn
00417e40       _UndefLogRtn
00417e44       _UndefIntRtn
00417e48       _GetRealRtn
Module: C:\Users\evgen\Documents\WATCOM/lib386/nt\flib7.lib(cctrl.c)
0040d8e0       CheckCCtrl_
Module: C:\Users\evgen\Documents\WATCOM/lib386/nt\clib3r.lib(signlwnt.c)
00417e4c+      __SignalTable
0040d950+      __SetSignalFunc_
0040d9a0+      __GetSignalFunc_
0040d9d0+      __GetSignalOSCode_
0040da00+      __CheckSignalExCode_
0040db40+      __sigabort_
0040db50       __sigfpe_handler_
0040dba0       signal_
0040dc30+      raise_
0040dca0+      __SigInit_
0040dcf0+      __SigFini_
0040dd30+      __sig_init_
Module: C:\Users\evgen\Documents\WATCOM/lib386/nt\flib7.lib(fptraps.c)
0040de10*      __MaskDefaultFPE_
0040de30       FPTrapInit_
0040de60       FPTrapFini_
Module: C:\Users\evgen\Documents\WATCOM/lib386/nt\clib3r.lib(trdlist.c)
0040ded0       __GetThreadData_
0040df20       __ReallocThreadData_
0040e010       __AddThreadData_
0040e090       __RemoveThreadData_
0040e0f0       __ResizeThreadDataList_
0040e120       __FreeThreadDataList_
0040e150*      __ActiveThreads_
Module: C:\Users\evgen\Documents\WATCOM/lib386/nt\clib3r.lib(fgtattr.c)
0040e170       __fixed_GetFileAttributesA_
Module: C:\Users\evgen\Documents\WATCOM/lib386/nt\clib3r.lib(dosret.c)
0040e210*      _dosretax_
0040e220*      _dosret0_
0040e230       __set_errno_dos_
0040e260*      __set_errno_dos_reterr_
0040e270       __set_errno_nt_
0040e280*      __set_errno_nt_reterr_
Module: C:\Users\evgen\Documents\WATCOM/lib386/nt\clib3r.lib(seterrno.c)
0040e294       __set_errno_
0040e2a2*      __set_EDOM_
0040e2b0       __set_ERANGE_
0040e2be*      __set_EINVAL_
0040e2d1       __set_doserrno_
Module: C:\Users\evgen\Documents\WATCOM/lib386/nt\clib3r.lib(gtcwdwnt.c)
0040e2e0       getcwd_
Module: C:\Users\evgen\Documents\WATCOM/lib386/nt\clib3r.lib(nmalloc.c)
0040e370       _nmalloc_
0040e370       malloc_
00417fbc       ___nheapbeg
00417fc0       ___MiniHeapRover
00417fc4       ___LargestSizeB4MiniHeapRover
Module: C:\Users\evgen\Documents\WATCOM/lib386/nt\clib3r.lib(iomode.c)
0040e470       __GetIOMode_
0040e490       __SetIOMode_nogrow_
00417fc8       ___NFiles
00417fcc       ___init_mode
0041801c       ___io_mode
Module: C:\Users\evgen\Documents\WATCOM/lib386/nt\clib3r.lib(iomodtty.c)
0040e4b0       __ChkTTYIOMode_
0040e4f0       __IOMode_
Module: C:\Users\evgen\Documents\WATCOM/lib386/nt\clib3r.lib(ntdirinf.c)
0040e510       __MakeDOSDT_
0040e540*      __FromDOSDT_
0040e570*      __GetNTDirInfo_
0040e5b0*      __NTFindNextFileWithAttr_
Module: C:\Users\evgen\Documents\WATCOM/lib386/nt\clib3r.lib(d2ttime.c)
0040e610       _d2ttime_
Module: C:\Users\evgen\Documents\WATCOM/lib386/nt\clib3r.lib(strerror.c)
0040e9b0       strerror_
0040e9d0*      _strerror_
0040eaa0*      _doserror_
00418020+      __sys_errlist
004180c4+      __sys_nerr
Module: C:\Users\evgen\Documents\WATCOM/lib386/nt\clib3r.lib(_strcmp)
0040ead0       strcmp_
Module: C:\Users\evgen\Documents\WATCOM/lib386/nt\clib3r.lib(mbspbrk.c)
0040ec10       _mbspbrk_
Module: C:\Users\evgen\Documents\WATCOM/lib386/nt\clib3r.lib(mbsinc.c)
0040ec60       _mbsinc_
Module: C:\Users\evgen\Documents\WATCOM/lib386/nt\clib3r.lib(tolower.c)
0040ec90       tolower_
Module: C:\Users\evgen\Documents\WATCOM/lib386/nt\clib3r.lib(stiomode.c)
0040eca0       __grow_iomode_
0040ed70+      __shrink_iomode_
0040edb0       __SetIOMode_
Module: C:\Users\evgen\Documents\WATCOM/lib386/nt\clib3r.lib(close.c)
0040ee20       close_
Module: C:\Users\evgen\Documents\WATCOM/lib386/nt\clib3r.lib(openwnt.c)
0040f040*      open_
0040f060       sopen_
Module: C:\Users\evgen\Documents\WATCOM/lib386/nt\clib3r.lib(lseek.c)
0040f090       lseek_
Module: C:\Users\evgen\Documents\WATCOM/lib386/nt\flib7.lib(poscc.c)
0040f0e0*      __LineFeedWithFormFeed_
0040f0f0       FSetCC_
Module: C:\Users\evgen\Documents\WATCOM/lib386/nt\clib3r.lib(unlnkwnt.c)
0040f150       unlink_
Module: C:\Users\evgen\Documents\WATCOM/lib386/nt\clib3r.lib(chsizwnt.c)
0040f1d0       chsize_
Module: C:\Users\evgen\Documents\WATCOM/lib386/nt\clib3r.lib(read.c)
0040f2c0       read_
Module: C:\Users\evgen\Documents\WATCOM/lib386/nt\flib7.lib(errgrp.c)
0040f450       _GrpCodes
Module: C:\Users\evgen\Documents\WATCOM/lib386/nt\clib3r.lib(initfile.c)
0040f510       __InitFiles_
Module: C:\Users\evgen\Documents\WATCOM/lib386/nt\clib3r.lib(ioexit.c)
0040f610*      fcloseall_
0040f620       __full_io_exit_
Module: C:\Users\evgen\Documents\WATCOM/lib386/nt\clib3r.lib(stackwnt.c)
0040f630       stackavail_
Module: C:\Users\evgen\Documents\WATCOM/lib386/nt\clib3r.lib(stk)
0040f641*      __CHK
0040f651*      __STK
0040f670       __STKOVERFLOW_
0040f680*      __GRO
0040f6a0*      __alloca_probe
Module: C:\Users\evgen\Documents\WATCOM/lib386/nt\clib3r.lib(getenv.c)
0040f6c0       getenv_
Module: C:\Users\evgen\Documents\WATCOM/lib386/nt\clib3r.lib(ltoa.c)
0040f750       ultoa_
0040f7a0       ltoa_
Module: C:\Users\evgen\Documents\WATCOM/lib386/nt\clib3r.lib(__stos)
0040f7d0       __STOSB
0040f807*      __STOSD
Module: C:\Users\evgen\Documents\WATCOM/lib386/nt\clib3r.lib(memmove.c)
0040f880       memmove_
Module: C:\Users\evgen\Documents\WATCOM/lib386/nt\clib3r.lib(itoa.c)
0040f8e0       utoa_
0040f930       itoa_
Module: C:\Users\evgen\Documents\WATCOM/lib386/nt\clib3r.lib(nrealloc.c)
0040f960*      _nrealloc_
0040f960       realloc_
Module: C:\Users\evgen\Documents\WATCOM/lib386/nt\clib3r.lib(setenvp.c)
0040f9e0       __setenvp_
0040faa0       __freeenvp_
Module: C:\Users\evgen\Documents\WATCOM/lib386/nt\clib3r.lib(ustrlen.c)
0040faed       wcslen_
Module: C:\Users\evgen\Documents\WATCOM/lib386/nt\clib3r.lib(memcpy.c)
0040fb00       memcpy_
Module: C:\Users\evgen\Documents\WATCOM/lib386/nt\clib3r.lib(mem.c)
0040fb20       __MemAllocator
0040fbd0       __MemFree
Module: C:\Users\evgen\Documents\WATCOM/lib386/nt\clib3r.lib(conutwnt.c)
0040fd20*      __NTRealKey_
0040fdd0*      __NTConsoleInput_
0040fde0       __NTConsoleOutput_
Module: C:\Users\evgen\Documents\WATCOM/lib386/nt\clib3r.lib(fclex387.c)
0040fdf0       _ClearFPE_
Module: C:\Users\evgen\Documents\WATCOM/lib386/nt\clib3r.lib(ljmphdl.c)
004180e8       ___longjmp_handler
Module: C:\Users\evgen\Documents\WATCOM/lib386/nt\flib7.lib(ifile.c)
0040fe10       SendIFBuff_
0040fe40       NextIFBuff_
Module: C:\Users\evgen\Documents\WATCOM/lib386/nt\flib7.lib(rdutils.c)
0040fe70       NextRec_
Module: C:\Users\evgen\Documents\WATCOM/lib386/nt\flib7.lib(rfmtlog.c)
0040ff90       R_FmtLog_
Module: C:\Users\evgen\Documents\WATCOM/lib386/nt\clib3r.lib(toupper.c)
0040ffc0       toupper_
Module: C:\Users\evgen\Documents\WATCOM/lib386/nt\flib7.lib(fmtcnvt.c)
0040ffd0       FmtS2I_
00410100       FmtS2F_
Module: C:\Users\evgen\Documents\WATCOM/lib386/nt\flib7.lib(fmtrtns.c)
004104d0       R_F2E_
00410640       R_F2F_
004107d0       SetMaxPrec_
Module: C:\Users\evgen\Documents\WATCOM/lib386/nt\flib7.lib(flt86.c)
004107e0       _P1d100
004107e8       _P1d_99
Module: C:\Users\evgen\Documents\WATCOM/lib386/nt\flib7.lib(hexcnv.c)
00410800       Hex_
00410820*      HSToB_
00410890       BToHS_
Module: C:\Users\evgen\Documents\WATCOM/lib386/nt\clib3r.lib(strupr.c)
004108e0       strupr_
Module: C:\Users\evgen\Documents\WATCOM/lib386/nt\flib7.lib(chrutils.c)
00410900       JmpBlanks_
Module: C:\Users\evgen\Documents\WATCOM/lib386/nt\clib3r.lib(cinit.c)
00410920       __CommonInit_
Module: C:\Users\evgen\Documents\WATCOM/lib386/nt\clib3r.lib(___argc.c)
004198a8       ____Argc
004198ac       ____Argv
Module: C:\Users\evgen\Documents\WATCOM/lib386/nt\flib7.lib(rtmain.c)
00410930       main_
Module: C:\Users\evgen\Documents\WATCOM/lib386/nt\flib7.lib(expchk.c)
00410950       ToFFormat_
Module: C:\Users\evgen\Documents\WATCOM/lib386/nt\clib3r.lib(abort.c)
004109ad*      abort_
004109bf       __terminate_
004180ec       ___abort
Module: C:\Users\evgen\Documents\WATCOM/lib386/nt\clib3r.lib(cntrl87.c)
004109e0       _control87_
Module: C:\Users\evgen\Documents\WATCOM/lib386/nt\clib3r.lib(mthread.c)
00410bc0+      __CloseSemaphore_
00410c00+      __AccessIOB_
00410c10+      __ReleaseIOB_
00410c20+      __AccessFileH_
00410c30+      __ReleaseFileH_
00410c40+      __AccessNHeap_
00410c50+      __ReleaseNHeap_
00410c60+      __AccessFHeap_
00410c70+      __ReleaseFHeap_
00410c80+      __AccessTDList_
00410c90+      __ReleaseTDList_
00410ca0+      __AccessFList_
00410cb0+      __AccessSemaphore_
00410d10+      __ReleaseFList_
00410d20+      __ReleaseSemaphore_
00410d50+      __MultipleThread_
00410da0+      __AllocInitThreadData_
00410df0*      __FreeInitThreadData_
00410e00       __NTThreadInit_
00410e70       __NTAddThread_
00410ec0       __NTRemoveThread_
00410f50       __InitMultipleThread_
004180f0+      ___AccessSema4
004180f4+      ___ReleaseSema4
004180f8+      ___CloseSema4
Module: C:\Users\evgen\Documents\WATCOM/lib386/nt\clib3r.lib(xmsgwnt.c)
00411110+      __exit_with_msg_
00411170       __fatal_runtime_error_
Module: C:\Users\evgen\Documents\WATCOM/lib386/nt\clib3r.lib(calloc.c)
00411190       calloc_
Module: C:\Users\evgen\Documents\WATCOM/lib386/nt\clib3r.lib(register.c)
004111c0       __initthread_
004111d0*      _beginthread_
004111e0       _endthread_
004111f0*      __RegisterThreadData_
Module: C:\Users\evgen\Documents\WATCOM/lib386/nt\clib3r.lib(nmemneed.c)
00411240       __nmemneed_
Module: C:\Users\evgen\Documents\WATCOM/lib386/nt\clib3r.lib(grownear.c)
004113b0       __ExpandDGROUP_
Module: C:\Users\evgen\Documents\WATCOM/lib386/nt\clib3r.lib(isattwnt.c)
004113d0       isatty_
Module: C:\Users\evgen\Documents\WATCOM/lib386/nt\clib3r.lib(strncpy.c)
004113f0       strncpy_
Module: C:\Users\evgen\Documents\WATCOM/lib386/nt\clib3r.lib(mktime.c)
00411430       mktime_
Module: C:\Users\evgen\Documents\WATCOM/lib386/nt\clib3r.lib(mbterm.c)
004114c0       _mbterm_
Module: C:\Users\evgen\Documents\WATCOM/lib386/nt\clib3r.lib(mbsnextc.c)
00411500       _mbsnextc_
Module: C:\Users\evgen\Documents\WATCOM/lib386/nt\clib3r.lib(mbschr.c)
00411540       _mbschr_
Module: C:\Users\evgen\Documents\WATCOM/lib386/nt\clib3r.lib(mbisdbcs.c)
0041a01c       ___IsDBCS
Module: C:\Users\evgen\Documents\WATCOM/lib386/nt\clib3r.lib(mbislead.c)
004115a0*      _ismbblead_
0041a020       ___MBCSIsTable
Module: C:\Users\evgen\Documents\WATCOM/lib386/nt\clib3r.lib(_clsewnt.c)
004115c0       __close_
Module: C:\Users\evgen\Documents\WATCOM/lib386/nt\clib3r.lib(ntfio.c)
00411620*      __GetNTCreateAttr_
00411660       __GetNTAccessAttr_
00411690       __GetNTShareAttr_
Module: C:\Users\evgen\Documents\WATCOM/lib386/nt\clib3r.lib(umaskval.c)
00418108       ___umaskval
Module: C:\Users\evgen\Documents\WATCOM/lib386/nt\clib3r.lib(__lseek.c)
004116f0       __lseek_
Module: C:\Users\evgen\Documents\WATCOM/lib386/nt\clib3r.lib(fclose.c)
00411730+      __doclose_
004117d0       __shutdown_stream_
004117f0*      fclose_
0041a124+      ___RmTmpFileFn
Module: C:\Users\evgen\Documents\WATCOM/lib386/nt\clib3r.lib(freefp.c)
00411840       __freefp_
00411890       __purgefp_
Module: C:\Users\evgen\Documents\WATCOM/lib386/nt\clib3r.lib(mbcupper.c)
004118c0       _mbctoupper_
Module: C:\Users\evgen\Documents\WATCOM/lib386/nt\clib3r.lib(alphabet.c)
00417244       ___Alphabet
Module: C:\Users\evgen\Documents\WATCOM/lib386/nt\clib3r.lib(nmsize.c)
004118f0       _nmsize_
004118f0*      _msize_
Module: C:\Users\evgen\Documents\WATCOM/lib386/nt\clib3r.lib(nexpand.c)
00411900       _nexpand_
00411900*      _expand_
00411940+      __HeapManager_expand_
Module: C:\Users\evgen\Documents\WATCOM/lib386/nt\clib3r.lib(dofilstr.c)
00411b20       __ParsePosixHandleStr_
Module: C:\Users\evgen\Documents\WATCOM/lib386/nt\clib3r.lib(clearenv.c)
00411c40       clearenv_
Module: C:\Users\evgen\Documents\WATCOM/lib386/nt\flib7.lib(intarith.c)
00411cd0       AddIOFlo_
00411ce0*      SubIOFlo_
00411cf0       MulIOFlo_
Module: C:\Users\evgen\Documents\WATCOM/lib386\math387r.lib(strtod.c)
00412213+      __Strtold_
0041237a       strtod_
Module: C:\Users\evgen\Documents\WATCOM/lib386\math387r.lib(ldcvt.c)
0041259d       _LDScale10x_
00412b44       __LDcvt_
Module: C:\Users\evgen\Documents\WATCOM/lib386/nt\clib3r.lib(argcv.c)
0041a128       __argc
0041a12c       __argv
0041a130       ___argv
0041a134       ___argc
Module: C:\Users\evgen\Documents\WATCOM/lib386/nt\clib3r.lib(trdalloc.c)
00412fa0       __FiniThreadProcessing_
Module: C:\Users\evgen\Documents\WATCOM/lib386/nt\clib3r.lib(nheapmin.c)
00412fb0       _nheapshrink_
00412fb0*      _nheapmin_
00412fb0*      _heapmin_
00412fb0       _heapshrink_
Module: C:\Users\evgen\Documents\WATCOM/lib386/nt\clib3r.lib(thredwnt.c)
00413150       __CBeginThread_
004131f0       __CEndThread_
Module: C:\Users\evgen\Documents\WATCOM/lib386/nt\clib3r.lib(amblksiz.c)
004181b4       __amblksiz
Module: C:\Users\evgen\Documents\WATCOM/lib386/nt\clib3r.lib(heapen.c)
00413230*      _heapenable_
004181b8       ___heap_enabled
Module: C:\Users\evgen\Documents\WATCOM/lib386/nt\clib3r.lib(locmktim.c)
00413260       __local_mktime_
Module: C:\Users\evgen\Documents\WATCOM/lib386/nt\clib3r.lib(gmtime.c)
004133e0       __brktime_
004134e0+      _gmtime_
00413500*      gmtime_
Module: C:\Users\evgen\Documents\WATCOM/lib386/nt\clib3r.lib(tzset.c)
004181bc       ___start_dst
004181e0       ___end_dst
00418308*      _tzname
00418310       _timezone
00418314       _daylight
00418318       ___dst_adjust
00413570*      __DontCacheOSTZ_
00413580*      __CacheOSTZ_
00413a60+      __parse_tz_
00413e50       tzset_
Module: C:\Users\evgen\Documents\WATCOM/lib386/nt\clib3r.lib(timeutil.c)
00413fc0       __isindst_
Module: C:\Users\evgen\Documents\WATCOM/lib386/nt\clib3r.lib(mbconv.c)
004142f0       _mbvtop_
Module: C:\Users\evgen\Documents\WATCOM/lib386/nt\clib3r.lib(mbclen.c)
00414310       _mbclen_
Module: C:\Users\evgen\Documents\WATCOM/lib386/nt\clib3r.lib(mbccmp.c)
00414340       _mbccmp_
Module: C:\Users\evgen\Documents\WATCOM/lib386/nt\clib3r.lib(mbinit.c)
004143b5       __mbinit_
00418320       ___MBCodePage
Module: C:\Users\evgen\Documents\WATCOM/lib386/nt\clib3r.lib(flush.c)
004144b0       __flush_
Module: C:\Users\evgen\Documents\WATCOM/lib386/nt\clib3r.lib(strtol.c)
004147d0*      strtoul_
004147e0       strtol_
Module: C:\Users\evgen\Documents\WATCOM/lib386/nt\clib3r.lib(putenv.c)
004147f0       putenv_
00414a80       __putenv_
Module: C:\Users\evgen\Documents\WATCOM/lib386\math387r.lib(bufld386)
00414bec       __ZBuf2LD
Module: C:\Users\evgen\Documents\WATCOM/lib386\math387r.lib(inf_nan.c)
00414c8f*      ___f_infinity
00414c93*      ___f_posqnan
00414c97       ___d_infinity
00414c9f       ___d_posqnan
00414ca7*      ___ld_infinity
00414caf*      ___ld_posqnan
Module: C:\Users\evgen\Documents\WATCOM/lib386/nt\clib3r.lib(hugeval.c)
00414cc0       __HugeValue
Module: C:\Users\evgen\Documents\WATCOM/lib386\math387r.lib(ldclass.c)
00414cc8       __LDClass_
00414d18*      _FLClass_
Module: C:\Users\evgen\Documents\WATCOM/lib386/nt\clib3r.lib(initargv.c)
00414d30       __Init_Argv_
00414d80+      _getargv_
00414f20       __Fini_Argv_
Module: C:\Users\evgen\Documents\WATCOM/lib386/nt\clib3r.lib(leapyear.c)
00414f30       __leapyear_
0041726c       ___diyr
00417286       ___dilyr
Module: C:\Users\evgen\Documents\WATCOM/lib386/nt\clib3r.lib(wcstombs.c)
00414f70       wcstombs_
Module: C:\Users\evgen\Documents\WATCOM/lib386/nt\clib3r.lib(fsync.c)
00415010       fsync_
Module: C:\Users\evgen\Documents\WATCOM/lib386/nt\clib3r.lib(qwrit.c)
00415060       __qwrite_
Module: C:\Users\evgen\Documents\WATCOM/lib386/nt\clib3r.lib(mbslen.c)
00415140       _mbslen_
Module: C:\Users\evgen\Documents\WATCOM/lib386/nt\clib3r.lib(mbstowcs.c)
00415170       mbstowcs_
Module: C:\Users\evgen\Documents\WATCOM/lib386/nt\clib3r.lib(uputenv.c)
004151f0*      _wputenv_
00415410       __wputenv_
Module: C:\Users\evgen\Documents\WATCOM/lib386/nt\clib3r.lib(histsplt.c)
0041a13c       ___historical_splitparms
Module: C:\Users\evgen\Documents\WATCOM/lib386/nt\clib3r.lib(wctomb.c)
00415510       wctomb_
Module: C:\Users\evgen\Documents\WATCOM/lib386/nt\clib3r.lib(mbtowc.c)
00415550       mbtowc_
Module: C:\Users\evgen\Documents\WATCOM/lib386/nt\clib3r.lib(ustrchr.c)
004155e0       wcschr_
Module: C:\Users\evgen\Documents\WATCOM/lib386/nt\clib3r.lib(setenvar.c)
00415600       __lib_SetEnvironmentVariableW_
Module: C:\Users\evgen\Documents\WATCOM/lib386/nt\clib3r.lib(crtwenv.c)
004156f0       __create_wide_environment_
Module: C:\Users\evgen\Documents\WATCOM/lib386/nt\clib3r.lib(utoupper.c)
00415758       towupper_


                        +----------------------+
                        |   Imported Symbols   |
                        +----------------------+

Symbol                              Module
======                              ======

_MessageBoxA@16                     USER32.DLL
_GetEnvironmentStringsA@0           KERNEL32.DLL
_GetVersion@0                       KERNEL32.DLL
_GetModuleFileNameA@12              KERNEL32.DLL
_GetCommandLineA@0                  KERNEL32.DLL
_GetCommandLineW@0                  KERNEL32.DLL
_FreeEnvironmentStringsA@4          KERNEL32.DLL
_GetModuleHandleA@4                 KERNEL32.DLL
_ExitProcess@4                      KERNEL32.DLL
_RtlUnwind@16                       KERNEL32.DLL
_GetFullPathNameA@16                KERNEL32.DLL
_GetFileType@4                      KERNEL32.DLL
_GetFileInformationByHandle@8       KERNEL32.DLL
_GetFileTime@16                     KERNEL32.DLL
_GetFileSize@8                      KERNEL32.DLL
_CreateFileA@28                     KERNEL32.DLL
_CloseHandle@4                      KERNEL32.DLL
_GetLastError@0                     KERNEL32.DLL
_GetDriveTypeA@4                    KERNEL32.DLL
_FindFirstFileA@8                   KERNEL32.DLL
_FindClose@4                        KERNEL32.DLL
_SetFilePointer@16                  KERNEL32.DLL
_WriteFile@20                       KERNEL32.DLL
_SetStdHandle@8                     KERNEL32.DLL
_CreateEventA@16                    KERNEL32.DLL
_GetStdHandle@4                     KERNEL32.DLL
_GetModuleFileNameW@12              KERNEL32.DLL
_MultiByteToWideChar@24             KERNEL32.DLL
_LoadLibraryA@4                     KERNEL32.DLL
_GetProcAddress@8                   KERNEL32.DLL
_SetUnhandledExceptionFilter@4      KERNEL32.DLL
_UnhandledExceptionFilter@4         KERNEL32.DLL
_VirtualQuery@12                    KERNEL32.DLL
_GetCurrentThreadId@0               KERNEL32.DLL
_SetConsoleCtrlHandler@8            KERNEL32.DLL
_TlsGetValue@4                      KERNEL32.DLL
_TlsSetValue@8                      KERNEL32.DLL
_GetFileAttributesA@4               KERNEL32.DLL
_GetCurrentDirectoryA@8             KERNEL32.DLL
_FileTimeToLocalFileTime@8          KERNEL32.DLL
_FileTimeToDosDateTime@12           KERNEL32.DLL
_DosDateTimeToFileTime@12           KERNEL32.DLL
_LocalFileTimeToFileTime@8          KERNEL32.DLL
_FindNextFileA@8                    KERNEL32.DLL
_FormatMessageA@28                  KERNEL32.DLL
_DeleteFileA@4                      KERNEL32.DLL
_SetEndOfFile@4                     KERNEL32.DLL
_ReadFile@20                        KERNEL32.DLL
_InitializeCriticalSection@4        KERNEL32.DLL
_DeleteCriticalSection@4            KERNEL32.DLL
_LeaveCriticalSection@4             KERNEL32.DLL
_EnterCriticalSection@4             KERNEL32.DLL
_SetLastError@4                     KERNEL32.DLL
_TlsAlloc@0                         KERNEL32.DLL
_TlsFree@4                          KERNEL32.DLL
_VirtualAlloc@16                    KERNEL32.DLL
_CharUpperA@4                       USER32.DLL
_VirtualFree@12                     KERNEL32.DLL
_CreateThread@24                    KERNEL32.DLL
_ResumeThread@4                     KERNEL32.DLL
_ExitThread@4                       KERNEL32.DLL
_GetTimeZoneInformation@4           KERNEL32.DLL
_GetACP@0                           KERNEL32.DLL
_GetOEMCP@0                         KERNEL32.DLL
_GetCPInfo@8                        KERNEL32.DLL
_SetEnvironmentVariableA@8          KERNEL32.DLL
_FlushFileBuffers@4                 KERNEL32.DLL
_WideCharToMultiByte@32             KERNEL32.DLL
_SetEnvironmentVariableW@8          KERNEL32.DLL


                        +--------------------+
                        |   Libraries Used   |
                        +--------------------+

C:\Users\evgen\Documents\WATCOM/lib386/nt\kernel32.lib
C:\Users\evgen\Documents\WATCOM/lib386/nt\user32.lib
C:\Users\evgen\Documents\WATCOM/lib386/nt\flib7.lib
C:\Users\evgen\Documents\WATCOM/lib386\math387r.lib
C:\Users\evgen\Documents\WATCOM/lib386/nt\clib3r.lib
C:\Users\evgen\Documents\WATCOM/lib386/nt\emu387.lib


                        +-----------------------+
                        |   Linker Statistics   |
                        +-----------------------+

Stack size:  00010000 (65536.)
Memory size:  00028784 (165764.)
Entry point address: 004029e6
Link time: 00:00.94
