Open Watcom Linker Version 1.9
Portions Copyright (c) 1985-2002 Sybase, Inc. All Rights Reserved.
Created on:       25/05/24 14:28:00
Executable Image: noname.exe
creating a Windows NT character-mode executable


                        +------------+
                        |   Groups   |
                        +------------+

Group                           Address              Size
=====                           =======              ====

.idata                          00417000             00000786
DGROUP                          00418000             00013160



                        +--------------+
                        |   Segments   |
                        +--------------+

Segment                Class          Group          Address         Size
=======                =====          =====          =======         ====

BEGTEXT                CODE           AUTO           00401000        00000007
_TEXT                  CODE           AUTO           00401010        00014cb8
CODE32                 CODE           AUTO           00415cc8        00000575
TRANSFER CODE          CODE           AUTO           00416240        0000019e
.idata                 .idata         .idata         00417000        00000786
_NULL                  BEGDATA        DGROUP         00418000        00000004
_AFTERNULL             BEGDATA        DGROUP         00418004        00000000
CONST                  DATA           DGROUP         00418010        00000270
_DATA                  DATA           DGROUP         00418280        00001118
XIB                    DATA           DGROUP         00419398        00000000
XI                     DATA           DGROUP         00419398        0000004e
XIE                    DATA           DGROUP         004193e6        00000000
YIB                    DATA           DGROUP         004193e6        00000000
YI                     DATA           DGROUP         004193e6        00000030
YIE                    DATA           DGROUP         00419416        00000000
CONST2                 DATA           DGROUP         00419418        00000000
DATA32                 DATA           DGROUP         00419418        00000178
TIB                    DATA           DGROUP         00419590        00000000
TI                     DATA           DGROUP         00419590        00000000
TIE                    DATA           DGROUP         00419590        00000000
DATA                   DATA           DGROUP         00419590        00000000
TABLE                  TABLE          DGROUP         0041a000        00000024
PI                     PI             DGROUP         0041a030        00000004
EPS                    EPS            DGROUP         0041a040        0000000c
VAR                    VAR            DGROUP         0041a050        00000010
CONST32                CONST          DGROUP         0041a060        00000000
_BSS                   BSS            DGROUP         0041a060        000010f0
GDATA@0                BSS            DGROUP         0041b150        0000000b
BSS32                  BSS            DGROUP         0041b15c        00000000
STACK                  STACK          DGROUP         0041b160        00010000


                        +----------------+
                        |   Memory Map   |
                        +----------------+

* = unreferenced symbol
+ = symbol only referenced locally

Address        Symbol
=======        ======

Module: sueta.obj(C:\Users\borov\source\repos\nstu-v2\Numerical_computations\sueta\sueta.for)
00401010       FMAIN
00401063+      INPUT
00401503+      OUTPUT
00401c0e+      POWER
00401c53+      TRIM
00401cbe+      EPSIL
0041a000+      TABLE
0041a030+      PI
0041a040+      EPS
0041a050+      VAR
Module: C:\Users\borov\Documents\WATCOM/lib386/nt\flib7.lib(cowrite)
00401d9d       RT@IOWrite
00401dac*      RT@OutLOG1
00401dbe*      RT@OutLOG4
00401dcc*      RT@OutINT1
00401dde*      RT@OutINT2
00401dee*      RT@OutINT4
00401dfd       RT@OutREAL
00401e0d*      RT@OutDBLE
00401e1d*      RT@OutXTND
00401e2d*      RT@OutCPLX
00401e43*      RT@OutDBCX
00401e59*      RT@OutXTCX
00401e6f       RT@OutCHAR
00401e74*      RT@OutSTR
00401e79*      RT@PrtArr
00401e7e*      RT@PrtChArr
Module: C:\Users\borov\Documents\WATCOM/lib386/nt\flib7.lib(cortns)
00418330*      _FRT_SaveESP
00401e8e*      SwitchToGen
00401eac       SwitchToRT
00401eca       RdWrCommon
00401f6e       IOType_
00401f8c       IOChar
00401fa7       IOStr
00401fbc       IOArr
00401fd7       IOChArr
00401ff9       RT@EndIO
Module: C:\Users\borov\Documents\WATCOM/lib386/nt\flib7.lib(pause.c)
00402020       RT@Pause
00418350*      LG@PAUSE_HOOK
Module: C:\Users\borov\Documents\WATCOM/lib386/nt\flib7.lib(setunit.c)
00402070       RT@SetUnit
Module: C:\Users\borov\Documents\WATCOM/lib386/nt\flib7.lib(setfile.c)
004020b0       RT@SetFile
Module: C:\Users\borov\Documents\WATCOM/lib386/nt\flib7.lib(setstat.c)
004020d0       RT@SetStat
Module: C:\Users\borov\Documents\WATCOM/lib386/nt\flib7.lib(setios.c)
004020f0       RT@SetIOS
Module: C:\Users\borov\Documents\WATCOM/lib386/nt\flib7.lib(exopen.c)
00402840       RT@IOOpen
00418354+      _AccModTab
00418364+      _FormTab
00418370+      _OpStatTab
00418384+      _BlnkTab
00418390+      _RecFmTab
004183a0+      _CCtrlTab
004183ac+      _ActionTab
004183bc+      _ShareTab
Module: C:\Users\borov\Documents\WATCOM/lib386/nt\flib7.lib(stop.c)
00402880       RT@Stop
004183d4+      LG@STOP_HOOK
Module: C:\Users\borov\Documents\WATCOM/lib386/nt\flib7.lib(coread)
004028f0       RT@IORead
004028ff*      RT@InpLOG1
0040290e*      RT@InpLOG4
0040291d*      RT@InpINT1
0040292c*      RT@InpINT2
0040293b*      RT@InpINT4
0040294a       RT@InpREAL
00402959*      RT@InpDBLE
00402968*      RT@InpXTND
00402977*      RT@InpCPLX
00402986*      RT@InpDBCX
00402995*      RT@InpXTCX
004029a4*      RT@InpCHAR
004029a9*      RT@InpSTR
004029ae*      RT@InpArr
004029b3*      RT@InpChArr
Module: C:\Users\borov\Documents\WATCOM/lib386/nt\flib7.lib(exclose.c)
00402ab0       RT@IOClose
Module: C:\Users\borov\Documents\WATCOM/lib386/nt\flib7.lib(setactn.c)
00402ad0       RT@SetAction
Module: C:\Users\borov\Documents\WATCOM/lib386/nt\flib7.lib(ifanint.c)
00402af0       IF@ANINT
00402b50*      IF@XANINT
Module: C:\Users\borov\Documents\WATCOM/lib386\math387r.lib(fchop87)
00402b54       __CHP
Module: C:\Users\borov\Documents\WATCOM/lib386/nt\flib7.lib(setfmt.c)
00402b70       RT@SetFmt
Module: C:\Users\borov\Documents\WATCOM/lib386\math387r.lib(trig87)
00402bdd*      sin_
00402bd1*      cos_
00402bfe*      tan_
00402b90       IF@COS
00402b90*      IF@DCOS
00402b9a       IF@SIN
00402b9a*      IF@DSIN
00402be9*      IF@TAN
00402be9*      IF@DTAN
Module: C:\Users\borov\Documents\WATCOM/lib386\math387r.lib(fmod87)
00402c27*      fmod_
00402c0c*      IF@DFMOD
00402c0c       IF@FMOD
Module: C:\Users\borov\Documents\WATCOM/lib386\math387r.lib(log87)
00402c8c*      log_
00402ca4*      log2_
00402c98*      log10_
00402c38*      IF@LOG
00402c38*      IF@DLOG
00402c78*      IF@LOG2
00402c78*      IF@DLOG2
00402c82       IF@LOG10
00402c82*      IF@DLOG10
Module: C:\Users\borov\Documents\WATCOM/lib386/nt\flib7.lib(ifaint.c)
00402cb0       IF@AINT
00402d00*      IF@XAINT
Module: C:\Users\borov\Documents\WATCOM/lib386/nt\flib7.lib(setintl.c)
00402d10       RT@SetIntl
Module: C:\Users\borov\Documents\WATCOM/lib386/nt\flib7.lib(xfamax1.c)
00402d30       IF@XAMAX1
Module: C:\Users\borov\Documents\WATCOM/lib386\math387r.lib(pow87)
00402ed5*      pow_
00402d7c       IF@DPOW
00402d7c       IF@POW
Module: C:\Users\borov\Documents\WATCOM/lib386/nt\clib3r.lib(cstrtwnt)
00402ee6       _cstart_
00402ee6*      mainCRTStartup
Module: C:\Users\borov\Documents\WATCOM/lib386/nt\clib3r.lib(_8087)
004183f4       __8087
004183f5       __real87
Module: C:\Users\borov\Documents\WATCOM/lib386/nt\emu387.lib(386)
00402f44       __init_387_emulator
00402f45*      __fini_387_emulator
Module: C:\Users\borov\Documents\WATCOM/lib386/nt\flib7.lib(initeng.c)
0041a060       __init_english
Module: C:\Users\borov\Documents\WATCOM/lib386/nt\flib7.lib(initerr.c)
0041a064       __init_error
Module: C:\Users\borov\Documents\WATCOM/lib386/nt\flib7.lib(exwrite.c)
00402fc0       DoWrite_
Module: C:\Users\borov\Documents\WATCOM/lib386/nt\flib7.lib(setiocb.c)
00402ff0       RT@SetIOCB
Module: C:\Users\borov\Documents\WATCOM/lib386/nt\flib7.lib(rdata.c)
0041a070       _IORslt
0041a080       _FmtBuff
0041a084*      _Fmt_revert
0041a088*      _Fmt_start
0041a08c*      _Fmt_paren_level
0041a090*      _Fmt_charptr
0041a094*      _FmtEmStruct
0041a098       _IOTypeRtn
0041a09c*      _Fmt_end
0041a0a0*      _Fmt_rep_spec
0041a0a4       _FmtRoutine
0041a0a8       _IOCB
0041a0ac       _Files
0041a0b0*      _Fmt_delimited
Module: C:\Users\borov\Documents\WATCOM/lib386/nt\flib7.lib(iomain.c)
00403080       __ReleaseIOSys_
004030a0       IOMain_
Module: C:\Users\borov\Documents\WATCOM/lib386/nt\clib3r.lib(crwdata)
0041843c       __osmajor
0041843d       __osminor
0041843e       __osbuild
00418440       __osver
00418444       __winmajor
00418448       __winminor
0041844c       __winver
00418408       __LpDllName
0041840c       __LpwCmdLine
00418410       __LpwPgmName
00418414       __LpwDllName
00418400       __LpCmdLine
00418404       __LpPgmName
004183f8*      __dynend
004183fc       __curbrk
00418418*      __STACKLOW
0041841c       __STACKTOP
00418420       __ASTACKSIZ
00418424       __ASTACKPTR
00418428*      __cbyte
0041842c*      __cbyte2
00418430*      __child
00418436       __Envptr
0041843a*      __Envseg
00418434       __no87
00418450       ___FPE_handler
Module: C:\Users\borov\Documents\WATCOM/lib386/nt\flib7.lib(thrdutil.c)
004032b0*      __InitMultiThreadIO_
00418458       ___SwitchStkLow
Module: C:\Users\borov\Documents\WATCOM/lib386/nt\flib7.lib(rtinit.c)
0041845c       ___FAppType
00418460       __ExceptionInit
00418464       __ExceptionFini
004032d0*      __InitFThreadData_
00403310+      RTSysFini_
00403320       RTSysInit_
0041846c       __AccessFIO
00418470       __ReleaseFIO
00418474       __PartialReleaseFIO
0041a0b8       ___FThreadDataOffset
004193b6*      ___fthread_data_size
Module: C:\Users\borov\Documents\WATCOM/lib386/nt\flib7.lib(rtsysutl.c)
00403380       GetSysIOInfo_
004033a0       GetSysFileInfo_
004033d0       IsDevice_
004035a0       OpenAction_
004035e0*      DfltRecType_
00403600+      _FileAttrs_
004036c0       CloseFile_
00403730       Scrtched_
00403750       CloseDeleteFile_
004037a0       Errf_
004037c0       FPutBuff_
00403830       FGetBuff_
00403880       SeekFile_
004038a0       NoEOF_
004038b0       SysClearEOF_
004038c0       SameFile_
004038d0*      Rewindf_
004038f0       SysCreateFile_
00403930       CheckLogicalRecord_
00403950       SkipLogicalRecord_
00403970*      BackSpacef_
004039a0*      EndFilef_
004039e0       GetIOErrMsg_
00403a20       ReportNExist_
00403a40       ReportEOF_
00403a50       WaitForEnter_
Module: C:\Users\borov\Documents\WATCOM/lib386/nt\flib7.lib(rterr.c)
00418478+      _TraceRoutine
00403a80       FlushStdUnit_
00403ad0+      WriteErr_
00403ba0       ErrHandler_
00403be0       RTErr_
00418484+      LG@ERR_HOOK
Module: C:\Users\borov\Documents\WATCOM/lib386/nt\flib7.lib(stdio.c)
00403c20       StdBuffer_
00403c40       StdWrite_
00403d20       StdFlush_
00403d50       StdWriteNL_
Module: C:\Users\borov\Documents\WATCOM/lib386/nt\flib7.lib(rtutls.c)
00403da0       FindFtnFile_
00403e90       RChkAlloc_
00403ec0       F_Connect_
00403f40       ConnectFile_
00403f50       GetFileInfo_
00404040       DiscoFile_
004040b0*      ChkFileName_
004040e0+      ChkLogFile_
00404120       ChkIOOperation_
00404160       GetIOErr_
00404170       ChkIOErr_
00404190       ChkUnitId_
004041d0*      ChkConnected_
004041f0       SetEOF_
00404220       ClearEOF_
00404260       SysEOF_
00404290       IsFixed_
004042a0       IsCarriage_
004042b0*      ChkRecordStructure_
004042e0*      ChkSequential_
00404300*      ChkExist_
00404330       StrItem_
Module: C:\Users\borov\Documents\WATCOM/lib386/nt\flib7.lib(exutil.c)
004043b0       FindKWord_
00404440*      ClrBuff_
00418890       _SpecId
Module: C:\Users\borov\Documents\WATCOM/lib386/nt\flib7.lib(ioerr.c)
00404490       IOErr_
Module: C:\Users\borov\Documents\WATCOM/lib386/nt\flib7.lib(runmain.c)
00404520*      __InitUnit6CC_
00404530       __DevicesCC_
00404540*      __InitAllowCommaSeparator_
00404550       __AllowCommaSep_
00404560+      _InitIO_
004045d0+      CloseAllFiles_
00404610*      _FiniEx_
00404610       RunExit_
00404650       RunEntry_
Module: C:\Users\borov\Documents\WATCOM/lib386/nt\flib7.lib(rdwr.c)
00404680       DoOpen_
004046b0+      _AllocBuffer_
004046f0       IOPrologue_
00404930       UpdateRecNum_
Module: C:\Users\borov\Documents\WATCOM/lib386/nt\clib3r.lib(mainwnt.c)
004188bc       ___TlsIndex
004188c0       ___FirstThreadData
004188c4       ___GetThreadPtr
004188c8       __AccessFileH
004188cc       __ReleaseFileH
004188d0       __AccessIOB
004188d4       __ReleaseIOB
004188d8       __AccessNHeap
004188dc       __AccessFHeap
004188e0       __ReleaseNHeap
00404980*      __threadid_
004049a0+      __sig_null_rtn_
004049b0+      __NTInit_
00404b90+      __NTFini_
00404bf0       __NTMainInit_
00404c50       __exit_
004188e4       __ReleaseFHeap
004188e8       __AccessTDList
004188ec       __ReleaseTDList
004188f0       __AccessFList
004188f4       __ReleaseFList
004188f8       __ThreadExitRtn
004188fc       ___sig_init_rtn
00418900       ___sig_fini_rtn
00418904       ___process_fini
0041a0c8       ___Is_DLL
Module: C:\Users\borov\Documents\WATCOM/lib386/nt\flib7.lib(spawn.c)
00404ca0       Spawn_
00404d00       Suicide_
Module: C:\Users\borov\Documents\WATCOM/lib386/nt\flib7.lib(exread.c)
00404dc0       DoRead_
Module: C:\Users\borov\Documents\WATCOM/lib386\math387r.lib(floor.c)
00404de7       floor_
Module: C:\Users\borov\Documents\WATCOM/lib386/nt\flib7.lib(rfmtexec.c)
00405760       R_FExec_
Module: C:\Users\borov\Documents\WATCOM/lib386/nt\clib3r.lib(chipvar)
00418908       ___chipbug
00418908       __chipbug
Module: C:\Users\borov\Documents\WATCOM/lib386/nt\clib3r.lib(chipt32.asm)
0040578c       __fptan_chk
Module: C:\Users\borov\Documents\WATCOM/lib386/nt\clib3r.lib(chipr32.asm)
00415ecf       __fprem_chk
00416188*      __fprem1_chk
Module: C:\Users\borov\Documents\WATCOM/lib386\math387r.lib(log87e.c)
00405840       __log87_err_
Module: C:\Users\borov\Documents\WATCOM/lib386\math387r.lib(pow87e.c)
00405875       __pow87_err_
Module: C:\Users\borov\Documents\WATCOM/lib386\math387r.lib(exp87)
00405963*      exp_
004058fc*      __@DEXP1
00405904*      IF@EXP
00405904*      IF@DEXP
00405906       __@DEXP
Module: C:\Users\borov\Documents\WATCOM/lib386/nt\clib3r.lib(chipd32.asm)
00405a87       __fdiv_fpr
00405f49*      __fdiv_chk
00405f5c*      __fdiv_m32
00405fa9*      __fdiv_m64
00405ff6*      __fdiv_m32r
00406043*      __fdiv_m64r
Module: C:\Users\borov\Documents\WATCOM/lib386/nt\clib3r.lib(main2wnt.c)
00406090       __NTMain
Module: C:\Users\borov\Documents\WATCOM/lib386/nt\clib3r.lib(segdefns)
00401003       ___begtext
00418000*      __nullarea
00419398       __Start_XI
004193e6       __End_XI
004193e6       __Start_YI
00419416       __End_YI
Module: C:\Users\borov\Documents\WATCOM/lib386/nt\clib3r.lib(chk8087.c)
00406110*      _fpreset_
00406150       __chk8087_
00406160*      __init_8087_
Module: C:\Users\borov\Documents\WATCOM/lib386/nt\flib7.lib(english.c)
004061b0       __UseEnglishCharSet_
Module: C:\Users\borov\Documents\WATCOM/lib386/nt\flib7.lib(errincl.c)
004062c0       __InitError_
0041891c+      _PGroupTable
00418920+      _PErrWord
Module: C:\Users\borov\Documents\WATCOM/lib386/nt\flib7.lib(unfmtout.c)
004063c0       UnFmtOut_
Module: C:\Users\borov\Documents\WATCOM/lib386/nt\flib7.lib(freeout.c)
00406810       FreeOut_
00418924+      _OutRtn
Module: C:\Users\borov\Documents\WATCOM/lib386/nt\flib7.lib(ioinit.c)
00406900       IOSysInit_
Module: C:\Users\borov\Documents\WATCOM/lib386/nt\flib7.lib(rttraps.c)
00406a20       __EnableF77RTExceptionHandling_
00406a30       R_TrapInit_
00406ac0       R_TrapFini_
00406ad0*      __InitExceptionVectors_
Module: C:\Users\borov\Documents\WATCOM/lib386/nt\flib7.lib(errrtns.c)
0041a6e4       ___ErrorFini
0041a6e8       ___ErrorInit
0041a6ec       ___BldErrMsg
Module: C:\Users\borov\Documents\WATCOM/lib386/nt\clib3r.lib(nodefwin.c)
0041895c*      __WindowsIsWindowedHandle
00418960*      __WindowsRemoveWindowedHandle
00418964*      __WindowsNewWindow
00418968*      __WindowsCloseWindow
0041896c*      __WindowsSetAbout
00418970*      __WindowsSetAppTitle
00418974*      __WindowsSetConTitle
00418978*      __WindowsDestroyOnClose
0041897c*      __WindowsYieldControl
00418980*      __WindowsShutDown
00418984*      __WindowsStdin
00418988       __WindowsStdout
0041898c*      __WindowsKbhit
00418990*      __WindowsGetch
00418994*      __WindowsGetche
00418998*      __WindowsPutch
00406af0*      _dwShutDown_
00406af0*      _dwYield_
00406af0*      _dwSetConTitle_
00406af0*      _dwSetAppTitle_
00406af0*      _dwSetAboutDlg_
00406af0       _dwDeleteOnClose_
0041899c*      __WindowsExitRtn
0041a6f0*      __init_default_win
Module: C:\Users\borov\Documents\WATCOM/lib386/nt\clib3r.lib(atexit.c)
00406af3       atexit_
Module: C:\Users\borov\Documents\WATCOM/lib386/nt\clib3r.lib(regdata.c)
00406b50       __RegisterThreadDataSize_
Module: C:\Users\borov\Documents\WATCOM/lib386/nt\clib3r.lib(accsswnt.c)
00406b80       access_
Module: C:\Users\borov\Documents\WATCOM/lib386/nt\clib3r.lib(fullpath.c)
00406bc0+      _sys_fullpath_
00406c40       _fullpath_
Module: C:\Users\borov\Documents\WATCOM/lib386/nt\flib7.lib(rmemmgr.c)
00406cb0       RMemAlloc_
00406cc0       RMemFree_
Module: C:\Users\borov\Documents\WATCOM/lib386/nt\clib3r.lib(fstatwnt.c)
00406cd0       fstat_
Module: C:\Users\borov\Documents\WATCOM/lib386/nt\flib7.lib(poserr.c)
00407030       Errorf_
00407050*      EOFile_
00407070       ErrorMsg_
004070b0       FSetTrunc_
004070c0       FSetSysErr_
004070e0       FSetErr_
00407100       FSetEof_
00407120       IOOk_
Module: C:\Users\borov\Documents\WATCOM/lib386/nt\clib3r.lib(statwnt.c)
00407245       stat_
Module: C:\Users\borov\Documents\WATCOM/lib386/nt\flib7.lib(posopen.c)
00407480       InitStd_
00407540       SetIOBufferSize_
00407560+      _AllocFile_
00407650       Openf_
00407740       Closef_
Module: C:\Users\borov\Documents\WATCOM/lib386/nt\flib7.lib(posdat.c)
00418b88       _FStdIn
00418b8c       _FStdOut
00418b90       _FStdErr
Module: C:\Users\borov\Documents\WATCOM/lib386/nt\flib7.lib(posflush.c)
004077c0       FlushBuffer_
Module: C:\Users\borov\Documents\WATCOM/lib386/nt\flib7.lib(posdel.c)
00407870       Scratchf_
Module: C:\Users\borov\Documents\WATCOM/lib386/nt\flib7.lib(posput.c)
00407890       FPutRec_
004078d0       ChopFile_
00407920*      PutRec_
00407a40       writebytes_
00407ac0       SysWrite_
Module: C:\Users\borov\Documents\WATCOM/lib386/nt\flib7.lib(posget.c)
00407c00       readbytes_
00407cd0       SysRead_
00408140       FGetRec_
00408170*      GetRec_
00408190       GetStdChar_
004081e0       FCheckLogical_
00408260       FSkipLogical_
00408330*      FGetVarRecLen_
Module: C:\Users\borov\Documents\WATCOM/lib386/nt\flib7.lib(posseek.c)
00408420       FSeekRec_
00408460       CurrFileOffset_
00408460       FGetFilePos_
00408480       SysSeek_
00408670*      FSeekAbs_
Module: C:\Users\borov\Documents\WATCOM/lib386/nt\clib3r.lib(stricmp.c)
00408680       stricmp_
Module: C:\Users\borov\Documents\WATCOM/lib386/nt\flib7.lib(posrew.c)
004086c0       FRewind_
Module: C:\Users\borov\Documents\WATCOM/lib386/nt\flib7.lib(posback.c)
00408730       FBackspace_
Module: C:\Users\borov\Documents\WATCOM/lib386/nt\flib7.lib(postrunc.c)
00408810       FTruncate_
Module: C:\Users\borov\Documents\WATCOM/lib386/nt\clib3r.lib(errno.c)
00408830       __get_errno_ptr_
00408840*      __get_doserrno_ptr_
Module: C:\Users\borov\Documents\WATCOM/lib386/nt\flib7.lib(errutil.c)
00408850       BldErrCode_
004088b0*      MsgFormat_
004088e0*      MsgBuffer_
00418b94+      _PGrpCodes
Module: C:\Users\borov\Documents\WATCOM/lib386/nt\clib3r.lib(enterdb.c)
00408910       __EnterWVIDEO_
00418b98       ___WD_Present
Module: C:\Users\borov\Documents\WATCOM/lib386/nt\clib3r.lib(iob.c)
00418b9c       ___iob
00418da4       __fmode
0041a778       ___OpenStreams
0041a77c       ___ClosedStreams
Module: C:\Users\borov\Documents\WATCOM/lib386/nt\clib3r.lib(setmd.c)
00408940       setmode_
Module: C:\Users\borov\Documents\WATCOM/lib386/nt\clib3r.lib(write.c)
00408c80       write_
Module: C:\Users\borov\Documents\WATCOM/lib386/nt\flib7.lib(fdutil.c)
00408ee0       LocFile_
00408ef0       LocUnit_
00408f20       ExtractInfo_
Module: C:\Users\borov\Documents\WATCOM/lib386/nt\flib7.lib(rstdio.c)
00409050       _InitStandardInput_
00409080       _InitStandardOutput_
Module: C:\Users\borov\Documents\WATCOM/lib386/nt\clib3r.lib(memset.c)
004090b0       memset_
Module: C:\Users\borov\Documents\WATCOM/lib386/nt\flib7.lib(deffname.c)
00418da8       _DefFName
Module: C:\Users\borov\Documents\WATCOM/lib386/nt\flib7.lib(stracc.c)
004090d0       TrimStr_
00409110       GetStr_
Module: C:\Users\borov\Documents\WATCOM/lib386/nt\clib3r.lib(memicmp.c)
00409140       memicmp_
Module: C:\Users\borov\Documents\WATCOM/lib386/nt\flib7.lib(blderr.c)
00409200       Substitute_
004093c0       ErrCodOrg_
Module: C:\Users\borov\Documents\WATCOM/lib386/nt\flib7.lib(sdfile.c)
00418db0*      _FFCtrlSeq
00418db2*      _SkipCtrlSeq
00418db4       _NormalCtrlSeq
00418db6       _SDTermIn
00418dba       _SDTermOut
00418dbe*      _SDPrtName
Module: C:\Users\borov\Documents\WATCOM/lib386/nt\clib3r.lib(hdlman.c)
00418dc4+      ___NHandles
00418dc8+      ___OSHandles
00418dcc+      ___FakeHandles
004093d0+      __growPOSIXHandles_
00409470       __allocPOSIXHandle_
00409530       __freePOSIXHandle_
00409550       __getOSHandle_
00409560       __setOSHandle_
004095b0+      __NTGetFakeHandle_
00409620       __initPOSIXHandles_
00409700*      __set_handles_
00409710*      _grow_handles_
Module: C:\Users\borov\Documents\WATCOM/lib386/nt\clib3r.lib(environ.c)
0041a780       ___env_mask
0041a784       _environ
0041a788       __wenviron
Module: C:\Users\borov\Documents\WATCOM/lib386/nt\clib3r.lib(getmodfn.c)
00409750       __lib_GetModuleFileNameW_
Module: C:\Users\borov\Documents\WATCOM/lib386/nt\clib3r.lib(strdup.c)
004097f0       __clib_strdup_
Module: C:\Users\borov\Documents\WATCOM/lib386/nt\clib3r.lib(istable.c)
00409830       __IsTable
Module: C:\Users\borov\Documents\WATCOM/lib386/nt\clib3r.lib(ustrdup.c)
00409931       __clib_wcsdup_
Module: C:\Users\borov\Documents\WATCOM/lib386/nt\clib3r.lib(nfree.c)
00409960       _nfree_
00409960       free_
0041a78c       ___MiniHeapFreeRover
Module: C:\Users\borov\Documents\WATCOM/lib386/nt\clib3r.lib(excptwnt.c)
0040a0d0+      ___ReportException@4
0040a520       __DefaultExceptionHandler_
0040a560+      ___ExceptionFilter
0040a770       __NewExceptionFilter_
0040a7a0       __DoneExceptionFilter_
00418dd8       ___oscode_check_func
00418ddc       ___raise_func
0041a790*      _sw
0041a794       ___ExceptionHandled
0041a795+      ___ReportInvoked
Module: C:\Users\borov\Documents\WATCOM/lib386/nt\clib3r.lib(stklmwnt.c)
0040a7e0       __init_stack_limits_
Module: C:\Users\borov\Documents\WATCOM/lib386/nt\clib3r.lib(initrtns.c)
0040a860       __InitRtns
0040a8b0       __FiniRtns
Module: C:\Users\borov\Documents\WATCOM/lib386/nt\clib3r.lib(setjmp)
0040a904       _setjmp_
0040a93d       longjmp_
Module: C:\Users\borov\Documents\WATCOM/lib386/nt\clib3r.lib(exit.c)
0040a9c5+      __null_int23_exit_
0040a9c6       exit_
0040aa16*      _exit_
00418df4+      ___int23_exit
00418df8+      ___FPE_handler_exit
Module: C:\Users\borov\Documents\WATCOM/lib386/nt\flib7.lib(unfmtin.c)
0040aa30       UnFmtIn_
0040aad0+      NextUnFmtRec_
Module: C:\Users\borov\Documents\WATCOM/lib386/nt\flib7.lib(freein.c)
0040aeb0+      GetNum_
0040b0b0       FreeIn_
0040b0c0*      DoFreeIn_
0040b0f0+      BumpComma_
0040b120+      Blanks_
0040b140+      CheckEor_
Module: C:\Users\borov\Documents\WATCOM/lib386\math387r.lib(modf87)
0040b748       modf_
Module: C:\Users\borov\Documents\WATCOM/lib386/nt\flib7.lib(wrutils.c)
0040b770       F_SendData_
0040b7d0*      SendLine_
0040b7e0       SendEOR_
0040b870*      SendInt_
0040b8a0       SendStr_
0040b8c0+      SendWSLStr_
0040b8e0       SendChar_
0040b900       Drop_
0040bac0       IOItemResult_
Module: C:\Users\borov\Documents\WATCOM/lib386/nt\flib7.lib(rfmtutil.c)
0040bb70       R_ChkType_
0040bba0       R_NewRec_
0040bbe0       R_ChkIType_
0040bc10       R_ChkFType_
0040bc40       R_ChkRecLen_
0040bc60+      GetLen_
0040bca0       R_FOStr_
0040bcb0*      FOString_
0040bd20       R_FIStr_
0040bde0       R_FOLog_
0040be30       R_FILog_
0040bf10       R_FIFloat_
0040c100       GetReal_
0040c210       R_FOF_
0040c290       R_FOE_
0040c3d0+      FmtH2B_
0040c4c0       R_FIHex_
0040c640       R_FOHex_
0040c650*      FOHex_
0040c750       R_FIInt_
0040c860       R_FOInt_
0040cac0       R_FOG_
0040cd40+      ChkBuffLen_
Module: C:\Users\borov\Documents\WATCOM/lib386/nt\flib7.lib(arrayio.c)
0040ce00       ArrayIOType_
Module: C:\Users\borov\Documents\WATCOM/lib386/nt\clib3r.lib(chipbug.c)
0040ce80       __verify_pentium_fdiv_bug_
Module: C:\Users\borov\Documents\WATCOM/lib386/nt\flib7.lib(_matherr.c)
0040cee0*      __imath2err_
0040cf20*      __amath1err_
0040cf50*      __amath2err_
0040cf80       __math2err_
0040d090       __math1err_
0040d0a0*      __zmath2err_
0040d100*      __qmath2err_
Module: C:\Users\borov\Documents\WATCOM/lib386\math387r.lib(math87e.c)
0040d166       __math87_err_
Module: C:\Users\borov\Documents\WATCOM/lib386/nt\clib3r.lib(mthrdini.c)
0040d1e0       __InitThreadData_
00418dfc       ___ThreadDataSize
Module: C:\Users\borov\Documents\WATCOM/lib386/nt\clib3r.lib(cmain386.c)
0040d210       __CMain
Module: C:\Users\borov\Documents\WATCOM/lib386/nt\clib3r.lib(dosseg)
00001234       __DOSseg__
Module: C:\Users\borov\Documents\WATCOM/lib386/nt\clib3r.lib(8087cw.c)
00418e00       __8087cw
Module: C:\Users\borov\Documents\WATCOM/lib386/nt\clib3r.lib(save8087.c)
00418e04       ___Save8087
00418e08       ___Rest8087
Module: C:\Users\borov\Documents\WATCOM/lib386/nt\clib3r.lib(init8087)
0040d254       __x87id
Module: C:\Users\borov\Documents\WATCOM/lib386/nt\flib7.lib(csetinfo.c)
0041a798       _CharSetInfo
Module: C:\Users\borov\Documents\WATCOM/lib386/nt\flib7.lib(errmsg.c)
0040d5c0       _GroupTable
0040d670       _ErrWord
Module: C:\Users\borov\Documents\WATCOM/lib386/nt\flib7.lib(unfmtutl.c)
0040dca0       _SizeVars
Module: C:\Users\borov\Documents\WATCOM/lib386/nt\flib7.lib(undefcg.c)
0040dd40       OutLogCG_
0040dd50       OutIntCG_
0040dd90+      FmtRealCG_
0040ddc0+      FmtDoubleCG_
0040ddf0+      FmtExtendedCG_
0040de20+      UndefIntCG_
0040de20+      UndefLogCG_
0040de20+      UndefExtendedCG_
0040de20+      UndefDoubleCG_
0040de20+      UndefRealCG_
0040de30+      GetRealCG_
00418e0c       _FmtRealRtn
00418e10       _FmtDoubleRtn
00418e14       _FmtExtendedRtn
00418e18       _SendStrRtn
00418e1c       _UndefRealRtn
00418e20       _UndefDoubleRtn
00418e24       _UndefExtendedRtn
00418e28       _UndefLogRtn
00418e2c       _UndefIntRtn
00418e30       _GetRealRtn
Module: C:\Users\borov\Documents\WATCOM/lib386/nt\flib7.lib(cctrl.c)
0040de40       CheckCCtrl_
Module: C:\Users\borov\Documents\WATCOM/lib386/nt\clib3r.lib(signlwnt.c)
00418e34+      __SignalTable
0040deb0+      __SetSignalFunc_
0040df00+      __GetSignalFunc_
0040df30+      __GetSignalOSCode_
0040df60+      __CheckSignalExCode_
0040e0a0+      __sigabort_
0040e0b0       __sigfpe_handler_
0040e100       signal_
0040e190+      raise_
0040e200+      __SigInit_
0040e250+      __SigFini_
0040e290+      __sig_init_
Module: C:\Users\borov\Documents\WATCOM/lib386/nt\flib7.lib(fptraps.c)
0040e370*      __MaskDefaultFPE_
0040e390       FPTrapInit_
0040e3c0       FPTrapFini_
Module: C:\Users\borov\Documents\WATCOM/lib386/nt\clib3r.lib(trdlist.c)
0040e430       __GetThreadData_
0040e480       __ReallocThreadData_
0040e570       __AddThreadData_
0040e5f0       __RemoveThreadData_
0040e650       __ResizeThreadDataList_
0040e680       __FreeThreadDataList_
0040e6b0*      __ActiveThreads_
Module: C:\Users\borov\Documents\WATCOM/lib386/nt\clib3r.lib(fgtattr.c)
0040e6d0       __fixed_GetFileAttributesA_
Module: C:\Users\borov\Documents\WATCOM/lib386/nt\clib3r.lib(dosret.c)
0040e770*      _dosretax_
0040e780*      _dosret0_
0040e790       __set_errno_dos_
0040e7c0*      __set_errno_dos_reterr_
0040e7d0       __set_errno_nt_
0040e7e0*      __set_errno_nt_reterr_
Module: C:\Users\borov\Documents\WATCOM/lib386/nt\clib3r.lib(seterrno.c)
0040e7f4       __set_errno_
0040e802*      __set_EDOM_
0040e810       __set_ERANGE_
0040e81e*      __set_EINVAL_
0040e831       __set_doserrno_
Module: C:\Users\borov\Documents\WATCOM/lib386/nt\clib3r.lib(gtcwdwnt.c)
0040e840       getcwd_
Module: C:\Users\borov\Documents\WATCOM/lib386/nt\clib3r.lib(nmalloc.c)
0040e8d0       _nmalloc_
0040e8d0       malloc_
00418fa4       ___nheapbeg
00418fa8       ___MiniHeapRover
00418fac       ___LargestSizeB4MiniHeapRover
Module: C:\Users\borov\Documents\WATCOM/lib386/nt\clib3r.lib(iomode.c)
0040e9d0       __GetIOMode_
0040e9f0       __SetIOMode_nogrow_
00418fb0       ___NFiles
00418fb4       ___init_mode
00419004       ___io_mode
Module: C:\Users\borov\Documents\WATCOM/lib386/nt\clib3r.lib(iomodtty.c)
0040ea10       __ChkTTYIOMode_
0040ea50       __IOMode_
Module: C:\Users\borov\Documents\WATCOM/lib386/nt\clib3r.lib(ntdirinf.c)
0040ea70       __MakeDOSDT_
0040eaa0*      __FromDOSDT_
0040ead0*      __GetNTDirInfo_
0040eb10*      __NTFindNextFileWithAttr_
Module: C:\Users\borov\Documents\WATCOM/lib386/nt\clib3r.lib(d2ttime.c)
0040eb70       _d2ttime_
Module: C:\Users\borov\Documents\WATCOM/lib386/nt\clib3r.lib(strerror.c)
0040ef10       strerror_
0040ef30*      _strerror_
0040f000*      _doserror_
00419008+      __sys_errlist
004190ac+      __sys_nerr
Module: C:\Users\borov\Documents\WATCOM/lib386/nt\clib3r.lib(_strcmp)
0040f030       strcmp_
Module: C:\Users\borov\Documents\WATCOM/lib386/nt\clib3r.lib(mbspbrk.c)
0040f170       _mbspbrk_
Module: C:\Users\borov\Documents\WATCOM/lib386/nt\clib3r.lib(mbsinc.c)
0040f1c0       _mbsinc_
Module: C:\Users\borov\Documents\WATCOM/lib386/nt\clib3r.lib(tolower.c)
0040f1f0       tolower_
Module: C:\Users\borov\Documents\WATCOM/lib386/nt\clib3r.lib(stiomode.c)
0040f200       __grow_iomode_
0040f2d0+      __shrink_iomode_
0040f310       __SetIOMode_
Module: C:\Users\borov\Documents\WATCOM/lib386/nt\clib3r.lib(close.c)
0040f380       close_
Module: C:\Users\borov\Documents\WATCOM/lib386/nt\clib3r.lib(openwnt.c)
0040f5a0*      open_
0040f5c0       sopen_
Module: C:\Users\borov\Documents\WATCOM/lib386/nt\clib3r.lib(lseek.c)
0040f5f0       lseek_
Module: C:\Users\borov\Documents\WATCOM/lib386/nt\flib7.lib(poscc.c)
0040f640*      __LineFeedWithFormFeed_
0040f650       FSetCC_
Module: C:\Users\borov\Documents\WATCOM/lib386/nt\clib3r.lib(unlnkwnt.c)
0040f6b0       unlink_
Module: C:\Users\borov\Documents\WATCOM/lib386/nt\clib3r.lib(chsizwnt.c)
0040f730       chsize_
Module: C:\Users\borov\Documents\WATCOM/lib386/nt\clib3r.lib(read.c)
0040f820       read_
Module: C:\Users\borov\Documents\WATCOM/lib386/nt\flib7.lib(errgrp.c)
0040f9b0       _GrpCodes
Module: C:\Users\borov\Documents\WATCOM/lib386/nt\clib3r.lib(initfile.c)
0040fa70       __InitFiles_
Module: C:\Users\borov\Documents\WATCOM/lib386/nt\clib3r.lib(ioexit.c)
0040fb70*      fcloseall_
0040fb80       __full_io_exit_
Module: C:\Users\borov\Documents\WATCOM/lib386/nt\clib3r.lib(stackwnt.c)
0040fb90       stackavail_
Module: C:\Users\borov\Documents\WATCOM/lib386/nt\clib3r.lib(stk)
0040fba1*      __CHK
0040fbb1*      __STK
0040fbd0       __STKOVERFLOW_
0040fbe0*      __GRO
0040fc00*      __alloca_probe
Module: C:\Users\borov\Documents\WATCOM/lib386/nt\clib3r.lib(getenv.c)
0040fc20       getenv_
Module: C:\Users\borov\Documents\WATCOM/lib386/nt\clib3r.lib(ltoa.c)
0040fcb0       ultoa_
0040fd00       ltoa_
Module: C:\Users\borov\Documents\WATCOM/lib386/nt\clib3r.lib(__stos)
0040fd30       __STOSB
0040fd67*      __STOSD
Module: C:\Users\borov\Documents\WATCOM/lib386/nt\clib3r.lib(memmove.c)
0040fde0       memmove_
Module: C:\Users\borov\Documents\WATCOM/lib386/nt\clib3r.lib(itoa.c)
0040fe40       utoa_
0040fe90       itoa_
Module: C:\Users\borov\Documents\WATCOM/lib386/nt\clib3r.lib(nrealloc.c)
0040fec0*      _nrealloc_
0040fec0       realloc_
Module: C:\Users\borov\Documents\WATCOM/lib386/nt\clib3r.lib(setenvp.c)
0040ff40       __setenvp_
00410000       __freeenvp_
Module: C:\Users\borov\Documents\WATCOM/lib386/nt\clib3r.lib(ustrlen.c)
0041004d       wcslen_
Module: C:\Users\borov\Documents\WATCOM/lib386/nt\clib3r.lib(memcpy.c)
00410060       memcpy_
Module: C:\Users\borov\Documents\WATCOM/lib386/nt\clib3r.lib(mem.c)
00410080       __MemAllocator
00410130       __MemFree
Module: C:\Users\borov\Documents\WATCOM/lib386/nt\clib3r.lib(conutwnt.c)
00410280*      __NTRealKey_
00410330*      __NTConsoleInput_
00410340       __NTConsoleOutput_
Module: C:\Users\borov\Documents\WATCOM/lib386/nt\clib3r.lib(fclex387.c)
00410350       _ClearFPE_
Module: C:\Users\borov\Documents\WATCOM/lib386/nt\clib3r.lib(ljmphdl.c)
004190d0       ___longjmp_handler
Module: C:\Users\borov\Documents\WATCOM/lib386/nt\flib7.lib(rdutils.c)
00410370       NextRec_
Module: C:\Users\borov\Documents\WATCOM/lib386/nt\clib3r.lib(toupper.c)
00410480       toupper_
Module: C:\Users\borov\Documents\WATCOM/lib386/nt\flib7.lib(chrutils.c)
00410490       JmpBlanks_
Module: C:\Users\borov\Documents\WATCOM/lib386/nt\flib7.lib(fmtcnvt.c)
004104b0       FmtS2I_
004105e0       FmtS2F_
Module: C:\Users\borov\Documents\WATCOM/lib386/nt\flib7.lib(ifile.c)
004109b0       SendIFBuff_
004109e0       NextIFBuff_
Module: C:\Users\borov\Documents\WATCOM/lib386/nt\flib7.lib(rfmtlog.c)
00410a20       R_FmtLog_
Module: C:\Users\borov\Documents\WATCOM/lib386/nt\flib7.lib(fmtrtns.c)
00410a50       R_F2E_
00410bc0       R_F2F_
00410d50       SetMaxPrec_
Module: C:\Users\borov\Documents\WATCOM/lib386/nt\flib7.lib(flt86.c)
00410d60       _P1d100
00410d68       _P1d_99
Module: C:\Users\borov\Documents\WATCOM/lib386/nt\flib7.lib(hexcnv.c)
00410d80       Hex_
00410da0*      HSToB_
00410e10       BToHS_
Module: C:\Users\borov\Documents\WATCOM/lib386/nt\clib3r.lib(strupr.c)
00410e60       strupr_
Module: C:\Users\borov\Documents\WATCOM/lib386/nt\clib3r.lib(cinit.c)
00410e80       __CommonInit_
Module: C:\Users\borov\Documents\WATCOM/lib386/nt\clib3r.lib(___argc.c)
0041a8b8       ____Argc
0041a8bc       ____Argv
Module: C:\Users\borov\Documents\WATCOM/lib386/nt\flib7.lib(rtmain.c)
00410e90       main_
Module: C:\Users\borov\Documents\WATCOM/lib386/nt\flib7.lib(expchk.c)
00410eb0       ToFFormat_
Module: C:\Users\borov\Documents\WATCOM/lib386/nt\clib3r.lib(abort.c)
00410f0d*      abort_
00410f1f       __terminate_
004190d4       ___abort
Module: C:\Users\borov\Documents\WATCOM/lib386/nt\clib3r.lib(cntrl87.c)
00410f40       _control87_
Module: C:\Users\borov\Documents\WATCOM/lib386/nt\clib3r.lib(mthread.c)
00411120+      __CloseSemaphore_
00411160+      __AccessIOB_
00411170+      __ReleaseIOB_
00411180+      __AccessFileH_
00411190+      __ReleaseFileH_
004111a0+      __AccessNHeap_
004111b0+      __ReleaseNHeap_
004111c0+      __AccessFHeap_
004111d0+      __ReleaseFHeap_
004111e0+      __AccessTDList_
004111f0+      __ReleaseTDList_
00411200+      __AccessFList_
00411210+      __AccessSemaphore_
00411270+      __ReleaseFList_
00411280+      __ReleaseSemaphore_
004112b0+      __MultipleThread_
00411300+      __AllocInitThreadData_
00411350*      __FreeInitThreadData_
00411360       __NTThreadInit_
004113d0       __NTAddThread_
00411420       __NTRemoveThread_
004114b0       __InitMultipleThread_
004190d8+      ___AccessSema4
004190dc+      ___ReleaseSema4
004190e0+      ___CloseSema4
Module: C:\Users\borov\Documents\WATCOM/lib386/nt\clib3r.lib(xmsgwnt.c)
00411670+      __exit_with_msg_
004116d0       __fatal_runtime_error_
Module: C:\Users\borov\Documents\WATCOM/lib386/nt\clib3r.lib(calloc.c)
004116f0       calloc_
Module: C:\Users\borov\Documents\WATCOM/lib386/nt\clib3r.lib(register.c)
00411720       __initthread_
00411730*      _beginthread_
00411740       _endthread_
00411750*      __RegisterThreadData_
Module: C:\Users\borov\Documents\WATCOM/lib386/nt\clib3r.lib(nmemneed.c)
004117a0       __nmemneed_
Module: C:\Users\borov\Documents\WATCOM/lib386/nt\clib3r.lib(grownear.c)
00411910       __ExpandDGROUP_
Module: C:\Users\borov\Documents\WATCOM/lib386/nt\clib3r.lib(isattwnt.c)
00411930       isatty_
Module: C:\Users\borov\Documents\WATCOM/lib386/nt\clib3r.lib(strncpy.c)
00411950       strncpy_
Module: C:\Users\borov\Documents\WATCOM/lib386/nt\clib3r.lib(mktime.c)
00411990       mktime_
Module: C:\Users\borov\Documents\WATCOM/lib386/nt\clib3r.lib(mbterm.c)
00411a20       _mbterm_
Module: C:\Users\borov\Documents\WATCOM/lib386/nt\clib3r.lib(mbsnextc.c)
00411a60       _mbsnextc_
Module: C:\Users\borov\Documents\WATCOM/lib386/nt\clib3r.lib(mbschr.c)
00411aa0       _mbschr_
Module: C:\Users\borov\Documents\WATCOM/lib386/nt\clib3r.lib(mbisdbcs.c)
0041b02c       ___IsDBCS
Module: C:\Users\borov\Documents\WATCOM/lib386/nt\clib3r.lib(mbislead.c)
00411b00*      _ismbblead_
0041b030       ___MBCSIsTable
Module: C:\Users\borov\Documents\WATCOM/lib386/nt\clib3r.lib(_clsewnt.c)
00411b20       __close_
Module: C:\Users\borov\Documents\WATCOM/lib386/nt\clib3r.lib(ntfio.c)
00411b80*      __GetNTCreateAttr_
00411bc0       __GetNTAccessAttr_
00411bf0       __GetNTShareAttr_
Module: C:\Users\borov\Documents\WATCOM/lib386/nt\clib3r.lib(umaskval.c)
004190f0       ___umaskval
Module: C:\Users\borov\Documents\WATCOM/lib386/nt\clib3r.lib(__lseek.c)
00411c50       __lseek_
Module: C:\Users\borov\Documents\WATCOM/lib386/nt\clib3r.lib(fclose.c)
00411c90+      __doclose_
00411d30       __shutdown_stream_
00411d50*      fclose_
0041b134+      ___RmTmpFileFn
Module: C:\Users\borov\Documents\WATCOM/lib386/nt\clib3r.lib(freefp.c)
00411da0       __freefp_
00411df0       __purgefp_
Module: C:\Users\borov\Documents\WATCOM/lib386/nt\clib3r.lib(mbcupper.c)
00411e20       _mbctoupper_
Module: C:\Users\borov\Documents\WATCOM/lib386/nt\clib3r.lib(alphabet.c)
00418224       ___Alphabet
Module: C:\Users\borov\Documents\WATCOM/lib386/nt\clib3r.lib(nmsize.c)
00411e50       _nmsize_
00411e50*      _msize_
Module: C:\Users\borov\Documents\WATCOM/lib386/nt\clib3r.lib(nexpand.c)
00411e60       _nexpand_
00411e60*      _expand_
00411ea0+      __HeapManager_expand_
Module: C:\Users\borov\Documents\WATCOM/lib386/nt\clib3r.lib(dofilstr.c)
00412080       __ParsePosixHandleStr_
Module: C:\Users\borov\Documents\WATCOM/lib386/nt\clib3r.lib(clearenv.c)
004121a0       clearenv_
Module: C:\Users\borov\Documents\WATCOM/lib386/nt\flib7.lib(intarith.c)
00412230       AddIOFlo_
00412240*      SubIOFlo_
00412250       MulIOFlo_
Module: C:\Users\borov\Documents\WATCOM/lib386\math387r.lib(strtod.c)
00412773+      __Strtold_
004128da       strtod_
Module: C:\Users\borov\Documents\WATCOM/lib386\math387r.lib(ldcvt.c)
00412afd       _LDScale10x_
004130a4       __LDcvt_
Module: C:\Users\borov\Documents\WATCOM/lib386/nt\clib3r.lib(argcv.c)
0041b138       __argc
0041b13c       __argv
0041b140       ___argv
0041b144       ___argc
Module: C:\Users\borov\Documents\WATCOM/lib386/nt\clib3r.lib(trdalloc.c)
00413500       __FiniThreadProcessing_
Module: C:\Users\borov\Documents\WATCOM/lib386/nt\clib3r.lib(nheapmin.c)
00413510       _nheapshrink_
00413510*      _nheapmin_
00413510*      _heapmin_
00413510       _heapshrink_
Module: C:\Users\borov\Documents\WATCOM/lib386/nt\clib3r.lib(thredwnt.c)
004136b0       __CBeginThread_
00413750       __CEndThread_
Module: C:\Users\borov\Documents\WATCOM/lib386/nt\clib3r.lib(amblksiz.c)
0041919c       __amblksiz
Module: C:\Users\borov\Documents\WATCOM/lib386/nt\clib3r.lib(heapen.c)
00413790*      _heapenable_
004191a0       ___heap_enabled
Module: C:\Users\borov\Documents\WATCOM/lib386/nt\clib3r.lib(locmktim.c)
004137c0       __local_mktime_
Module: C:\Users\borov\Documents\WATCOM/lib386/nt\clib3r.lib(gmtime.c)
00413940       __brktime_
00413a40+      _gmtime_
00413a60*      gmtime_
Module: C:\Users\borov\Documents\WATCOM/lib386/nt\clib3r.lib(tzset.c)
004191a4       ___start_dst
004191c8       ___end_dst
004192f0*      _tzname
004192f8       _timezone
004192fc       _daylight
00419300       ___dst_adjust
00413ad0*      __DontCacheOSTZ_
00413ae0*      __CacheOSTZ_
00413fc0+      __parse_tz_
004143b0       tzset_
Module: C:\Users\borov\Documents\WATCOM/lib386/nt\clib3r.lib(timeutil.c)
00414520       __isindst_
Module: C:\Users\borov\Documents\WATCOM/lib386/nt\clib3r.lib(mbconv.c)
00414850       _mbvtop_
Module: C:\Users\borov\Documents\WATCOM/lib386/nt\clib3r.lib(mbclen.c)
00414870       _mbclen_
Module: C:\Users\borov\Documents\WATCOM/lib386/nt\clib3r.lib(mbccmp.c)
004148a0       _mbccmp_
Module: C:\Users\borov\Documents\WATCOM/lib386/nt\clib3r.lib(mbinit.c)
00414915       __mbinit_
00419308       ___MBCodePage
Module: C:\Users\borov\Documents\WATCOM/lib386/nt\clib3r.lib(flush.c)
00414a10       __flush_
Module: C:\Users\borov\Documents\WATCOM/lib386/nt\clib3r.lib(strtol.c)
00414d30*      strtoul_
00414d40       strtol_
Module: C:\Users\borov\Documents\WATCOM/lib386/nt\clib3r.lib(putenv.c)
00414d50       putenv_
00414fe0       __putenv_
Module: C:\Users\borov\Documents\WATCOM/lib386\math387r.lib(bufld386)
0041514c       __ZBuf2LD
Module: C:\Users\borov\Documents\WATCOM/lib386\math387r.lib(inf_nan.c)
004151ef*      ___f_infinity
004151f3*      ___f_posqnan
004151f7       ___d_infinity
004151ff       ___d_posqnan
00415207*      ___ld_infinity
0041520f*      ___ld_posqnan
Module: C:\Users\borov\Documents\WATCOM/lib386/nt\clib3r.lib(hugeval.c)
00415220       __HugeValue
Module: C:\Users\borov\Documents\WATCOM/lib386\math387r.lib(ldclass.c)
00415228       __LDClass_
00415278*      _FLClass_
Module: C:\Users\borov\Documents\WATCOM/lib386/nt\clib3r.lib(initargv.c)
00415290       __Init_Argv_
004152e0+      _getargv_
00415480       __Fini_Argv_
Module: C:\Users\borov\Documents\WATCOM/lib386/nt\clib3r.lib(leapyear.c)
00415490       __leapyear_
0041824c       ___diyr
00418266       ___dilyr
Module: C:\Users\borov\Documents\WATCOM/lib386/nt\clib3r.lib(wcstombs.c)
004154d0       wcstombs_
Module: C:\Users\borov\Documents\WATCOM/lib386/nt\clib3r.lib(fsync.c)
00415570       fsync_
Module: C:\Users\borov\Documents\WATCOM/lib386/nt\clib3r.lib(qwrit.c)
004155c0       __qwrite_
Module: C:\Users\borov\Documents\WATCOM/lib386/nt\clib3r.lib(mbslen.c)
004156a0       _mbslen_
Module: C:\Users\borov\Documents\WATCOM/lib386/nt\clib3r.lib(mbstowcs.c)
004156d0       mbstowcs_
Module: C:\Users\borov\Documents\WATCOM/lib386/nt\clib3r.lib(uputenv.c)
00415750*      _wputenv_
00415970       __wputenv_
Module: C:\Users\borov\Documents\WATCOM/lib386/nt\clib3r.lib(histsplt.c)
0041b14c       ___historical_splitparms
Module: C:\Users\borov\Documents\WATCOM/lib386/nt\clib3r.lib(wctomb.c)
00415a70       wctomb_
Module: C:\Users\borov\Documents\WATCOM/lib386/nt\clib3r.lib(mbtowc.c)
00415ab0       mbtowc_
Module: C:\Users\borov\Documents\WATCOM/lib386/nt\clib3r.lib(ustrchr.c)
00415b40       wcschr_
Module: C:\Users\borov\Documents\WATCOM/lib386/nt\clib3r.lib(setenvar.c)
00415b60       __lib_SetEnvironmentVariableW_
Module: C:\Users\borov\Documents\WATCOM/lib386/nt\clib3r.lib(crtwenv.c)
00415c50       __create_wide_environment_
Module: C:\Users\borov\Documents\WATCOM/lib386/nt\clib3r.lib(utoupper.c)
00415cb8       towupper_


                        +----------------------+
                        |   Imported Symbols   |
                        +----------------------+

Symbol                              Module
======                              ======

_MessageBoxA@16                     USER32.DLL
_GetEnvironmentStringsA@0           KERNEL32.DLL
_GetVersion@0                       KERNEL32.DLL
_GetModuleFileNameA@12              KERNEL32.DLL
_GetCommandLineA@0                  KERNEL32.DLL
_GetCommandLineW@0                  KERNEL32.DLL
_FreeEnvironmentStringsA@4          KERNEL32.DLL
_GetModuleHandleA@4                 KERNEL32.DLL
_ExitProcess@4                      KERNEL32.DLL
_RtlUnwind@16                       KERNEL32.DLL
_GetFullPathNameA@16                KERNEL32.DLL
_GetFileType@4                      KERNEL32.DLL
_GetFileInformationByHandle@8       KERNEL32.DLL
_GetFileTime@16                     KERNEL32.DLL
_GetFileSize@8                      KERNEL32.DLL
_CreateFileA@28                     KERNEL32.DLL
_CloseHandle@4                      KERNEL32.DLL
_GetLastError@0                     KERNEL32.DLL
_GetDriveTypeA@4                    KERNEL32.DLL
_FindFirstFileA@8                   KERNEL32.DLL
_FindClose@4                        KERNEL32.DLL
_SetFilePointer@16                  KERNEL32.DLL
_WriteFile@20                       KERNEL32.DLL
_SetStdHandle@8                     KERNEL32.DLL
_CreateEventA@16                    KERNEL32.DLL
_GetStdHandle@4                     KERNEL32.DLL
_GetModuleFileNameW@12              KERNEL32.DLL
_MultiByteToWideChar@24             KERNEL32.DLL
_LoadLibraryA@4                     KERNEL32.DLL
_GetProcAddress@8                   KERNEL32.DLL
_SetUnhandledExceptionFilter@4      KERNEL32.DLL
_UnhandledExceptionFilter@4         KERNEL32.DLL
_VirtualQuery@12                    KERNEL32.DLL
_GetCurrentThreadId@0               KERNEL32.DLL
_SetConsoleCtrlHandler@8            KERNEL32.DLL
_TlsGetValue@4                      KERNEL32.DLL
_TlsSetValue@8                      KERNEL32.DLL
_GetFileAttributesA@4               KERNEL32.DLL
_GetCurrentDirectoryA@8             KERNEL32.DLL
_FileTimeToLocalFileTime@8          KERNEL32.DLL
_FileTimeToDosDateTime@12           KERNEL32.DLL
_DosDateTimeToFileTime@12           KERNEL32.DLL
_LocalFileTimeToFileTime@8          KERNEL32.DLL
_FindNextFileA@8                    KERNEL32.DLL
_FormatMessageA@28                  KERNEL32.DLL
_DeleteFileA@4                      KERNEL32.DLL
_SetEndOfFile@4                     KERNEL32.DLL
_ReadFile@20                        KERNEL32.DLL
_InitializeCriticalSection@4        KERNEL32.DLL
_DeleteCriticalSection@4            KERNEL32.DLL
_LeaveCriticalSection@4             KERNEL32.DLL
_EnterCriticalSection@4             KERNEL32.DLL
_SetLastError@4                     KERNEL32.DLL
_TlsAlloc@0                         KERNEL32.DLL
_TlsFree@4                          KERNEL32.DLL
_VirtualAlloc@16                    KERNEL32.DLL
_CharUpperA@4                       USER32.DLL
_VirtualFree@12                     KERNEL32.DLL
_CreateThread@24                    KERNEL32.DLL
_ResumeThread@4                     KERNEL32.DLL
_ExitThread@4                       KERNEL32.DLL
_GetTimeZoneInformation@4           KERNEL32.DLL
_GetACP@0                           KERNEL32.DLL
_GetOEMCP@0                         KERNEL32.DLL
_GetCPInfo@8                        KERNEL32.DLL
_SetEnvironmentVariableA@8          KERNEL32.DLL
_FlushFileBuffers@4                 KERNEL32.DLL
_WideCharToMultiByte@32             KERNEL32.DLL
_SetEnvironmentVariableW@8          KERNEL32.DLL


                        +--------------------+
                        |   Libraries Used   |
                        +--------------------+

C:\Users\borov\Documents\WATCOM/lib386/nt\kernel32.lib
C:\Users\borov\Documents\WATCOM/lib386/nt\user32.lib
C:\Users\borov\Documents\WATCOM/lib386/nt\flib7.lib
C:\Users\borov\Documents\WATCOM/lib386\math387r.lib
C:\Users\borov\Documents\WATCOM/lib386/nt\clib3r.lib
C:\Users\borov\Documents\WATCOM/lib386/nt\emu387.lib


                        +-----------------------+
                        |   Linker Statistics   |
                        +-----------------------+

Stack size:  00010000 (65536.)
Memory size:  00028cc4 (167108.)
Entry point address: 00402ee6
Link time: 00:00.81
