Open Watcom Linker Version 1.9
Portions Copyright (c) 1985-2002 Sybase, Inc. All Rights Reserved.
Created on:       25/02/13 09:39:04
Executable Image: testproj.exe
creating a Windows NT character-mode executable


                        +------------+
                        |   Groups   |
                        +------------+

Group                           Address              Size
=====                           =======              ====

.idata                          00413000             00000786
DGROUP                          00414000             000130f0



                        +--------------+
                        |   Segments   |
                        +--------------+

Segment                Class          Group          Address         Size
=======                =====          =====          =======         ====

BEGTEXT                CODE           AUTO           00401000        00000007
_TEXT                  CODE           AUTO           00401010        000117a8
TRANSFER CODE          CODE           AUTO           004127b8        0000019e
.idata                 .idata         .idata         00413000        00000786
_NULL                  BEGDATA        DGROUP         00414000        00000004
_AFTERNULL             BEGDATA        DGROUP         00414004        00000000
CONST                  DATA           DGROUP         00414010        000000c8
_DATA                  DATA           DGROUP         004140e0        00000fb8
CONST2                 DATA           DGROUP         00415098        00000000
XIB                    DATA           DGROUP         00415098        00000000
XI                     DATA           DGROUP         00415098        0000004e
XIE                    DATA           DGROUP         004150e6        00000000
YIB                    DATA           DGROUP         004150e6        00000000
YI                     DATA           DGROUP         004150e6        00000030
YIE                    DATA           DGROUP         00415116        00000000
TIB                    DATA           DGROUP         00415116        00000000
TI                     DATA           DGROUP         00415116        00000000
TIE                    DATA           DGROUP         00415116        00000000
DATA                   DATA           DGROUP         00415116        00000000
DATA32                 DATA           DGROUP         00415118        0000011c
CONST32                CONST          DGROUP         00416000        00000000
_BSS                   BSS            DGROUP         00416000        000010e8
BSS32                  BSS            DGROUP         004170e8        00000000
STACK                  STACK          DGROUP         004170f0        00010000


                        +----------------+
                        |   Memory Map   |
                        +----------------+

* = unreferenced symbol
+ = symbol only referenced locally

Address        Symbol
=======        ======

Module: test.obj(C:\Users\borov\source\repos\nstu\Numerical_computations\lab_test\test.for)
00401010       FMAIN
00401036+      FUNC
Module: C:\Users\borov\Documents\WATCOM/lib386/nt\flib7.lib(pause.c)
004010a0       RT@Pause
004140f8*      LG@PAUSE_HOOK
Module: C:\Users\borov\Documents\WATCOM/lib386/nt\flib7.lib(cowrite)
004010e4       RT@IOWrite
004010f3*      RT@OutLOG1
00401105*      RT@OutLOG4
00401113*      RT@OutINT1
00401125*      RT@OutINT2
00401135*      RT@OutINT4
00401144*      RT@OutREAL
00401154*      RT@OutDBLE
00401164*      RT@OutXTND
00401174*      RT@OutCPLX
0040118a*      RT@OutDBCX
004011a0*      RT@OutXTCX
004011b6       RT@OutCHAR
004011bb*      RT@OutSTR
004011c0*      RT@PrtArr
004011c5*      RT@PrtChArr
Module: C:\Users\borov\Documents\WATCOM/lib386/nt\flib7.lib(cortns)
004140fc*      _FRT_SaveESP
004011d5*      SwitchToGen
004011f3       SwitchToRT
00401211       RdWrCommon
004012b5       IOType_
004012d3       IOChar
004012ee       IOStr
00401303       IOArr
0040131e       IOChArr
00401340       RT@EndIO
Module: C:\Users\borov\Documents\WATCOM/lib386/nt\clib3r.lib(cstrtwnt)
0040134a       _cstart_
0040134a*      mainCRTStartup
Module: C:\Users\borov\Documents\WATCOM/lib386/nt\emu387.lib(386)
004013a8       __init_387_emulator
004013a9*      __fini_387_emulator
Module: C:\Users\borov\Documents\WATCOM/lib386/nt\flib7.lib(initeng.c)
00416000       __init_english
Module: C:\Users\borov\Documents\WATCOM/lib386/nt\flib7.lib(initerr.c)
00416004       __init_error
Module: C:\Users\borov\Documents\WATCOM/lib386/nt\flib7.lib(rtinit.c)
0041411c       ___FAppType
00414120       __ExceptionInit
00414124       __ExceptionFini
004013c0*      __InitFThreadData_
00401400+      RTSysFini_
00401410       RTSysInit_
0041412c       __AccessFIO
00414130       __ReleaseFIO
00414134       __PartialReleaseFIO
00416008       ___FThreadDataOffset
004150b0*      ___fthread_data_size
Module: C:\Users\borov\Documents\WATCOM/lib386/nt\flib7.lib(rtsysutl.c)
00401470       GetSysIOInfo_
00401490       GetSysFileInfo_
004014c0*      IsDevice_
00401690       OpenAction_
004016d0*      DfltRecType_
004016f0+      _FileAttrs_
004017b0       CloseFile_
00401820       Scrtched_
00401840*      CloseDeleteFile_
00401890       Errf_
004018b0       FPutBuff_
00401920       FGetBuff_
00401970       SeekFile_
00401990       NoEOF_
004019a0       SysClearEOF_
004019b0*      SameFile_
004019c0*      Rewindf_
004019e0*      SysCreateFile_
00401a20*      CheckLogicalRecord_
00401a40       SkipLogicalRecord_
00401a60*      BackSpacef_
00401a90*      EndFilef_
00401ad0       GetIOErrMsg_
00401b10       ReportNExist_
00401b30       ReportEOF_
00401b40       WaitForEnter_
Module: C:\Users\borov\Documents\WATCOM/lib386/nt\flib7.lib(rterr.c)
00414138+      _TraceRoutine
00401b70       FlushStdUnit_
00401bc0+      WriteErr_
00401c90       ErrHandler_
00401cd0       RTErr_
00414144+      LG@ERR_HOOK
Module: C:\Users\borov\Documents\WATCOM/lib386/nt\flib7.lib(stdio.c)
00401d10       StdBuffer_
00401d30       StdWrite_
00401e10       StdFlush_
00401e40       StdWriteNL_
Module: C:\Users\borov\Documents\WATCOM/lib386/nt\flib7.lib(exwrite.c)
00401ee0       DoWrite_
Module: C:\Users\borov\Documents\WATCOM/lib386/nt\flib7.lib(setiocb.c)
00401f10       RT@SetIOCB
Module: C:\Users\borov\Documents\WATCOM/lib386/nt\flib7.lib(rdata.c)
00416010       _IORslt
00416020       _FmtBuff
00416024*      _Fmt_revert
00416028*      _Fmt_start
0041602c*      _Fmt_paren_level
00416030*      _Fmt_charptr
00416034*      _FmtEmStruct
00416038       _IOTypeRtn
0041603c*      _Fmt_end
00416040*      _Fmt_rep_spec
00416044       _FmtRoutine
00416048       _IOCB
0041604c       _Files
00416050*      _Fmt_delimited
Module: C:\Users\borov\Documents\WATCOM/lib386/nt\flib7.lib(iomain.c)
00401fa0       __ReleaseIOSys_
00401fc0       IOMain_
Module: C:\Users\borov\Documents\WATCOM/lib386/nt\clib3r.lib(crwdata)
00414594       __osmajor
00414595       __osminor
00414596       __osbuild
00414598       __osver
0041459c       __winmajor
004145a0       __winminor
004145a4       __winver
00414560       __LpDllName
00414564       __LpwCmdLine
00414568       __LpwPgmName
0041456c       __LpwDllName
00414558       __LpCmdLine
0041455c       __LpPgmName
00414550*      __dynend
00414554       __curbrk
00414570*      __STACKLOW
00414574       __STACKTOP
00414578       __ASTACKSIZ
0041457c       __ASTACKPTR
00414580*      __cbyte
00414584*      __cbyte2
00414588*      __child
0041458e       __Envptr
00414592*      __Envseg
0041458c       __no87
004145a8       ___FPE_handler
Module: C:\Users\borov\Documents\WATCOM/lib386/nt\flib7.lib(thrdutil.c)
004021d0*      __InitMultiThreadIO_
004145b0       ___SwitchStkLow
Module: C:\Users\borov\Documents\WATCOM/lib386/nt\clib3r.lib(main2wnt.c)
004021e0       __NTMain
Module: C:\Users\borov\Documents\WATCOM/lib386/nt\clib3r.lib(segdefns)
00401003       ___begtext
00414000*      __nullarea
00415098       __Start_XI
004150e6       __End_XI
004150e6       __Start_YI
00415116       __End_YI
Module: C:\Users\borov\Documents\WATCOM/lib386/nt\flib7.lib(english.c)
00402270       __UseEnglishCharSet_
Module: C:\Users\borov\Documents\WATCOM/lib386/nt\flib7.lib(errincl.c)
00402380       __InitError_
004145b4+      _PGroupTable
004145b8+      _PErrWord
Module: C:\Users\borov\Documents\WATCOM/lib386/nt\flib7.lib(rttraps.c)
00402490       __EnableF77RTExceptionHandling_
004024a0       R_TrapInit_
00402530       R_TrapFini_
00402540*      __InitExceptionVectors_
Module: C:\Users\borov\Documents\WATCOM/lib386/nt\clib3r.lib(mainwnt.c)
004145bc       ___TlsIndex
004145c0       ___FirstThreadData
004145c4       ___GetThreadPtr
004145c8       __AccessFileH
004145cc       __ReleaseFileH
004145d0       __AccessIOB
004145d4       __ReleaseIOB
004145d8       __AccessNHeap
004145dc       __AccessFHeap
004145e0       __ReleaseNHeap
00402570*      __threadid_
00402590+      __sig_null_rtn_
004025a0+      __NTInit_
00402780+      __NTFini_
004027e0       __NTMainInit_
00402840       __exit_
004145e4       __ReleaseFHeap
004145e8       __AccessTDList
004145ec       __ReleaseTDList
004145f0       __AccessFList
004145f4       __ReleaseFList
004145f8       __ThreadExitRtn
004145fc       ___sig_init_rtn
00414600       ___sig_fini_rtn
00414604       ___process_fini
00416060       ___Is_DLL
Module: C:\Users\borov\Documents\WATCOM/lib386/nt\flib7.lib(errrtns.c)
0041667c       ___ErrorFini
00416680       ___ErrorInit
00416684       ___BldErrMsg
Module: C:\Users\borov\Documents\WATCOM/lib386/nt\clib3r.lib(nodefwin.c)
00414608*      __WindowsIsWindowedHandle
0041460c*      __WindowsRemoveWindowedHandle
00414610*      __WindowsNewWindow
00414614*      __WindowsCloseWindow
00414618*      __WindowsSetAbout
0041461c*      __WindowsSetAppTitle
00414620*      __WindowsSetConTitle
00414624*      __WindowsDestroyOnClose
00414628*      __WindowsYieldControl
0041462c*      __WindowsShutDown
00414630*      __WindowsStdin
00414634       __WindowsStdout
00414638*      __WindowsKbhit
0041463c*      __WindowsGetch
00414640*      __WindowsGetche
00414644*      __WindowsPutch
00402890*      _dwShutDown_
00402890*      _dwYield_
00402890*      _dwSetConTitle_
00402890*      _dwSetAppTitle_
00402890*      _dwSetAboutDlg_
00402890       _dwDeleteOnClose_
00414648*      __WindowsExitRtn
00416688*      __init_default_win
Module: C:\Users\borov\Documents\WATCOM/lib386/nt\clib3r.lib(atexit.c)
00402893       atexit_
Module: C:\Users\borov\Documents\WATCOM/lib386/nt\clib3r.lib(regdata.c)
004028f0       __RegisterThreadDataSize_
Module: C:\Users\borov\Documents\WATCOM/lib386/nt\clib3r.lib(accsswnt.c)
00402920       access_
Module: C:\Users\borov\Documents\WATCOM/lib386/nt\clib3r.lib(fullpath.c)
00402960+      _sys_fullpath_
004029e0       _fullpath_
Module: C:\Users\borov\Documents\WATCOM/lib386/nt\flib7.lib(rmemmgr.c)
00402a50       RMemAlloc_
00402a60       RMemFree_
Module: C:\Users\borov\Documents\WATCOM/lib386/nt\clib3r.lib(fstatwnt.c)
00402a70       fstat_
Module: C:\Users\borov\Documents\WATCOM/lib386/nt\flib7.lib(poserr.c)
00402dd0       Errorf_
00402df0*      EOFile_
00402e10       ErrorMsg_
00402e50       FSetTrunc_
00402e60       FSetSysErr_
00402e80       FSetErr_
00402ea0       FSetEof_
00402ec0       IOOk_
Module: C:\Users\borov\Documents\WATCOM/lib386/nt\flib7.lib(ioerr.c)
00402f10       IOErr_
Module: C:\Users\borov\Documents\WATCOM/lib386/nt\clib3r.lib(statwnt.c)
004030a7       stat_
Module: C:\Users\borov\Documents\WATCOM/lib386/nt\flib7.lib(posopen.c)
004032e0       InitStd_
004033a0       SetIOBufferSize_
004033c0+      _AllocFile_
004034b0       Openf_
004035a0       Closef_
Module: C:\Users\borov\Documents\WATCOM/lib386/nt\flib7.lib(posdat.c)
00414834       _FStdIn
00414838       _FStdOut
0041483c       _FStdErr
Module: C:\Users\borov\Documents\WATCOM/lib386/nt\flib7.lib(posflush.c)
00403620       FlushBuffer_
Module: C:\Users\borov\Documents\WATCOM/lib386/nt\flib7.lib(rtutls.c)
004036f0       FindFtnFile_
004037e0       RChkAlloc_
00403810       F_Connect_
00403890       ConnectFile_
004038a0*      GetFileInfo_
00403990       DiscoFile_
00403a00*      ChkFileName_
00403a30+      ChkLogFile_
00403a70       ChkIOOperation_
00403ab0       GetIOErr_
00403ac0       ChkIOErr_
00403ae0       ChkUnitId_
00403b20*      ChkConnected_
00403b40       SetEOF_
00403b70       ClearEOF_
00403bb0       SysEOF_
00403be0       IsFixed_
00403bf0       IsCarriage_
00403c00*      ChkRecordStructure_
00403c30*      ChkSequential_
00403c50*      ChkExist_
00403c80*      StrItem_
Module: C:\Users\borov\Documents\WATCOM/lib386/nt\flib7.lib(posdel.c)
00403cb0       Scratchf_
Module: C:\Users\borov\Documents\WATCOM/lib386/nt\flib7.lib(posput.c)
00403cd0       FPutRec_
00403d10       ChopFile_
00403d60*      PutRec_
00403e80       writebytes_
00403f00       SysWrite_
Module: C:\Users\borov\Documents\WATCOM/lib386/nt\flib7.lib(posget.c)
00404040       readbytes_
00404110       SysRead_
00404580       FGetRec_
004045b0*      GetRec_
004045d0       GetStdChar_
00404620       FCheckLogical_
004046a0       FSkipLogical_
00404770*      FGetVarRecLen_
Module: C:\Users\borov\Documents\WATCOM/lib386/nt\flib7.lib(posseek.c)
00404860       FSeekRec_
004048a0       CurrFileOffset_
004048a0       FGetFilePos_
004048c0       SysSeek_
00404ab0*      FSeekAbs_
Module: C:\Users\borov\Documents\WATCOM/lib386/nt\clib3r.lib(stricmp.c)
00404ac0       stricmp_
Module: C:\Users\borov\Documents\WATCOM/lib386/nt\flib7.lib(posrew.c)
00404b00       FRewind_
Module: C:\Users\borov\Documents\WATCOM/lib386/nt\flib7.lib(posback.c)
00404b70       FBackspace_
Module: C:\Users\borov\Documents\WATCOM/lib386/nt\flib7.lib(postrunc.c)
00404c50       FTruncate_
Module: C:\Users\borov\Documents\WATCOM/lib386/nt\clib3r.lib(errno.c)
00404c70       __get_errno_ptr_
00404c80*      __get_doserrno_ptr_
Module: C:\Users\borov\Documents\WATCOM/lib386/nt\flib7.lib(errutil.c)
00404c90       BldErrCode_
00404cf0*      MsgFormat_
00404d20*      MsgBuffer_
00414840+      _PGrpCodes
Module: C:\Users\borov\Documents\WATCOM/lib386/nt\clib3r.lib(enterdb.c)
00404d50       __EnterWVIDEO_
00414844       ___WD_Present
Module: C:\Users\borov\Documents\WATCOM/lib386/nt\flib7.lib(spawn.c)
00404d80       Spawn_
00404de0       Suicide_
Module: C:\Users\borov\Documents\WATCOM/lib386/nt\clib3r.lib(iob.c)
00414848       ___iob
00414a50       __fmode
00416710       ___OpenStreams
00416714       ___ClosedStreams
Module: C:\Users\borov\Documents\WATCOM/lib386/nt\clib3r.lib(setmd.c)
00404e20       setmode_
Module: C:\Users\borov\Documents\WATCOM/lib386/nt\clib3r.lib(write.c)
00405160       write_
Module: C:\Users\borov\Documents\WATCOM/lib386/nt\flib7.lib(rdwr.c)
004053c0+      DoOpen_
004053f0+      _AllocBuffer_
00405430       IOPrologue_
00405670       UpdateRecNum_
Module: C:\Users\borov\Documents\WATCOM/lib386/nt\flib7.lib(unfmtout.c)
00405790       UnFmtOut_
Module: C:\Users\borov\Documents\WATCOM/lib386/nt\flib7.lib(freeout.c)
00405be0       FreeOut_
00414a54+      _OutRtn
Module: C:\Users\borov\Documents\WATCOM/lib386/nt\flib7.lib(ioinit.c)
00405cd0       IOSysInit_
Module: C:\Users\borov\Documents\WATCOM/lib386/nt\clib3r.lib(initrtns.c)
00405d10       __InitRtns
00405d60       __FiniRtns
Module: C:\Users\borov\Documents\WATCOM/lib386/nt\clib3r.lib(mthrdini.c)
00405dc0       __InitThreadData_
00414a8c       ___ThreadDataSize
Module: C:\Users\borov\Documents\WATCOM/lib386/nt\clib3r.lib(memset.c)
00405df0       memset_
Module: C:\Users\borov\Documents\WATCOM/lib386/nt\clib3r.lib(cmain386.c)
00405e10       __CMain
Module: C:\Users\borov\Documents\WATCOM/lib386/nt\clib3r.lib(dosseg)
00001234       __DOSseg__
Module: C:\Users\borov\Documents\WATCOM/lib386/nt\flib7.lib(csetinfo.c)
00416718       _CharSetInfo
Module: C:\Users\borov\Documents\WATCOM/lib386/nt\flib7.lib(errmsg.c)
00406180       _GroupTable
00406230       _ErrWord
Module: C:\Users\borov\Documents\WATCOM/lib386/nt\flib7.lib(blderr.c)
004068e0       Substitute_
00406aa0       ErrCodOrg_
Module: C:\Users\borov\Documents\WATCOM/lib386/nt\clib3r.lib(excptwnt.c)
00407110+      ___ReportException@4
00407560       __DefaultExceptionHandler_
004075a0+      ___ExceptionFilter
004077b0       __NewExceptionFilter_
004077e0       __DoneExceptionFilter_
00414a90       ___oscode_check_func
00414a94       ___raise_func
0041672c*      _sw
00416730       ___ExceptionHandled
00416731+      ___ReportInvoked
Module: C:\Users\borov\Documents\WATCOM/lib386/nt\clib3r.lib(signlwnt.c)
00414aac+      __SignalTable
00407820+      __SetSignalFunc_
00407870+      __GetSignalFunc_
004078a0+      __GetSignalOSCode_
004078d0+      __CheckSignalExCode_
00407a10+      __sigabort_
00407a20       __sigfpe_handler_
00407a70       signal_
00407b00+      raise_
00407b70+      __SigInit_
00407bc0+      __SigFini_
00407c00+      __sig_init_
Module: C:\Users\borov\Documents\WATCOM/lib386/nt\flib7.lib(fptraps.c)
00407ce0*      __MaskDefaultFPE_
00407d00       FPTrapInit_
00407d30       FPTrapFini_
Module: C:\Users\borov\Documents\WATCOM/lib386/nt\clib3r.lib(hdlman.c)
00414b18+      ___NHandles
00414b1c+      ___OSHandles
00414b20+      ___FakeHandles
00407d50+      __growPOSIXHandles_
00407df0       __allocPOSIXHandle_
00407eb0       __freePOSIXHandle_
00407ed0       __getOSHandle_
00407ee0       __setOSHandle_
00407f30+      __NTGetFakeHandle_
00407fa0       __initPOSIXHandles_
00408080*      __set_handles_
00408090*      _grow_handles_
Module: C:\Users\borov\Documents\WATCOM/lib386/nt\clib3r.lib(environ.c)
00416734       ___env_mask
00416738       _environ
0041673c       __wenviron
Module: C:\Users\borov\Documents\WATCOM/lib386/nt\clib3r.lib(getmodfn.c)
004080d0       __lib_GetModuleFileNameW_
Module: C:\Users\borov\Documents\WATCOM/lib386/nt\clib3r.lib(strdup.c)
00408170       __clib_strdup_
Module: C:\Users\borov\Documents\WATCOM/lib386/nt\clib3r.lib(istable.c)
004081b0       __IsTable
Module: C:\Users\borov\Documents\WATCOM/lib386/nt\clib3r.lib(ustrdup.c)
004082b1       __clib_wcsdup_
Module: C:\Users\borov\Documents\WATCOM/lib386/nt\clib3r.lib(nfree.c)
004082e0       _nfree_
004082e0       free_
00416740       ___MiniHeapFreeRover
Module: C:\Users\borov\Documents\WATCOM/lib386/nt\clib3r.lib(stklmwnt.c)
004083f0       __init_stack_limits_
Module: C:\Users\borov\Documents\WATCOM/lib386/nt\clib3r.lib(trdlist.c)
004084b0       __GetThreadData_
00408500       __ReallocThreadData_
004085f0       __AddThreadData_
00408670       __RemoveThreadData_
004086d0       __ResizeThreadDataList_
00408700       __FreeThreadDataList_
00408730*      __ActiveThreads_
Module: C:\Users\borov\Documents\WATCOM/lib386/nt\clib3r.lib(fgtattr.c)
00408750       __fixed_GetFileAttributesA_
Module: C:\Users\borov\Documents\WATCOM/lib386/nt\clib3r.lib(dosret.c)
004087f0*      _dosretax_
00408800*      _dosret0_
00408810       __set_errno_dos_
00408840*      __set_errno_dos_reterr_
00408850       __set_errno_nt_
00408860*      __set_errno_nt_reterr_
Module: C:\Users\borov\Documents\WATCOM/lib386/nt\clib3r.lib(seterrno.c)
00408874       __set_errno_
00408882*      __set_EDOM_
00408890       __set_ERANGE_
0040889e*      __set_EINVAL_
004088b1       __set_doserrno_
Module: C:\Users\borov\Documents\WATCOM/lib386/nt\clib3r.lib(gtcwdwnt.c)
004088c0       getcwd_
Module: C:\Users\borov\Documents\WATCOM/lib386/nt\clib3r.lib(nmalloc.c)
00408950       _nmalloc_
00408950       malloc_
00414c30       ___nheapbeg
00414c34       ___MiniHeapRover
00414c38       ___LargestSizeB4MiniHeapRover
Module: C:\Users\borov\Documents\WATCOM/lib386/nt\clib3r.lib(iomode.c)
00408a50       __GetIOMode_
00408a70       __SetIOMode_nogrow_
00414c3c       ___NFiles
00414c40       ___init_mode
00414c90       ___io_mode
Module: C:\Users\borov\Documents\WATCOM/lib386/nt\clib3r.lib(iomodtty.c)
00408a90       __ChkTTYIOMode_
00408ad0       __IOMode_
Module: C:\Users\borov\Documents\WATCOM/lib386/nt\clib3r.lib(ntdirinf.c)
00408af0       __MakeDOSDT_
00408b20*      __FromDOSDT_
00408b50*      __GetNTDirInfo_
00408b90*      __NTFindNextFileWithAttr_
Module: C:\Users\borov\Documents\WATCOM/lib386/nt\clib3r.lib(d2ttime.c)
00408bf0       _d2ttime_
Module: C:\Users\borov\Documents\WATCOM/lib386/nt\clib3r.lib(strerror.c)
00408f90       strerror_
00408fb0*      _strerror_
00409080*      _doserror_
00414c94+      __sys_errlist
00414d38+      __sys_nerr
Module: C:\Users\borov\Documents\WATCOM/lib386/nt\clib3r.lib(_strcmp)
004090b0       strcmp_
Module: C:\Users\borov\Documents\WATCOM/lib386/nt\clib3r.lib(mbspbrk.c)
004091f0       _mbspbrk_
Module: C:\Users\borov\Documents\WATCOM/lib386/nt\clib3r.lib(mbsinc.c)
00409240       _mbsinc_
Module: C:\Users\borov\Documents\WATCOM/lib386/nt\clib3r.lib(tolower.c)
00409270       tolower_
Module: C:\Users\borov\Documents\WATCOM/lib386/nt\clib3r.lib(stiomode.c)
00409280       __grow_iomode_
00409350+      __shrink_iomode_
00409390       __SetIOMode_
Module: C:\Users\borov\Documents\WATCOM/lib386/nt\flib7.lib(runmain.c)
00409400*      __InitUnit6CC_
00409410       __DevicesCC_
00409420*      __InitAllowCommaSeparator_
00409430       __AllowCommaSep_
00409440+      _InitIO_
004094b0+      CloseAllFiles_
004094f0*      _FiniEx_
004094f0       RunExit_
00409530       RunEntry_
Module: C:\Users\borov\Documents\WATCOM/lib386/nt\clib3r.lib(close.c)
00409560       close_
Module: C:\Users\borov\Documents\WATCOM/lib386/nt\clib3r.lib(openwnt.c)
00409780*      open_
004097a0       sopen_
Module: C:\Users\borov\Documents\WATCOM/lib386/nt\clib3r.lib(lseek.c)
004097d0       lseek_
Module: C:\Users\borov\Documents\WATCOM/lib386/nt\flib7.lib(poscc.c)
00409820*      __LineFeedWithFormFeed_
00409830       FSetCC_
Module: C:\Users\borov\Documents\WATCOM/lib386/nt\flib7.lib(fdutil.c)
00409890       LocFile_
004098a0       LocUnit_
004098d0       ExtractInfo_
Module: C:\Users\borov\Documents\WATCOM/lib386/nt\flib7.lib(rstdio.c)
00409a00       _InitStandardInput_
00409a30       _InitStandardOutput_
Module: C:\Users\borov\Documents\WATCOM/lib386/nt\flib7.lib(deffname.c)
00414d48       _DefFName
Module: C:\Users\borov\Documents\WATCOM/lib386/nt\flib7.lib(stracc.c)
00409a60       TrimStr_
00409aa0       GetStr_
Module: C:\Users\borov\Documents\WATCOM/lib386/nt\clib3r.lib(unlnkwnt.c)
00409ad0       unlink_
Module: C:\Users\borov\Documents\WATCOM/lib386/nt\clib3r.lib(chsizwnt.c)
00409b50       chsize_
Module: C:\Users\borov\Documents\WATCOM/lib386/nt\clib3r.lib(read.c)
00409c40       read_
Module: C:\Users\borov\Documents\WATCOM/lib386/nt\flib7.lib(errgrp.c)
00409dd0       _GrpCodes
Module: C:\Users\borov\Documents\WATCOM/lib386/nt\clib3r.lib(setjmp)
00409e54       _setjmp_
00409e8d       longjmp_
Module: C:\Users\borov\Documents\WATCOM/lib386/nt\clib3r.lib(exit.c)
00409f15+      __null_int23_exit_
00409f16       exit_
00409f66*      _exit_
00414d50+      ___int23_exit
00414d54+      ___FPE_handler_exit
Module: C:\Users\borov\Documents\WATCOM/lib386/nt\clib3r.lib(initfile.c)
00409fb0       __InitFiles_
Module: C:\Users\borov\Documents\WATCOM/lib386/nt\clib3r.lib(ioexit.c)
0040a0b0*      fcloseall_
0040a0c0       __full_io_exit_
Module: C:\Users\borov\Documents\WATCOM/lib386/nt\clib3r.lib(stackwnt.c)
0040a0d0       stackavail_
Module: C:\Users\borov\Documents\WATCOM/lib386/nt\clib3r.lib(stk)
0040a0e1*      __CHK
0040a0f1*      __STK
0040a110       __STKOVERFLOW_
0040a120*      __GRO
0040a140*      __alloca_probe
Module: C:\Users\borov\Documents\WATCOM/lib386/nt\flib7.lib(sdfile.c)
00414d68*      _FFCtrlSeq
00414d6a*      _SkipCtrlSeq
00414d6c       _NormalCtrlSeq
00414d6e       _SDTermIn
00414d72       _SDTermOut
00414d76*      _SDPrtName
Module: C:\Users\borov\Documents\WATCOM/lib386/nt\flib7.lib(wrutils.c)
0040a160       F_SendData_
0040a1c0*      SendLine_
0040a1d0       SendEOR_
0040a260*      SendInt_
0040a290       SendStr_
0040a2b0+      SendWSLStr_
0040a2d0       SendChar_
0040a2f0       Drop_
0040a4b0       IOItemResult_
Module: C:\Users\borov\Documents\WATCOM/lib386/nt\flib7.lib(unfmtutl.c)
0040a530       _SizeVars
Module: C:\Users\borov\Documents\WATCOM/lib386/nt\flib7.lib(undefcg.c)
0040a5d0       OutLogCG_
0040a5e0       OutIntCG_
0040a620+      FmtRealCG_
0040a650+      FmtDoubleCG_
0040a680+      FmtExtendedCG_
0040a6b0+      UndefIntCG_
0040a6b0+      UndefLogCG_
0040a6b0+      UndefExtendedCG_
0040a6b0+      UndefDoubleCG_
0040a6b0+      UndefRealCG_
0040a6c0+      GetRealCG_
00414d7c       _FmtRealRtn
00414d80       _FmtDoubleRtn
00414d84       _FmtExtendedRtn
00414d88       _SendStrRtn
00414d8c       _UndefRealRtn
00414d90       _UndefDoubleRtn
00414d94       _UndefExtendedRtn
00414d98       _UndefLogRtn
00414d9c       _UndefIntRtn
00414da0       _GetRealRtn
Module: C:\Users\borov\Documents\WATCOM/lib386/nt\flib7.lib(cctrl.c)
0040a6d0       CheckCCtrl_
Module: C:\Users\borov\Documents\WATCOM/lib386/nt\clib3r.lib(_8087)
00414da4       __8087
00414da5       __real87
Module: C:\Users\borov\Documents\WATCOM/lib386/nt\clib3r.lib(__stos)
0040a740       __STOSB
0040a777*      __STOSD
Module: C:\Users\borov\Documents\WATCOM/lib386/nt\clib3r.lib(cinit.c)
0040a7f0       __CommonInit_
Module: C:\Users\borov\Documents\WATCOM/lib386/nt\clib3r.lib(___argc.c)
0041684c       ____Argc
00416850       ____Argv
Module: C:\Users\borov\Documents\WATCOM/lib386/nt\flib7.lib(rtmain.c)
0040a800       main_
Module: C:\Users\borov\Documents\WATCOM/lib386/nt\clib3r.lib(memmove.c)
0040a820       memmove_
Module: C:\Users\borov\Documents\WATCOM/lib386/nt\clib3r.lib(itoa.c)
0040a880       utoa_
0040a8d0       itoa_
Module: C:\Users\borov\Documents\WATCOM/lib386/nt\clib3r.lib(ltoa.c)
0040a900       ultoa_
0040a950       ltoa_
Module: C:\Users\borov\Documents\WATCOM/lib386/nt\clib3r.lib(conutwnt.c)
0040a990*      __NTRealKey_
0040aa40*      __NTConsoleInput_
0040aa50       __NTConsoleOutput_
Module: C:\Users\borov\Documents\WATCOM/lib386/nt\clib3r.lib(fclex387.c)
0040aa60       _ClearFPE_
Module: C:\Users\borov\Documents\WATCOM/lib386/nt\clib3r.lib(abort.c)
0040aa78*      abort_
0040aa8a       __terminate_
00414db0       ___abort
Module: C:\Users\borov\Documents\WATCOM/lib386/nt\clib3r.lib(cntrl87.c)
0040aaa0       _control87_
Module: C:\Users\borov\Documents\WATCOM/lib386/nt\clib3r.lib(nrealloc.c)
0040aaf0*      _nrealloc_
0040aaf0       realloc_
Module: C:\Users\borov\Documents\WATCOM/lib386/nt\clib3r.lib(setenvp.c)
0040ab70       __setenvp_
0040ac30       __freeenvp_
Module: C:\Users\borov\Documents\WATCOM/lib386/nt\clib3r.lib(ustrlen.c)
0040ac7d       wcslen_
Module: C:\Users\borov\Documents\WATCOM/lib386/nt\clib3r.lib(memcpy.c)
0040ac90       memcpy_
Module: C:\Users\borov\Documents\WATCOM/lib386/nt\clib3r.lib(mem.c)
0040acb0       __MemAllocator
0040ad60       __MemFree
Module: C:\Users\borov\Documents\WATCOM/lib386/nt\clib3r.lib(mthread.c)
0040b030+      __CloseSemaphore_
0040b070+      __AccessIOB_
0040b080+      __ReleaseIOB_
0040b090+      __AccessFileH_
0040b0a0+      __ReleaseFileH_
0040b0b0+      __AccessNHeap_
0040b0c0+      __ReleaseNHeap_
0040b0d0+      __AccessFHeap_
0040b0e0+      __ReleaseFHeap_
0040b0f0+      __AccessTDList_
0040b100+      __ReleaseTDList_
0040b110+      __AccessFList_
0040b120+      __AccessSemaphore_
0040b180+      __ReleaseFList_
0040b190+      __ReleaseSemaphore_
0040b1c0+      __MultipleThread_
0040b210+      __AllocInitThreadData_
0040b260*      __FreeInitThreadData_
0040b270       __NTThreadInit_
0040b2e0       __NTAddThread_
0040b330       __NTRemoveThread_
0040b3c0       __InitMultipleThread_
00414db4+      ___AccessSema4
00414db8+      ___ReleaseSema4
00414dbc+      ___CloseSema4
Module: C:\Users\borov\Documents\WATCOM/lib386/nt\clib3r.lib(xmsgwnt.c)
0040b580+      __exit_with_msg_
0040b5e0       __fatal_runtime_error_
Module: C:\Users\borov\Documents\WATCOM/lib386/nt\clib3r.lib(calloc.c)
0040b600       calloc_
Module: C:\Users\borov\Documents\WATCOM/lib386/nt\clib3r.lib(register.c)
0040b630       __initthread_
0040b640*      _beginthread_
0040b650       _endthread_
0040b660*      __RegisterThreadData_
Module: C:\Users\borov\Documents\WATCOM/lib386/nt\clib3r.lib(nmemneed.c)
0040b6b0       __nmemneed_
Module: C:\Users\borov\Documents\WATCOM/lib386/nt\clib3r.lib(grownear.c)
0040b820       __ExpandDGROUP_
Module: C:\Users\borov\Documents\WATCOM/lib386/nt\clib3r.lib(isattwnt.c)
0040b840       isatty_
Module: C:\Users\borov\Documents\WATCOM/lib386/nt\clib3r.lib(strncpy.c)
0040b860       strncpy_
Module: C:\Users\borov\Documents\WATCOM/lib386/nt\clib3r.lib(mktime.c)
0040b8a0       mktime_
Module: C:\Users\borov\Documents\WATCOM/lib386/nt\clib3r.lib(mbterm.c)
0040b930       _mbterm_
Module: C:\Users\borov\Documents\WATCOM/lib386/nt\clib3r.lib(mbsnextc.c)
0040b970       _mbsnextc_
Module: C:\Users\borov\Documents\WATCOM/lib386/nt\clib3r.lib(mbschr.c)
0040b9b0       _mbschr_
Module: C:\Users\borov\Documents\WATCOM/lib386/nt\clib3r.lib(mbisdbcs.c)
00416fc4       ___IsDBCS
Module: C:\Users\borov\Documents\WATCOM/lib386/nt\clib3r.lib(mbislead.c)
0040ba10*      _ismbblead_
00416fc8       ___MBCSIsTable
Module: C:\Users\borov\Documents\WATCOM/lib386/nt\clib3r.lib(_clsewnt.c)
0040ba30       __close_
Module: C:\Users\borov\Documents\WATCOM/lib386/nt\clib3r.lib(ntfio.c)
0040ba90*      __GetNTCreateAttr_
0040bad0       __GetNTAccessAttr_
0040bb00       __GetNTShareAttr_
Module: C:\Users\borov\Documents\WATCOM/lib386/nt\clib3r.lib(umaskval.c)
00414dcc       ___umaskval
Module: C:\Users\borov\Documents\WATCOM/lib386/nt\clib3r.lib(__lseek.c)
0040bb60       __lseek_
Module: C:\Users\borov\Documents\WATCOM/lib386/nt\clib3r.lib(getenv.c)
0040bba0       getenv_
Module: C:\Users\borov\Documents\WATCOM/lib386/nt\clib3r.lib(ljmphdl.c)
00414dd0       ___longjmp_handler
Module: C:\Users\borov\Documents\WATCOM/lib386/nt\clib3r.lib(fclose.c)
0040bc40+      __doclose_
0040bce0       __shutdown_stream_
0040bd00*      fclose_
004170cc+      ___RmTmpFileFn
Module: C:\Users\borov\Documents\WATCOM/lib386/nt\clib3r.lib(freefp.c)
0040bd50       __freefp_
0040bda0       __purgefp_
Module: C:\Users\borov\Documents\WATCOM/lib386/nt\flib7.lib(ifile.c)
0040bdd0       SendIFBuff_
0040be00       NextIFBuff_
Module: C:\Users\borov\Documents\WATCOM/lib386/nt\flib7.lib(expchk.c)
0040be30       ToFFormat_
Module: C:\Users\borov\Documents\WATCOM/lib386/nt\flib7.lib(fmtrtns.c)
0040be80       R_F2E_
0040bff0       R_F2F_
0040c180       SetMaxPrec_
Module: C:\Users\borov\Documents\WATCOM/lib386/nt\flib7.lib(chrutils.c)
0040c190       JmpBlanks_
Module: C:\Users\borov\Documents\WATCOM/lib386/nt\flib7.lib(rfmtlog.c)
0040c1c0       R_FmtLog_
Module: C:\Users\borov\Documents\WATCOM/lib386/nt\flib7.lib(rfmtutil.c)
0040c220+      R_ChkType_
0040c250*      R_NewRec_
0040c290*      R_ChkIType_
0040c2c0*      R_ChkFType_
0040c2f0*      R_ChkRecLen_
0040c310+      GetLen_
0040c350*      R_FOStr_
0040c360*      FOString_
0040c3d0*      R_FIStr_
0040c490+      R_FOLog_
0040c4e0*      R_FILog_
0040c5c0*      R_FIFloat_
0040c7b0       GetReal_
0040c8c0*      R_FOF_
0040c940*      R_FOE_
0040ca80+      FmtH2B_
0040cb70*      R_FIHex_
0040ccf0*      R_FOHex_
0040cd00*      FOHex_
0040ce00*      R_FIInt_
0040cf10*      R_FOInt_
0040d170*      R_FOG_
0040d3f0+      ChkBuffLen_
Module: C:\Users\borov\Documents\WATCOM/lib386/nt\clib3r.lib(chk8087.c)
0040d440*      _fpreset_
0040d480       __chk8087_
0040d490*      __init_8087_
Module: C:\Users\borov\Documents\WATCOM/lib386/nt\clib3r.lib(argcv.c)
004170d0       __argc
004170d4       __argv
004170d8       ___argv
004170dc       ___argc
Module: C:\Users\borov\Documents\WATCOM/lib386/nt\clib3r.lib(alphabet.c)
00414064       ___Alphabet
Module: C:\Users\borov\Documents\WATCOM/lib386/nt\clib3r.lib(nmsize.c)
0040d4b0       _nmsize_
0040d4b0*      _msize_
Module: C:\Users\borov\Documents\WATCOM/lib386/nt\clib3r.lib(nexpand.c)
0040d4c0       _nexpand_
0040d4c0*      _expand_
0040d500+      __HeapManager_expand_
Module: C:\Users\borov\Documents\WATCOM/lib386/nt\clib3r.lib(dofilstr.c)
0040d6e0       __ParsePosixHandleStr_
Module: C:\Users\borov\Documents\WATCOM/lib386/nt\clib3r.lib(clearenv.c)
0040d800       clearenv_
Module: C:\Users\borov\Documents\WATCOM/lib386/nt\clib3r.lib(trdalloc.c)
0040d890       __FiniThreadProcessing_
Module: C:\Users\borov\Documents\WATCOM/lib386/nt\clib3r.lib(nheapmin.c)
0040d8a0       _nheapshrink_
0040d8a0*      _nheapmin_
0040d8a0*      _heapmin_
0040d8a0       _heapshrink_
Module: C:\Users\borov\Documents\WATCOM/lib386/nt\clib3r.lib(thredwnt.c)
0040da40       __CBeginThread_
0040dae0       __CEndThread_
Module: C:\Users\borov\Documents\WATCOM/lib386/nt\clib3r.lib(amblksiz.c)
00414dd4       __amblksiz
Module: C:\Users\borov\Documents\WATCOM/lib386/nt\clib3r.lib(heapen.c)
0040db20*      _heapenable_
00414dd8       ___heap_enabled
Module: C:\Users\borov\Documents\WATCOM/lib386/nt\clib3r.lib(locmktim.c)
0040db50       __local_mktime_
Module: C:\Users\borov\Documents\WATCOM/lib386/nt\clib3r.lib(gmtime.c)
0040dcd0       __brktime_
0040ddd0+      _gmtime_
0040ddf0*      gmtime_
Module: C:\Users\borov\Documents\WATCOM/lib386/nt\clib3r.lib(tzset.c)
00414ddc       ___start_dst
00414e00       ___end_dst
00414f28*      _tzname
00414f30       _timezone
00414f34       _daylight
00414f38       ___dst_adjust
0040de60*      __DontCacheOSTZ_
0040de70*      __CacheOSTZ_
0040e350+      __parse_tz_
0040e740       tzset_
Module: C:\Users\borov\Documents\WATCOM/lib386/nt\clib3r.lib(timeutil.c)
0040e8b0       __isindst_
Module: C:\Users\borov\Documents\WATCOM/lib386/nt\clib3r.lib(mbconv.c)
0040ebe0       _mbvtop_
Module: C:\Users\borov\Documents\WATCOM/lib386/nt\clib3r.lib(mbclen.c)
0040ec00       _mbclen_
Module: C:\Users\borov\Documents\WATCOM/lib386/nt\clib3r.lib(mbccmp.c)
0040ec30       _mbccmp_
Module: C:\Users\borov\Documents\WATCOM/lib386/nt\clib3r.lib(mbinit.c)
0040eca5       __mbinit_
00414f40       ___MBCodePage
Module: C:\Users\borov\Documents\WATCOM/lib386/nt\clib3r.lib(mbcupper.c)
0040eda0       _mbctoupper_
Module: C:\Users\borov\Documents\WATCOM/lib386/nt\clib3r.lib(flush.c)
0040edd0       __flush_
Module: C:\Users\borov\Documents\WATCOM/lib386\math387r.lib(ldcvt.c)
0040efab       _LDScale10x_
0040f552       __LDcvt_
Module: C:\Users\borov\Documents\WATCOM/lib386/nt\flib7.lib(rdutils.c)
0040f9a0       NextRec_
Module: C:\Users\borov\Documents\WATCOM/lib386/nt\clib3r.lib(toupper.c)
0040fab0       toupper_
Module: C:\Users\borov\Documents\WATCOM/lib386/nt\flib7.lib(fmtcnvt.c)
0040fac0       FmtS2I_
0040fbf0       FmtS2F_
Module: C:\Users\borov\Documents\WATCOM/lib386/nt\flib7.lib(flt86.c)
0040ffc0       _P1d100
0040ffc8       _P1d_99
Module: C:\Users\borov\Documents\WATCOM/lib386\math387r.lib(pow87)
00410129*      pow_
0040ffd0       IF@DPOW
0040ffd0*      IF@POW
Module: C:\Users\borov\Documents\WATCOM/lib386/nt\flib7.lib(hexcnv.c)
00410150       Hex_
00410170*      HSToB_
004101e0       BToHS_
Module: C:\Users\borov\Documents\WATCOM/lib386/nt\clib3r.lib(strupr.c)
00410230       strupr_
Module: C:\Users\borov\Documents\WATCOM/lib386/nt\clib3r.lib(8087cw.c)
00414fec       __8087cw
Module: C:\Users\borov\Documents\WATCOM/lib386/nt\clib3r.lib(save8087.c)
00414ff0       ___Save8087
00414ff4       ___Rest8087
Module: C:\Users\borov\Documents\WATCOM/lib386/nt\clib3r.lib(init8087)
00410254       __x87id
Module: C:\Users\borov\Documents\WATCOM/lib386/nt\clib3r.lib(initargv.c)
00410290       __Init_Argv_
004102e0+      _getargv_
00410480       __Fini_Argv_
Module: C:\Users\borov\Documents\WATCOM/lib386/nt\clib3r.lib(strtol.c)
004106b0*      strtoul_
004106c0       strtol_
Module: C:\Users\borov\Documents\WATCOM/lib386/nt\clib3r.lib(putenv.c)
004106d0       putenv_
00410960       __putenv_
Module: C:\Users\borov\Documents\WATCOM/lib386/nt\clib3r.lib(leapyear.c)
00410ad0       __leapyear_
0041409c       ___diyr
004140b6       ___dilyr
Module: C:\Users\borov\Documents\WATCOM/lib386/nt\clib3r.lib(wcstombs.c)
00410b10       wcstombs_
Module: C:\Users\borov\Documents\WATCOM/lib386/nt\clib3r.lib(fsync.c)
00410bb0       fsync_
Module: C:\Users\borov\Documents\WATCOM/lib386/nt\clib3r.lib(qwrit.c)
00410c00       __qwrite_
Module: C:\Users\borov\Documents\WATCOM/lib386\math387r.lib(ldclass.c)
00410ce0       __LDClass_
00410d30*      _FLClass_
Module: C:\Users\borov\Documents\WATCOM/lib386/nt\flib7.lib(intarith.c)
00410d40       AddIOFlo_
00410d50*      SubIOFlo_
00410d60       MulIOFlo_
Module: C:\Users\borov\Documents\WATCOM/lib386\math387r.lib(strtod.c)
00411283+      __Strtold_
004113ea       strtod_
Module: C:\Users\borov\Documents\WATCOM/lib386/nt\clib3r.lib(chipvar)
00415084       ___chipbug
00415084       __chipbug
Module: C:\Users\borov\Documents\WATCOM/lib386\math387r.lib(pow87e.c)
00411530       __pow87_err_
Module: C:\Users\borov\Documents\WATCOM/lib386\math387r.lib(exp87)
0041161f*      exp_
004115b8*      __@DEXP1
004115c0*      IF@EXP
004115c0*      IF@DEXP
004115c2       __@DEXP
Module: C:\Users\borov\Documents\WATCOM/lib386/nt\clib3r.lib(chipd32.asm)
00411743       __fdiv_fpr
00411c05*      __fdiv_chk
00411c18*      __fdiv_m32
00411c65*      __fdiv_m64
00411cb2*      __fdiv_m32r
00411cff*      __fdiv_m64r
Module: C:\Users\borov\Documents\WATCOM/lib386/nt\clib3r.lib(histsplt.c)
004170e4       ___historical_splitparms
Module: C:\Users\borov\Documents\WATCOM/lib386/nt\clib3r.lib(mbslen.c)
00411d50       _mbslen_
Module: C:\Users\borov\Documents\WATCOM/lib386/nt\clib3r.lib(mbstowcs.c)
00411d80       mbstowcs_
Module: C:\Users\borov\Documents\WATCOM/lib386/nt\clib3r.lib(uputenv.c)
00411e00*      _wputenv_
00412020       __wputenv_
Module: C:\Users\borov\Documents\WATCOM/lib386/nt\clib3r.lib(wctomb.c)
00412120       wctomb_
Module: C:\Users\borov\Documents\WATCOM/lib386\math387r.lib(bufld386)
00412160       __ZBuf2LD
Module: C:\Users\borov\Documents\WATCOM/lib386\math387r.lib(inf_nan.c)
00412203*      ___f_infinity
00412207*      ___f_posqnan
0041220b       ___d_infinity
00412213       ___d_posqnan
0041221b*      ___ld_infinity
00412223*      ___ld_posqnan
Module: C:\Users\borov\Documents\WATCOM/lib386/nt\clib3r.lib(hugeval.c)
00412230       __HugeValue
Module: C:\Users\borov\Documents\WATCOM/lib386/nt\clib3r.lib(chipbug.c)
00412240       __verify_pentium_fdiv_bug_
Module: C:\Users\borov\Documents\WATCOM/lib386/nt\flib7.lib(_matherr.c)
004122a0*      __imath2err_
004122e0*      __amath1err_
00412310*      __amath2err_
00412340       __math2err_
00412450       __math1err_
00412460*      __zmath2err_
004124c0*      __qmath2err_
Module: C:\Users\borov\Documents\WATCOM/lib386\math387r.lib(math87e.c)
00412526       __math87_err_
Module: C:\Users\borov\Documents\WATCOM/lib386/nt\clib3r.lib(mbtowc.c)
004125a0       mbtowc_
Module: C:\Users\borov\Documents\WATCOM/lib386/nt\clib3r.lib(ustrchr.c)
00412630       wcschr_
Module: C:\Users\borov\Documents\WATCOM/lib386/nt\clib3r.lib(setenvar.c)
00412650       __lib_SetEnvironmentVariableW_
Module: C:\Users\borov\Documents\WATCOM/lib386/nt\clib3r.lib(crtwenv.c)
00412740       __create_wide_environment_
Module: C:\Users\borov\Documents\WATCOM/lib386/nt\clib3r.lib(utoupper.c)
004127a8       towupper_


                        +----------------------+
                        |   Imported Symbols   |
                        +----------------------+

Symbol                              Module
======                              ======

_MessageBoxA@16                     USER32.DLL
_GetEnvironmentStringsA@0           KERNEL32.DLL
_GetVersion@0                       KERNEL32.DLL
_GetModuleFileNameA@12              KERNEL32.DLL
_GetCommandLineA@0                  KERNEL32.DLL
_GetCommandLineW@0                  KERNEL32.DLL
_FreeEnvironmentStringsA@4          KERNEL32.DLL
_GetModuleHandleA@4                 KERNEL32.DLL
_ExitProcess@4                      KERNEL32.DLL
_GetFullPathNameA@16                KERNEL32.DLL
_GetFileType@4                      KERNEL32.DLL
_GetFileInformationByHandle@8       KERNEL32.DLL
_GetFileTime@16                     KERNEL32.DLL
_GetFileSize@8                      KERNEL32.DLL
_CreateFileA@28                     KERNEL32.DLL
_CloseHandle@4                      KERNEL32.DLL
_GetLastError@0                     KERNEL32.DLL
_GetDriveTypeA@4                    KERNEL32.DLL
_FindFirstFileA@8                   KERNEL32.DLL
_FindClose@4                        KERNEL32.DLL
_RtlUnwind@16                       KERNEL32.DLL
_SetFilePointer@16                  KERNEL32.DLL
_WriteFile@20                       KERNEL32.DLL
_GetCurrentThreadId@0               KERNEL32.DLL
_LoadLibraryA@4                     KERNEL32.DLL
_GetProcAddress@8                   KERNEL32.DLL
_GetStdHandle@4                     KERNEL32.DLL
_SetUnhandledExceptionFilter@4      KERNEL32.DLL
_UnhandledExceptionFilter@4         KERNEL32.DLL
_SetConsoleCtrlHandler@8            KERNEL32.DLL
_SetStdHandle@8                     KERNEL32.DLL
_CreateEventA@16                    KERNEL32.DLL
_GetModuleFileNameW@12              KERNEL32.DLL
_MultiByteToWideChar@24             KERNEL32.DLL
_VirtualQuery@12                    KERNEL32.DLL
_TlsGetValue@4                      KERNEL32.DLL
_TlsSetValue@8                      KERNEL32.DLL
_GetFileAttributesA@4               KERNEL32.DLL
_GetCurrentDirectoryA@8             KERNEL32.DLL
_FileTimeToLocalFileTime@8          KERNEL32.DLL
_FileTimeToDosDateTime@12           KERNEL32.DLL
_DosDateTimeToFileTime@12           KERNEL32.DLL
_LocalFileTimeToFileTime@8          KERNEL32.DLL
_FindNextFileA@8                    KERNEL32.DLL
_FormatMessageA@28                  KERNEL32.DLL
_DeleteFileA@4                      KERNEL32.DLL
_SetEndOfFile@4                     KERNEL32.DLL
_ReadFile@20                        KERNEL32.DLL
_InitializeCriticalSection@4        KERNEL32.DLL
_DeleteCriticalSection@4            KERNEL32.DLL
_LeaveCriticalSection@4             KERNEL32.DLL
_EnterCriticalSection@4             KERNEL32.DLL
_SetLastError@4                     KERNEL32.DLL
_TlsAlloc@0                         KERNEL32.DLL
_TlsFree@4                          KERNEL32.DLL
_VirtualAlloc@16                    KERNEL32.DLL
_VirtualFree@12                     KERNEL32.DLL
_CreateThread@24                    KERNEL32.DLL
_ResumeThread@4                     KERNEL32.DLL
_ExitThread@4                       KERNEL32.DLL
_GetTimeZoneInformation@4           KERNEL32.DLL
_GetACP@0                           KERNEL32.DLL
_GetOEMCP@0                         KERNEL32.DLL
_GetCPInfo@8                        KERNEL32.DLL
_CharUpperA@4                       USER32.DLL
_SetEnvironmentVariableA@8          KERNEL32.DLL
_FlushFileBuffers@4                 KERNEL32.DLL
_WideCharToMultiByte@32             KERNEL32.DLL
_SetEnvironmentVariableW@8          KERNEL32.DLL


                        +--------------------+
                        |   Libraries Used   |
                        +--------------------+

C:\Users\borov\Documents\WATCOM/lib386/nt\kernel32.lib
C:\Users\borov\Documents\WATCOM/lib386/nt\user32.lib
C:\Users\borov\Documents\WATCOM/lib386/nt\flib7.lib
C:\Users\borov\Documents\WATCOM/lib386\math387r.lib
C:\Users\borov\Documents\WATCOM/lib386/nt\clib3r.lib
C:\Users\borov\Documents\WATCOM/lib386/nt\emu387.lib


                        +-----------------------+
                        |   Linker Statistics   |
                        +-----------------------+

Stack size:  00010000 (65536.)
Memory size:  000251cc (152012.)
Entry point address: 0040134a
Link time: 00:00.65
