Open Watcom Linker Version 1.9
Portions Copyright (c) 1985-2002 Sybase, Inc. All Rights Reserved.
Created on:       25/01/29 18:05:24
Executable Image: lab3v2.exe
creating a Windows NT character-mode executable


                        +------------+
                        |   Groups   |
                        +------------+

Group                           Address              Size
=====                           =======              ====

.idata                          00414000             00000786
DGROUP                          00415000             000130f0



                        +--------------+
                        |   Segments   |
                        +--------------+

Segment                Class          Group          Address         Size
=======                =====          =====          =======         ====

BEGTEXT                CODE           AUTO           00401000        00000007
_TEXT                  CODE           AUTO           00401010        00012228
TRANSFER CODE          CODE           AUTO           00413238        0000019e
.idata                 .idata         .idata         00414000        00000786
_NULL                  BEGDATA        DGROUP         00415000        00000004
_AFTERNULL             BEGDATA        DGROUP         00415004        00000000
CONST                  DATA           DGROUP         00415010        000000c0
_DATA                  DATA           DGROUP         004150d0        00000fa8
CONST2                 DATA           DGROUP         00416078        00000000
XIB                    DATA           DGROUP         00416078        00000000
XI                     DATA           DGROUP         00416078        0000004e
XIE                    DATA           DGROUP         004160c6        00000000
YIB                    DATA           DGROUP         004160c6        00000000
YI                     DATA           DGROUP         004160c6        00000030
YIE                    DATA           DGROUP         004160f6        00000000
TIB                    DATA           DGROUP         004160f6        00000000
TI                     DATA           DGROUP         004160f6        00000000
TIE                    DATA           DGROUP         004160f6        00000000
DATA                   DATA           DGROUP         004160f6        00000000
DATA32                 DATA           DGROUP         004160f8        0000011c
CONST32                CONST          DGROUP         00417000        00000000
_BSS                   BSS            DGROUP         00417000        000010f0
BSS32                  BSS            DGROUP         004180f0        00000000
STACK                  STACK          DGROUP         004180f0        00010000


                        +----------------+
                        |   Memory Map   |
                        +----------------+

* = unreferenced symbol
+ = symbol only referenced locally

Address        Symbol
=======        ======

Module: lab3.obj(C:\Users\evgen\source\repos\nstu\Numerical_computations\lab3v2\lab3.for)
00401010       FMAIN
Module: C:\Users\evgen\Documents\WATCOM/lib386/nt\flib7.lib(setfmt.c)
00401070       RT@SetFmt
Module: C:\Users\evgen\Documents\WATCOM/lib386/nt\flib7.lib(cowrite)
00401090       RT@IOWrite
0040109f*      RT@OutLOG1
004010b1*      RT@OutLOG4
004010bf*      RT@OutINT1
004010d1*      RT@OutINT2
004010e1*      RT@OutINT4
004010f0*      RT@OutREAL
00401100*      RT@OutDBLE
00401110*      RT@OutXTND
00401120*      RT@OutCPLX
00401136*      RT@OutDBCX
0040114c*      RT@OutXTCX
00401162       RT@OutCHAR
00401167*      RT@OutSTR
0040116c*      RT@PrtArr
00401171*      RT@PrtChArr
Module: C:\Users\evgen\Documents\WATCOM/lib386/nt\flib7.lib(cortns)
004150d8*      _FRT_SaveESP
00401181*      SwitchToGen
0040119f       SwitchToRT
004011bd       RdWrCommon
00401261       IOType_
0040127f       IOChar
0040129a       IOStr
004012af       IOArr
004012ca       IOChArr
004012ec       RT@EndIO
Module: C:\Users\evgen\Documents\WATCOM/lib386/nt\flib7.lib(pause.c)
00401310       RT@Pause
004150f8*      LG@PAUSE_HOOK
Module: C:\Users\evgen\Documents\WATCOM/lib386/nt\clib3r.lib(cstrtwnt)
00401354       _cstart_
00401354*      mainCRTStartup
Module: C:\Users\evgen\Documents\WATCOM/lib386/nt\emu387.lib(386)
004013b0       __init_387_emulator
004013b1*      __fini_387_emulator
Module: C:\Users\evgen\Documents\WATCOM/lib386/nt\flib7.lib(initeng.c)
00417000       __init_english
Module: C:\Users\evgen\Documents\WATCOM/lib386/nt\flib7.lib(initerr.c)
00417004       __init_error
Module: C:\Users\evgen\Documents\WATCOM/lib386/nt\flib7.lib(setiocb.c)
004013c0       RT@SetIOCB
Module: C:\Users\evgen\Documents\WATCOM/lib386/nt\flib7.lib(rdata.c)
00417010       _IORslt
00417020       _FmtBuff
00417024*      _Fmt_revert
00417028*      _Fmt_start
0041702c*      _Fmt_paren_level
00417030*      _Fmt_charptr
00417034*      _FmtEmStruct
00417038       _IOTypeRtn
0041703c*      _Fmt_end
00417040*      _Fmt_rep_spec
00417044       _FmtRoutine
00417048       _IOCB
0041704c       _Files
00417050*      _Fmt_delimited
Module: C:\Users\evgen\Documents\WATCOM/lib386/nt\flib7.lib(rfmtexec.c)
00401d80       R_FExec_
Module: C:\Users\evgen\Documents\WATCOM/lib386/nt\flib7.lib(exwrite.c)
00401e20       DoWrite_
Module: C:\Users\evgen\Documents\WATCOM/lib386/nt\flib7.lib(iomain.c)
00401e50       __ReleaseIOSys_
00401e70       IOMain_
Module: C:\Users\evgen\Documents\WATCOM/lib386/nt\clib3r.lib(crwdata)
00415140       __osmajor
00415141       __osminor
00415142       __osbuild
00415144       __osver
00415148       __winmajor
0041514c       __winminor
00415150       __winver
0041510c       __LpDllName
00415110       __LpwCmdLine
00415114       __LpwPgmName
00415118       __LpwDllName
00415104       __LpCmdLine
00415108       __LpPgmName
004150fc*      __dynend
00415100       __curbrk
0041511c*      __STACKLOW
00415120       __STACKTOP
00415124       __ASTACKSIZ
00415128       __ASTACKPTR
0041512c*      __cbyte
00415130*      __cbyte2
00415134*      __child
0041513a       __Envptr
0041513e*      __Envseg
00415138       __no87
00415154       ___FPE_handler
Module: C:\Users\evgen\Documents\WATCOM/lib386/nt\flib7.lib(thrdutil.c)
00402080*      __InitMultiThreadIO_
0041515c       ___SwitchStkLow
Module: C:\Users\evgen\Documents\WATCOM/lib386/nt\flib7.lib(rtinit.c)
00415160       ___FAppType
00415164       __ExceptionInit
00415168       __ExceptionFini
004020a0*      __InitFThreadData_
004020e0+      RTSysFini_
004020f0       RTSysInit_
00415170       __AccessFIO
00415174       __ReleaseFIO
00415178       __PartialReleaseFIO
00417058       ___FThreadDataOffset
00416090*      ___fthread_data_size
Module: C:\Users\evgen\Documents\WATCOM/lib386/nt\flib7.lib(rtsysutl.c)
00402150       GetSysIOInfo_
00402170       GetSysFileInfo_
004021a0*      IsDevice_
00402370       OpenAction_
004023b0*      DfltRecType_
004023d0+      _FileAttrs_
00402490       CloseFile_
00402500       Scrtched_
00402520*      CloseDeleteFile_
00402570       Errf_
00402590       FPutBuff_
00402600       FGetBuff_
00402650       SeekFile_
00402670       NoEOF_
00402680       SysClearEOF_
00402690*      SameFile_
004026a0*      Rewindf_
004026c0*      SysCreateFile_
00402700*      CheckLogicalRecord_
00402720       SkipLogicalRecord_
00402740*      BackSpacef_
00402770*      EndFilef_
004027b0       GetIOErrMsg_
004027f0       ReportNExist_
00402810       ReportEOF_
00402820       WaitForEnter_
Module: C:\Users\evgen\Documents\WATCOM/lib386/nt\flib7.lib(rterr.c)
0041517c+      _TraceRoutine
00402850       FlushStdUnit_
004028a0+      WriteErr_
00402970       ErrHandler_
004029b0       RTErr_
00415188+      LG@ERR_HOOK
Module: C:\Users\evgen\Documents\WATCOM/lib386/nt\flib7.lib(stdio.c)
004029f0       StdBuffer_
00402a10       StdWrite_
00402af0       StdFlush_
00402b20       StdWriteNL_
Module: C:\Users\evgen\Documents\WATCOM/lib386/nt\clib3r.lib(main2wnt.c)
00402b50       __NTMain
Module: C:\Users\evgen\Documents\WATCOM/lib386/nt\clib3r.lib(segdefns)
00401003       ___begtext
00415000*      __nullarea
00416078       __Start_XI
004160c6       __End_XI
004160c6       __Start_YI
004160f6       __End_YI
Module: C:\Users\evgen\Documents\WATCOM/lib386/nt\flib7.lib(english.c)
00402be0       __UseEnglishCharSet_
Module: C:\Users\evgen\Documents\WATCOM/lib386/nt\flib7.lib(errincl.c)
00402cf0       __InitError_
00415594+      _PGroupTable
00415598+      _PErrWord
Module: C:\Users\evgen\Documents\WATCOM/lib386/nt\clib3r.lib(mainwnt.c)
0041559c       ___TlsIndex
004155a0       ___FirstThreadData
004155a4       ___GetThreadPtr
004155a8       __AccessFileH
004155ac       __ReleaseFileH
004155b0       __AccessIOB
004155b4       __ReleaseIOB
004155b8       __AccessNHeap
004155bc       __AccessFHeap
004155c0       __ReleaseNHeap
00402d20*      __threadid_
00402d40+      __sig_null_rtn_
00402d50+      __NTInit_
00402f30+      __NTFini_
00402f90       __NTMainInit_
00402ff0       __exit_
004155c4       __ReleaseFHeap
004155c8       __AccessTDList
004155cc       __ReleaseTDList
004155d0       __AccessFList
004155d4       __ReleaseFList
004155d8       __ThreadExitRtn
004155dc       ___sig_init_rtn
004155e0       ___sig_fini_rtn
004155e4       ___process_fini
00417068       ___Is_DLL
Module: C:\Users\evgen\Documents\WATCOM/lib386/nt\flib7.lib(ioinit.c)
00403050       IOSysInit_
Module: C:\Users\evgen\Documents\WATCOM/lib386/nt\flib7.lib(ioerr.c)
004030b0       IOErr_
Module: C:\Users\evgen\Documents\WATCOM/lib386/nt\flib7.lib(wrutils.c)
00403140       F_SendData_
004031a0*      SendLine_
004031b0       SendEOR_
00403240*      SendInt_
00403270       SendStr_
00403290+      SendWSLStr_
004032b0       SendChar_
004032d0       Drop_
00403490       IOItemResult_
Module: C:\Users\evgen\Documents\WATCOM/lib386/nt\flib7.lib(rfmtutil.c)
00403540       R_ChkType_
00403570       R_NewRec_
004035b0       R_ChkIType_
004035e0       R_ChkFType_
00403610       R_ChkRecLen_
00403630+      GetLen_
00403670       R_FOStr_
00403680*      FOString_
004036f0       R_FIStr_
004037b0       R_FOLog_
00403800       R_FILog_
004038e0       R_FIFloat_
00403ad0       GetReal_
00403be0       R_FOF_
00403c60       R_FOE_
00403da0+      FmtH2B_
00403e90       R_FIHex_
00404010       R_FOHex_
00404020*      FOHex_
00404120       R_FIInt_
00404230       R_FOInt_
00404490       R_FOG_
00404710+      ChkBuffLen_
Module: C:\Users\evgen\Documents\WATCOM/lib386/nt\flib7.lib(arrayio.c)
004047d0       ArrayIOType_
Module: C:\Users\evgen\Documents\WATCOM/lib386/nt\flib7.lib(rdwr.c)
00404850+      DoOpen_
00404880+      _AllocBuffer_
004048c0       IOPrologue_
00404b00       UpdateRecNum_
Module: C:\Users\evgen\Documents\WATCOM/lib386/nt\flib7.lib(unfmtout.c)
00404c20       UnFmtOut_
Module: C:\Users\evgen\Documents\WATCOM/lib386/nt\flib7.lib(freeout.c)
00405070       FreeOut_
004155ec+      _OutRtn
Module: C:\Users\evgen\Documents\WATCOM/lib386/nt\flib7.lib(rtutls.c)
00405170       FindFtnFile_
00405260       RChkAlloc_
00405290       F_Connect_
00405310       ConnectFile_
00405320*      GetFileInfo_
00405410       DiscoFile_
00405480*      ChkFileName_
004054b0+      ChkLogFile_
004054f0       ChkIOOperation_
00405530       GetIOErr_
00405540       ChkIOErr_
00405560       ChkUnitId_
004055a0*      ChkConnected_
004055c0       SetEOF_
004055f0       ClearEOF_
00405630       SysEOF_
00405660       IsFixed_
00405670       IsCarriage_
00405680*      ChkRecordStructure_
004056b0*      ChkSequential_
004056d0*      ChkExist_
00405700*      StrItem_
Module: C:\Users\evgen\Documents\WATCOM/lib386/nt\flib7.lib(spawn.c)
00405730       Spawn_
00405790       Suicide_
Module: C:\Users\evgen\Documents\WATCOM/lib386/nt\flib7.lib(rttraps.c)
004058c0       __EnableF77RTExceptionHandling_
004058d0       R_TrapInit_
00405960       R_TrapFini_
00405970*      __InitExceptionVectors_
Module: C:\Users\evgen\Documents\WATCOM/lib386/nt\flib7.lib(errrtns.c)
00417684       ___ErrorFini
00417688       ___ErrorInit
0041768c       ___BldErrMsg
Module: C:\Users\evgen\Documents\WATCOM/lib386/nt\clib3r.lib(nodefwin.c)
00415620*      __WindowsIsWindowedHandle
00415624*      __WindowsRemoveWindowedHandle
00415628*      __WindowsNewWindow
0041562c*      __WindowsCloseWindow
00415630*      __WindowsSetAbout
00415634*      __WindowsSetAppTitle
00415638*      __WindowsSetConTitle
0041563c*      __WindowsDestroyOnClose
00415640*      __WindowsYieldControl
00415644*      __WindowsShutDown
00415648*      __WindowsStdin
0041564c       __WindowsStdout
00415650*      __WindowsKbhit
00415654*      __WindowsGetch
00415658*      __WindowsGetche
0041565c*      __WindowsPutch
00405990*      _dwShutDown_
00405990*      _dwYield_
00405990*      _dwSetConTitle_
00405990*      _dwSetAppTitle_
00405990*      _dwSetAboutDlg_
00405990       _dwDeleteOnClose_
00415660*      __WindowsExitRtn
00417690*      __init_default_win
Module: C:\Users\evgen\Documents\WATCOM/lib386/nt\clib3r.lib(atexit.c)
00405993       atexit_
Module: C:\Users\evgen\Documents\WATCOM/lib386/nt\clib3r.lib(regdata.c)
004059f0       __RegisterThreadDataSize_
Module: C:\Users\evgen\Documents\WATCOM/lib386/nt\clib3r.lib(accsswnt.c)
00405a20       access_
Module: C:\Users\evgen\Documents\WATCOM/lib386/nt\clib3r.lib(fullpath.c)
00405a60+      _sys_fullpath_
00405ae0       _fullpath_
Module: C:\Users\evgen\Documents\WATCOM/lib386/nt\flib7.lib(rmemmgr.c)
00405b50       RMemAlloc_
00405b60       RMemFree_
Module: C:\Users\evgen\Documents\WATCOM/lib386/nt\clib3r.lib(fstatwnt.c)
00405b70       fstat_
Module: C:\Users\evgen\Documents\WATCOM/lib386/nt\flib7.lib(poserr.c)
00405ed0       Errorf_
00405ef0*      EOFile_
00405f10       ErrorMsg_
00405f50       FSetTrunc_
00405f60       FSetSysErr_
00405f80       FSetErr_
00405fa0       FSetEof_
00405fc0       IOOk_
Module: C:\Users\evgen\Documents\WATCOM/lib386/nt\clib3r.lib(statwnt.c)
004060e5       stat_
Module: C:\Users\evgen\Documents\WATCOM/lib386/nt\flib7.lib(posopen.c)
00406320       InitStd_
004063e0       SetIOBufferSize_
00406400+      _AllocFile_
004064f0       Openf_
004065e0       Closef_
Module: C:\Users\evgen\Documents\WATCOM/lib386/nt\flib7.lib(posdat.c)
0041584c       _FStdIn
00415850       _FStdOut
00415854       _FStdErr
Module: C:\Users\evgen\Documents\WATCOM/lib386/nt\flib7.lib(posflush.c)
00406660       FlushBuffer_
Module: C:\Users\evgen\Documents\WATCOM/lib386/nt\flib7.lib(posdel.c)
00406710       Scratchf_
Module: C:\Users\evgen\Documents\WATCOM/lib386/nt\flib7.lib(posput.c)
00406730       FPutRec_
00406770       ChopFile_
004067c0*      PutRec_
004068e0       writebytes_
00406960       SysWrite_
Module: C:\Users\evgen\Documents\WATCOM/lib386/nt\flib7.lib(posget.c)
00406aa0       readbytes_
00406b70       SysRead_
00406fe0       FGetRec_
00407010*      GetRec_
00407030       GetStdChar_
00407080       FCheckLogical_
00407100       FSkipLogical_
004071d0*      FGetVarRecLen_
Module: C:\Users\evgen\Documents\WATCOM/lib386/nt\flib7.lib(posseek.c)
004072c0       FSeekRec_
00407300       CurrFileOffset_
00407300       FGetFilePos_
00407320       SysSeek_
00407510*      FSeekAbs_
Module: C:\Users\evgen\Documents\WATCOM/lib386/nt\clib3r.lib(stricmp.c)
00407520       stricmp_
Module: C:\Users\evgen\Documents\WATCOM/lib386/nt\flib7.lib(posrew.c)
00407560       FRewind_
Module: C:\Users\evgen\Documents\WATCOM/lib386/nt\flib7.lib(posback.c)
004075d0       FBackspace_
Module: C:\Users\evgen\Documents\WATCOM/lib386/nt\flib7.lib(postrunc.c)
004076b0       FTruncate_
Module: C:\Users\evgen\Documents\WATCOM/lib386/nt\clib3r.lib(errno.c)
004076d0       __get_errno_ptr_
004076e0*      __get_doserrno_ptr_
Module: C:\Users\evgen\Documents\WATCOM/lib386/nt\flib7.lib(errutil.c)
004076f0       BldErrCode_
00407750*      MsgFormat_
00407780*      MsgBuffer_
00415858+      _PGrpCodes
Module: C:\Users\evgen\Documents\WATCOM/lib386/nt\clib3r.lib(enterdb.c)
004077b0       __EnterWVIDEO_
0041585c       ___WD_Present
Module: C:\Users\evgen\Documents\WATCOM/lib386/nt\clib3r.lib(iob.c)
00415860       ___iob
00415a68       __fmode
00417718       ___OpenStreams
0041771c       ___ClosedStreams
Module: C:\Users\evgen\Documents\WATCOM/lib386/nt\clib3r.lib(setmd.c)
004077e0       setmode_
Module: C:\Users\evgen\Documents\WATCOM/lib386/nt\clib3r.lib(write.c)
00407b20       write_
Module: C:\Users\evgen\Documents\WATCOM/lib386/nt\clib3r.lib(initrtns.c)
00407d90       __InitRtns
00407de0       __FiniRtns
Module: C:\Users\evgen\Documents\WATCOM/lib386/nt\clib3r.lib(mthrdini.c)
00407e40       __InitThreadData_
00415a6c       ___ThreadDataSize
Module: C:\Users\evgen\Documents\WATCOM/lib386/nt\clib3r.lib(memset.c)
00407e70       memset_
Module: C:\Users\evgen\Documents\WATCOM/lib386/nt\clib3r.lib(cmain386.c)
00407e90       __CMain
Module: C:\Users\evgen\Documents\WATCOM/lib386/nt\clib3r.lib(dosseg)
00001234       __DOSseg__
Module: C:\Users\evgen\Documents\WATCOM/lib386/nt\flib7.lib(csetinfo.c)
00417720       _CharSetInfo
Module: C:\Users\evgen\Documents\WATCOM/lib386/nt\flib7.lib(errmsg.c)
00408200       _GroupTable
004082b0       _ErrWord
Module: C:\Users\evgen\Documents\WATCOM/lib386/nt\flib7.lib(blderr.c)
00408960       Substitute_
00408b20       ErrCodOrg_
Module: C:\Users\evgen\Documents\WATCOM/lib386/nt\clib3r.lib(hdlman.c)
00415a70+      ___NHandles
00415a74+      ___OSHandles
00415a78+      ___FakeHandles
00408b30+      __growPOSIXHandles_
00408bd0       __allocPOSIXHandle_
00408c90       __freePOSIXHandle_
00408cb0       __getOSHandle_
00408cc0       __setOSHandle_
00408d10+      __NTGetFakeHandle_
00408d80       __initPOSIXHandles_
00408e60*      __set_handles_
00408e70*      _grow_handles_
Module: C:\Users\evgen\Documents\WATCOM/lib386/nt\clib3r.lib(environ.c)
00417734       ___env_mask
00417738       _environ
0041773c       __wenviron
Module: C:\Users\evgen\Documents\WATCOM/lib386/nt\clib3r.lib(getmodfn.c)
00408eb0       __lib_GetModuleFileNameW_
Module: C:\Users\evgen\Documents\WATCOM/lib386/nt\clib3r.lib(strdup.c)
00408f50       __clib_strdup_
Module: C:\Users\evgen\Documents\WATCOM/lib386/nt\clib3r.lib(istable.c)
00408f90       __IsTable
Module: C:\Users\evgen\Documents\WATCOM/lib386/nt\clib3r.lib(ustrdup.c)
00409091       __clib_wcsdup_
Module: C:\Users\evgen\Documents\WATCOM/lib386/nt\clib3r.lib(nfree.c)
004090c0       _nfree_
004090c0       free_
00417740       ___MiniHeapFreeRover
Module: C:\Users\evgen\Documents\WATCOM/lib386/nt\clib3r.lib(excptwnt.c)
00409830+      ___ReportException@4
00409c80       __DefaultExceptionHandler_
00409cc0+      ___ExceptionFilter
00409ed0       __NewExceptionFilter_
00409f00       __DoneExceptionFilter_
00415a84       ___oscode_check_func
00415a88       ___raise_func
00417744*      _sw
00417748       ___ExceptionHandled
00417749+      ___ReportInvoked
Module: C:\Users\evgen\Documents\WATCOM/lib386/nt\clib3r.lib(stklmwnt.c)
00409f40       __init_stack_limits_
Module: C:\Users\evgen\Documents\WATCOM/lib386/nt\flib7.lib(runmain.c)
00409fb0*      __InitUnit6CC_
00409fc0       __DevicesCC_
00409fd0*      __InitAllowCommaSeparator_
00409fe0       __AllowCommaSep_
00409ff0+      _InitIO_
0040a060+      CloseAllFiles_
0040a0a0*      _FiniEx_
0040a0a0       RunExit_
0040a0e0       RunEntry_
Module: C:\Users\evgen\Documents\WATCOM/lib386/nt\flib7.lib(ifile.c)
0040a110       SendIFBuff_
0040a140       NextIFBuff_
Module: C:\Users\evgen\Documents\WATCOM/lib386/nt\clib3r.lib(ltoa.c)
0040a170       ultoa_
0040a1c0       ltoa_
Module: C:\Users\evgen\Documents\WATCOM/lib386/nt\flib7.lib(sdfile.c)
00415aa4*      _FFCtrlSeq
00415aa6*      _SkipCtrlSeq
00415aa8       _NormalCtrlSeq
00415aaa       _SDTermIn
00415aae       _SDTermOut
00415ab2*      _SDPrtName
Module: C:\Users\evgen\Documents\WATCOM/lib386/nt\flib7.lib(cctrl.c)
0040a1f0       CheckCCtrl_
Module: C:\Users\evgen\Documents\WATCOM/lib386/nt\flib7.lib(rdutils.c)
0040a260       NextRec_
Module: C:\Users\evgen\Documents\WATCOM/lib386/nt\flib7.lib(undefcg.c)
0040a400       OutLogCG_
0040a410       OutIntCG_
0040a450+      FmtRealCG_
0040a480+      FmtDoubleCG_
0040a4b0+      FmtExtendedCG_
0040a4e0+      UndefIntCG_
0040a4e0+      UndefLogCG_
0040a4e0+      UndefExtendedCG_
0040a4e0+      UndefDoubleCG_
0040a4e0+      UndefRealCG_
0040a4f0+      GetRealCG_
00415ab8       _FmtRealRtn
00415abc       _FmtDoubleRtn
00415ac0       _FmtExtendedRtn
00415ac4       _SendStrRtn
00415ac8       _UndefRealRtn
00415acc       _UndefDoubleRtn
00415ad0       _UndefExtendedRtn
00415ad4       _UndefLogRtn
00415ad8       _UndefIntRtn
00415adc       _GetRealRtn
Module: C:\Users\evgen\Documents\WATCOM/lib386/nt\flib7.lib(rfmtlog.c)
0040a510       R_FmtLog_
Module: C:\Users\evgen\Documents\WATCOM/lib386/nt\clib3r.lib(toupper.c)
0040a540       toupper_
Module: C:\Users\evgen\Documents\WATCOM/lib386/nt\flib7.lib(fmtcnvt.c)
0040a550       FmtS2I_
0040a680       FmtS2F_
Module: C:\Users\evgen\Documents\WATCOM/lib386/nt\flib7.lib(fmtrtns.c)
0040aa50       R_F2E_
0040abc0       R_F2F_
0040ad50       SetMaxPrec_
Module: C:\Users\evgen\Documents\WATCOM/lib386/nt\flib7.lib(flt86.c)
0040ad60       _P1d100
0040ad68       _P1d_99
Module: C:\Users\evgen\Documents\WATCOM/lib386\math387r.lib(pow87)
0040aec9*      pow_
0040ad70       IF@DPOW
0040ad70*      IF@POW
Module: C:\Users\evgen\Documents\WATCOM/lib386/nt\flib7.lib(hexcnv.c)
0040aef0       Hex_
0040af10*      HSToB_
0040af80       BToHS_
Module: C:\Users\evgen\Documents\WATCOM/lib386/nt\clib3r.lib(strupr.c)
0040afd0       strupr_
Module: C:\Users\evgen\Documents\WATCOM/lib386/nt\clib3r.lib(_8087)
00415ae0       __8087
00415ae1       __real87
Module: C:\Users\evgen\Documents\WATCOM/lib386/nt\flib7.lib(unfmtutl.c)
0040aff0       _SizeVars
Module: C:\Users\evgen\Documents\WATCOM/lib386/nt\flib7.lib(fdutil.c)
0040b000       LocFile_
0040b010       LocUnit_
0040b040       ExtractInfo_
Module: C:\Users\evgen\Documents\WATCOM/lib386/nt\flib7.lib(rstdio.c)
0040b170       _InitStandardInput_
0040b1a0       _InitStandardOutput_
Module: C:\Users\evgen\Documents\WATCOM/lib386/nt\flib7.lib(deffname.c)
00415ae4       _DefFName
Module: C:\Users\evgen\Documents\WATCOM/lib386/nt\flib7.lib(stracc.c)
0040b1d0       TrimStr_
0040b210       GetStr_
Module: C:\Users\evgen\Documents\WATCOM/lib386/nt\clib3r.lib(setjmp)
0040b238       _setjmp_
0040b271       longjmp_
Module: C:\Users\evgen\Documents\WATCOM/lib386/nt\clib3r.lib(exit.c)
0040b2f9+      __null_int23_exit_
0040b2fa       exit_
0040b34a*      _exit_
00415aec+      ___int23_exit
00415af0+      ___FPE_handler_exit
Module: C:\Users\evgen\Documents\WATCOM/lib386/nt\clib3r.lib(signlwnt.c)
00415af4+      __SignalTable
0040b360+      __SetSignalFunc_
0040b3b0+      __GetSignalFunc_
0040b3e0+      __GetSignalOSCode_
0040b410+      __CheckSignalExCode_
0040b550+      __sigabort_
0040b560       __sigfpe_handler_
0040b5b0       signal_
0040b640+      raise_
0040b6b0+      __SigInit_
0040b700+      __SigFini_
0040b740+      __sig_init_
Module: C:\Users\evgen\Documents\WATCOM/lib386/nt\flib7.lib(fptraps.c)
0040b820*      __MaskDefaultFPE_
0040b840       FPTrapInit_
0040b870       FPTrapFini_
Module: C:\Users\evgen\Documents\WATCOM/lib386/nt\clib3r.lib(trdlist.c)
0040b8e0       __GetThreadData_
0040b930       __ReallocThreadData_
0040ba20       __AddThreadData_
0040baa0       __RemoveThreadData_
0040bb00       __ResizeThreadDataList_
0040bb30       __FreeThreadDataList_
0040bb60*      __ActiveThreads_
Module: C:\Users\evgen\Documents\WATCOM/lib386/nt\clib3r.lib(fgtattr.c)
0040bb80       __fixed_GetFileAttributesA_
Module: C:\Users\evgen\Documents\WATCOM/lib386/nt\clib3r.lib(dosret.c)
0040bc20*      _dosretax_
0040bc30*      _dosret0_
0040bc40       __set_errno_dos_
0040bc70*      __set_errno_dos_reterr_
0040bc80       __set_errno_nt_
0040bc90*      __set_errno_nt_reterr_
Module: C:\Users\evgen\Documents\WATCOM/lib386/nt\clib3r.lib(seterrno.c)
0040bca4       __set_errno_
0040bcb2*      __set_EDOM_
0040bcc0       __set_ERANGE_
0040bcce*      __set_EINVAL_
0040bce1       __set_doserrno_
Module: C:\Users\evgen\Documents\WATCOM/lib386/nt\clib3r.lib(gtcwdwnt.c)
0040bcf0       getcwd_
Module: C:\Users\evgen\Documents\WATCOM/lib386/nt\clib3r.lib(nmalloc.c)
0040bd80       _nmalloc_
0040bd80       malloc_
00415c64       ___nheapbeg
00415c68       ___MiniHeapRover
00415c6c       ___LargestSizeB4MiniHeapRover
Module: C:\Users\evgen\Documents\WATCOM/lib386/nt\clib3r.lib(iomode.c)
0040be80       __GetIOMode_
0040bea0       __SetIOMode_nogrow_
00415c70       ___NFiles
00415c74       ___init_mode
00415cc4       ___io_mode
Module: C:\Users\evgen\Documents\WATCOM/lib386/nt\clib3r.lib(iomodtty.c)
0040bec0       __ChkTTYIOMode_
0040bf00       __IOMode_
Module: C:\Users\evgen\Documents\WATCOM/lib386/nt\clib3r.lib(ntdirinf.c)
0040bf20       __MakeDOSDT_
0040bf50*      __FromDOSDT_
0040bf80*      __GetNTDirInfo_
0040bfc0*      __NTFindNextFileWithAttr_
Module: C:\Users\evgen\Documents\WATCOM/lib386/nt\clib3r.lib(d2ttime.c)
0040c020       _d2ttime_
Module: C:\Users\evgen\Documents\WATCOM/lib386/nt\clib3r.lib(strerror.c)
0040c3c0       strerror_
0040c3e0*      _strerror_
0040c4b0*      _doserror_
00415cc8+      __sys_errlist
00415d6c+      __sys_nerr
Module: C:\Users\evgen\Documents\WATCOM/lib386/nt\clib3r.lib(_strcmp)
0040c4e0       strcmp_
Module: C:\Users\evgen\Documents\WATCOM/lib386/nt\clib3r.lib(mbspbrk.c)
0040c620       _mbspbrk_
Module: C:\Users\evgen\Documents\WATCOM/lib386/nt\clib3r.lib(mbsinc.c)
0040c670       _mbsinc_
Module: C:\Users\evgen\Documents\WATCOM/lib386/nt\clib3r.lib(tolower.c)
0040c6a0       tolower_
Module: C:\Users\evgen\Documents\WATCOM/lib386/nt\clib3r.lib(stiomode.c)
0040c6b0       __grow_iomode_
0040c780+      __shrink_iomode_
0040c7c0       __SetIOMode_
Module: C:\Users\evgen\Documents\WATCOM/lib386/nt\clib3r.lib(close.c)
0040c830       close_
Module: C:\Users\evgen\Documents\WATCOM/lib386/nt\clib3r.lib(openwnt.c)
0040ca50*      open_
0040ca70       sopen_
Module: C:\Users\evgen\Documents\WATCOM/lib386/nt\clib3r.lib(lseek.c)
0040caa0       lseek_
Module: C:\Users\evgen\Documents\WATCOM/lib386/nt\flib7.lib(poscc.c)
0040caf0*      __LineFeedWithFormFeed_
0040cb00       FSetCC_
Module: C:\Users\evgen\Documents\WATCOM/lib386/nt\clib3r.lib(unlnkwnt.c)
0040cb60       unlink_
Module: C:\Users\evgen\Documents\WATCOM/lib386/nt\clib3r.lib(chsizwnt.c)
0040cbe0       chsize_
Module: C:\Users\evgen\Documents\WATCOM/lib386/nt\clib3r.lib(read.c)
0040ccd0       read_
Module: C:\Users\evgen\Documents\WATCOM/lib386/nt\flib7.lib(errgrp.c)
0040ce60       _GrpCodes
Module: C:\Users\evgen\Documents\WATCOM/lib386/nt\clib3r.lib(initfile.c)
0040cf20       __InitFiles_
Module: C:\Users\evgen\Documents\WATCOM/lib386/nt\clib3r.lib(ioexit.c)
0040d020*      fcloseall_
0040d030       __full_io_exit_
Module: C:\Users\evgen\Documents\WATCOM/lib386/nt\clib3r.lib(stackwnt.c)
0040d040       stackavail_
Module: C:\Users\evgen\Documents\WATCOM/lib386/nt\clib3r.lib(stk)
0040d051*      __CHK
0040d061*      __STK
0040d080       __STKOVERFLOW_
0040d090*      __GRO
0040d0b0*      __alloca_probe
Module: C:\Users\evgen\Documents\WATCOM/lib386/nt\clib3r.lib(__stos)
0040d0d0       __STOSB
0040d107*      __STOSD
Module: C:\Users\evgen\Documents\WATCOM/lib386/nt\clib3r.lib(cinit.c)
0040d180       __CommonInit_
Module: C:\Users\evgen\Documents\WATCOM/lib386/nt\clib3r.lib(___argc.c)
00417854       ____Argc
00417858       ____Argv
Module: C:\Users\evgen\Documents\WATCOM/lib386/nt\flib7.lib(rtmain.c)
0040d190       main_
Module: C:\Users\evgen\Documents\WATCOM/lib386/nt\clib3r.lib(memmove.c)
0040d1b0       memmove_
Module: C:\Users\evgen\Documents\WATCOM/lib386/nt\clib3r.lib(itoa.c)
0040d210       utoa_
0040d260       itoa_
Module: C:\Users\evgen\Documents\WATCOM/lib386/nt\clib3r.lib(nrealloc.c)
0040d290*      _nrealloc_
0040d290       realloc_
Module: C:\Users\evgen\Documents\WATCOM/lib386/nt\clib3r.lib(setenvp.c)
0040d310       __setenvp_
0040d3d0       __freeenvp_
Module: C:\Users\evgen\Documents\WATCOM/lib386/nt\clib3r.lib(ustrlen.c)
0040d41d       wcslen_
Module: C:\Users\evgen\Documents\WATCOM/lib386/nt\clib3r.lib(memcpy.c)
0040d430       memcpy_
Module: C:\Users\evgen\Documents\WATCOM/lib386/nt\clib3r.lib(mem.c)
0040d450       __MemAllocator
0040d500       __MemFree
Module: C:\Users\evgen\Documents\WATCOM/lib386/nt\clib3r.lib(conutwnt.c)
0040d650*      __NTRealKey_
0040d700*      __NTConsoleInput_
0040d710       __NTConsoleOutput_
Module: C:\Users\evgen\Documents\WATCOM/lib386/nt\clib3r.lib(fclex387.c)
0040d720       _ClearFPE_
Module: C:\Users\evgen\Documents\WATCOM/lib386/nt\clib3r.lib(alphabet.c)
0041506c       ___Alphabet
Module: C:\Users\evgen\Documents\WATCOM/lib386/nt\flib7.lib(expchk.c)
0040d730       ToFFormat_
Module: C:\Users\evgen\Documents\WATCOM/lib386/nt\flib7.lib(chrutils.c)
0040d780       JmpBlanks_
Module: C:\Users\evgen\Documents\WATCOM/lib386/nt\flib7.lib(intarith.c)
0040d7a0       AddIOFlo_
0040d7b0*      SubIOFlo_
0040d7c0       MulIOFlo_
Module: C:\Users\evgen\Documents\WATCOM/lib386\math387r.lib(strtod.c)
0040dce3+      __Strtold_
0040de4a       strtod_
Module: C:\Users\evgen\Documents\WATCOM/lib386\math387r.lib(ldcvt.c)
0040e06d       _LDScale10x_
0040e614       __LDcvt_
Module: C:\Users\evgen\Documents\WATCOM/lib386/nt\clib3r.lib(chipvar)
00415e38       ___chipbug
00415e38       __chipbug
Module: C:\Users\evgen\Documents\WATCOM/lib386\math387r.lib(pow87e.c)
0040ea64       __pow87_err_
Module: C:\Users\evgen\Documents\WATCOM/lib386\math387r.lib(exp87)
0040eb53*      exp_
0040eaec*      __@DEXP1
0040eaf4*      IF@EXP
0040eaf4*      IF@DEXP
0040eaf6       __@DEXP
Module: C:\Users\evgen\Documents\WATCOM/lib386/nt\clib3r.lib(chipd32.asm)
0040ec77       __fdiv_fpr
0040f139*      __fdiv_chk
0040f14c*      __fdiv_m32
0040f199*      __fdiv_m64
0040f1e6*      __fdiv_m32r
0040f233*      __fdiv_m64r
Module: C:\Users\evgen\Documents\WATCOM/lib386/nt\clib3r.lib(chk8087.c)
0040f2a0*      _fpreset_
0040f2e0       __chk8087_
0040f2f0*      __init_8087_
Module: C:\Users\evgen\Documents\WATCOM/lib386/nt\clib3r.lib(getenv.c)
0040f310       getenv_
Module: C:\Users\evgen\Documents\WATCOM/lib386/nt\clib3r.lib(ljmphdl.c)
00415e4c       ___longjmp_handler
Module: C:\Users\evgen\Documents\WATCOM/lib386/nt\clib3r.lib(abort.c)
0040f3b6*      abort_
0040f3c8       __terminate_
00415e50       ___abort
Module: C:\Users\evgen\Documents\WATCOM/lib386/nt\clib3r.lib(cntrl87.c)
0040f3e0       _control87_
Module: C:\Users\evgen\Documents\WATCOM/lib386/nt\clib3r.lib(mthread.c)
0040f5c0+      __CloseSemaphore_
0040f600+      __AccessIOB_
0040f610+      __ReleaseIOB_
0040f620+      __AccessFileH_
0040f630+      __ReleaseFileH_
0040f640+      __AccessNHeap_
0040f650+      __ReleaseNHeap_
0040f660+      __AccessFHeap_
0040f670+      __ReleaseFHeap_
0040f680+      __AccessTDList_
0040f690+      __ReleaseTDList_
0040f6a0+      __AccessFList_
0040f6b0+      __AccessSemaphore_
0040f710+      __ReleaseFList_
0040f720+      __ReleaseSemaphore_
0040f750+      __MultipleThread_
0040f7a0+      __AllocInitThreadData_
0040f7f0*      __FreeInitThreadData_
0040f800       __NTThreadInit_
0040f870       __NTAddThread_
0040f8c0       __NTRemoveThread_
0040f950       __InitMultipleThread_
00415e54+      ___AccessSema4
00415e58+      ___ReleaseSema4
00415e5c+      ___CloseSema4
Module: C:\Users\evgen\Documents\WATCOM/lib386/nt\clib3r.lib(xmsgwnt.c)
0040fb10+      __exit_with_msg_
0040fb70       __fatal_runtime_error_
Module: C:\Users\evgen\Documents\WATCOM/lib386/nt\clib3r.lib(calloc.c)
0040fb90       calloc_
Module: C:\Users\evgen\Documents\WATCOM/lib386/nt\clib3r.lib(register.c)
0040fbc0       __initthread_
0040fbd0*      _beginthread_
0040fbe0       _endthread_
0040fbf0*      __RegisterThreadData_
Module: C:\Users\evgen\Documents\WATCOM/lib386/nt\clib3r.lib(nmemneed.c)
0040fc40       __nmemneed_
Module: C:\Users\evgen\Documents\WATCOM/lib386/nt\clib3r.lib(grownear.c)
0040fdb0       __ExpandDGROUP_
Module: C:\Users\evgen\Documents\WATCOM/lib386/nt\clib3r.lib(isattwnt.c)
0040fdd0       isatty_
Module: C:\Users\evgen\Documents\WATCOM/lib386/nt\clib3r.lib(strncpy.c)
0040fdf0       strncpy_
Module: C:\Users\evgen\Documents\WATCOM/lib386/nt\clib3r.lib(mktime.c)
0040fe30       mktime_
Module: C:\Users\evgen\Documents\WATCOM/lib386/nt\clib3r.lib(mbterm.c)
0040fec0       _mbterm_
Module: C:\Users\evgen\Documents\WATCOM/lib386/nt\clib3r.lib(mbsnextc.c)
0040ff00       _mbsnextc_
Module: C:\Users\evgen\Documents\WATCOM/lib386/nt\clib3r.lib(mbschr.c)
0040ff40       _mbschr_
Module: C:\Users\evgen\Documents\WATCOM/lib386/nt\clib3r.lib(mbisdbcs.c)
00417fcc       ___IsDBCS
Module: C:\Users\evgen\Documents\WATCOM/lib386/nt\clib3r.lib(mbislead.c)
0040ffa0*      _ismbblead_
00417fd0       ___MBCSIsTable
Module: C:\Users\evgen\Documents\WATCOM/lib386/nt\clib3r.lib(_clsewnt.c)
0040ffc0       __close_
Module: C:\Users\evgen\Documents\WATCOM/lib386/nt\clib3r.lib(ntfio.c)
00410020*      __GetNTCreateAttr_
00410060       __GetNTAccessAttr_
00410090       __GetNTShareAttr_
Module: C:\Users\evgen\Documents\WATCOM/lib386/nt\clib3r.lib(umaskval.c)
00415e6c       ___umaskval
Module: C:\Users\evgen\Documents\WATCOM/lib386/nt\clib3r.lib(__lseek.c)
004100f0       __lseek_
Module: C:\Users\evgen\Documents\WATCOM/lib386/nt\clib3r.lib(fclose.c)
00410130+      __doclose_
004101d0       __shutdown_stream_
004101f0*      fclose_
004180d4+      ___RmTmpFileFn
Module: C:\Users\evgen\Documents\WATCOM/lib386/nt\clib3r.lib(freefp.c)
00410240       __freefp_
00410290       __purgefp_
Module: C:\Users\evgen\Documents\WATCOM/lib386/nt\clib3r.lib(argcv.c)
004180d8       __argc
004180dc       __argv
004180e0       ___argv
004180e4       ___argc
Module: C:\Users\evgen\Documents\WATCOM/lib386/nt\clib3r.lib(nmsize.c)
004102c0       _nmsize_
004102c0*      _msize_
Module: C:\Users\evgen\Documents\WATCOM/lib386/nt\clib3r.lib(nexpand.c)
004102d0       _nexpand_
004102d0*      _expand_
00410310+      __HeapManager_expand_
Module: C:\Users\evgen\Documents\WATCOM/lib386/nt\clib3r.lib(dofilstr.c)
004104f0       __ParsePosixHandleStr_
Module: C:\Users\evgen\Documents\WATCOM/lib386/nt\clib3r.lib(clearenv.c)
00410610       clearenv_
Module: C:\Users\evgen\Documents\WATCOM/lib386\math387r.lib(bufld386)
004106a0       __ZBuf2LD
Module: C:\Users\evgen\Documents\WATCOM/lib386\math387r.lib(inf_nan.c)
00410743*      ___f_infinity
00410747*      ___f_posqnan
0041074b       ___d_infinity
00410753       ___d_posqnan
0041075b*      ___ld_infinity
00410763*      ___ld_posqnan
Module: C:\Users\evgen\Documents\WATCOM/lib386/nt\clib3r.lib(hugeval.c)
00410770       __HugeValue
Module: C:\Users\evgen\Documents\WATCOM/lib386\math387r.lib(ldclass.c)
00410778       __LDClass_
004107c8*      _FLClass_
Module: C:\Users\evgen\Documents\WATCOM/lib386/nt\clib3r.lib(chipbug.c)
004107e0       __verify_pentium_fdiv_bug_
Module: C:\Users\evgen\Documents\WATCOM/lib386/nt\flib7.lib(_matherr.c)
00410840*      __imath2err_
00410880*      __amath1err_
004108b0*      __amath2err_
004108e0       __math2err_
004109f0       __math1err_
00410a00*      __zmath2err_
00410a60*      __qmath2err_
Module: C:\Users\evgen\Documents\WATCOM/lib386\math387r.lib(math87e.c)
00410ac6       __math87_err_
Module: C:\Users\evgen\Documents\WATCOM/lib386/nt\clib3r.lib(8087cw.c)
00415e70       __8087cw
Module: C:\Users\evgen\Documents\WATCOM/lib386/nt\clib3r.lib(save8087.c)
00415e74       ___Save8087
00415e78       ___Rest8087
Module: C:\Users\evgen\Documents\WATCOM/lib386/nt\clib3r.lib(init8087)
00410b44       __x87id
Module: C:\Users\evgen\Documents\WATCOM/lib386/nt\clib3r.lib(mbcupper.c)
00410b80       _mbctoupper_
Module: C:\Users\evgen\Documents\WATCOM/lib386/nt\clib3r.lib(trdalloc.c)
00410bb0       __FiniThreadProcessing_
Module: C:\Users\evgen\Documents\WATCOM/lib386/nt\clib3r.lib(nheapmin.c)
00410bc0       _nheapshrink_
00410bc0*      _nheapmin_
00410bc0*      _heapmin_
00410bc0       _heapshrink_
Module: C:\Users\evgen\Documents\WATCOM/lib386/nt\clib3r.lib(thredwnt.c)
00410d60       __CBeginThread_
00410e00       __CEndThread_
Module: C:\Users\evgen\Documents\WATCOM/lib386/nt\clib3r.lib(amblksiz.c)
00415e7c       __amblksiz
Module: C:\Users\evgen\Documents\WATCOM/lib386/nt\clib3r.lib(heapen.c)
00410e40*      _heapenable_
00415e80       ___heap_enabled
Module: C:\Users\evgen\Documents\WATCOM/lib386/nt\clib3r.lib(locmktim.c)
00410e70       __local_mktime_
Module: C:\Users\evgen\Documents\WATCOM/lib386/nt\clib3r.lib(gmtime.c)
00410ff0       __brktime_
004110f0+      _gmtime_
00411110*      gmtime_
Module: C:\Users\evgen\Documents\WATCOM/lib386/nt\clib3r.lib(tzset.c)
00415e84       ___start_dst
00415ea8       ___end_dst
00415fd0*      _tzname
00415fd8       _timezone
00415fdc       _daylight
00415fe0       ___dst_adjust
00411180*      __DontCacheOSTZ_
00411190*      __CacheOSTZ_
00411670+      __parse_tz_
00411a60       tzset_
Module: C:\Users\evgen\Documents\WATCOM/lib386/nt\clib3r.lib(timeutil.c)
00411bd0       __isindst_
Module: C:\Users\evgen\Documents\WATCOM/lib386/nt\clib3r.lib(mbconv.c)
00411f00       _mbvtop_
Module: C:\Users\evgen\Documents\WATCOM/lib386/nt\clib3r.lib(mbclen.c)
00411f20       _mbclen_
Module: C:\Users\evgen\Documents\WATCOM/lib386/nt\clib3r.lib(mbccmp.c)
00411f50       _mbccmp_
Module: C:\Users\evgen\Documents\WATCOM/lib386/nt\clib3r.lib(mbinit.c)
00411fc5       __mbinit_
00415fe8       ___MBCodePage
Module: C:\Users\evgen\Documents\WATCOM/lib386/nt\clib3r.lib(flush.c)
004120c0       __flush_
Module: C:\Users\evgen\Documents\WATCOM/lib386/nt\clib3r.lib(initargv.c)
004121c0       __Init_Argv_
00412210+      _getargv_
004123b0       __Fini_Argv_
Module: C:\Users\evgen\Documents\WATCOM/lib386/nt\clib3r.lib(strtol.c)
004125e0*      strtoul_
004125f0       strtol_
Module: C:\Users\evgen\Documents\WATCOM/lib386/nt\clib3r.lib(putenv.c)
00412600       putenv_
00412890       __putenv_
Module: C:\Users\evgen\Documents\WATCOM/lib386/nt\clib3r.lib(leapyear.c)
00412a00       __leapyear_
0041509c       ___diyr
004150b6       ___dilyr
Module: C:\Users\evgen\Documents\WATCOM/lib386/nt\clib3r.lib(wcstombs.c)
00412a40       wcstombs_
Module: C:\Users\evgen\Documents\WATCOM/lib386/nt\clib3r.lib(fsync.c)
00412ae0       fsync_
Module: C:\Users\evgen\Documents\WATCOM/lib386/nt\clib3r.lib(qwrit.c)
00412b30       __qwrite_
Module: C:\Users\evgen\Documents\WATCOM/lib386/nt\clib3r.lib(histsplt.c)
004180ec       ___historical_splitparms
Module: C:\Users\evgen\Documents\WATCOM/lib386/nt\clib3r.lib(mbslen.c)
00412c10       _mbslen_
Module: C:\Users\evgen\Documents\WATCOM/lib386/nt\clib3r.lib(mbstowcs.c)
00412c40       mbstowcs_
Module: C:\Users\evgen\Documents\WATCOM/lib386/nt\clib3r.lib(uputenv.c)
00412cc0*      _wputenv_
00412ee0       __wputenv_
Module: C:\Users\evgen\Documents\WATCOM/lib386/nt\clib3r.lib(wctomb.c)
00412fe0       wctomb_
Module: C:\Users\evgen\Documents\WATCOM/lib386/nt\clib3r.lib(mbtowc.c)
00413020       mbtowc_
Module: C:\Users\evgen\Documents\WATCOM/lib386/nt\clib3r.lib(ustrchr.c)
004130b0       wcschr_
Module: C:\Users\evgen\Documents\WATCOM/lib386/nt\clib3r.lib(setenvar.c)
004130d0       __lib_SetEnvironmentVariableW_
Module: C:\Users\evgen\Documents\WATCOM/lib386/nt\clib3r.lib(crtwenv.c)
004131c0       __create_wide_environment_
Module: C:\Users\evgen\Documents\WATCOM/lib386/nt\clib3r.lib(utoupper.c)
00413228       towupper_


                        +----------------------+
                        |   Imported Symbols   |
                        +----------------------+

Symbol                              Module
======                              ======

_MessageBoxA@16                     USER32.DLL
_GetEnvironmentStringsA@0           KERNEL32.DLL
_GetVersion@0                       KERNEL32.DLL
_GetModuleFileNameA@12              KERNEL32.DLL
_GetCommandLineA@0                  KERNEL32.DLL
_GetCommandLineW@0                  KERNEL32.DLL
_FreeEnvironmentStringsA@4          KERNEL32.DLL
_GetModuleHandleA@4                 KERNEL32.DLL
_ExitProcess@4                      KERNEL32.DLL
_RtlUnwind@16                       KERNEL32.DLL
_GetFullPathNameA@16                KERNEL32.DLL
_GetFileType@4                      KERNEL32.DLL
_GetFileInformationByHandle@8       KERNEL32.DLL
_GetFileTime@16                     KERNEL32.DLL
_GetFileSize@8                      KERNEL32.DLL
_CreateFileA@28                     KERNEL32.DLL
_CloseHandle@4                      KERNEL32.DLL
_GetLastError@0                     KERNEL32.DLL
_GetDriveTypeA@4                    KERNEL32.DLL
_FindFirstFileA@8                   KERNEL32.DLL
_FindClose@4                        KERNEL32.DLL
_SetFilePointer@16                  KERNEL32.DLL
_WriteFile@20                       KERNEL32.DLL
_GetCurrentThreadId@0               KERNEL32.DLL
_SetStdHandle@8                     KERNEL32.DLL
_CreateEventA@16                    KERNEL32.DLL
_GetStdHandle@4                     KERNEL32.DLL
_GetModuleFileNameW@12              KERNEL32.DLL
_MultiByteToWideChar@24             KERNEL32.DLL
_LoadLibraryA@4                     KERNEL32.DLL
_GetProcAddress@8                   KERNEL32.DLL
_SetUnhandledExceptionFilter@4      KERNEL32.DLL
_UnhandledExceptionFilter@4         KERNEL32.DLL
_VirtualQuery@12                    KERNEL32.DLL
_SetConsoleCtrlHandler@8            KERNEL32.DLL
_TlsGetValue@4                      KERNEL32.DLL
_TlsSetValue@8                      KERNEL32.DLL
_GetFileAttributesA@4               KERNEL32.DLL
_GetCurrentDirectoryA@8             KERNEL32.DLL
_FileTimeToLocalFileTime@8          KERNEL32.DLL
_FileTimeToDosDateTime@12           KERNEL32.DLL
_DosDateTimeToFileTime@12           KERNEL32.DLL
_LocalFileTimeToFileTime@8          KERNEL32.DLL
_FindNextFileA@8                    KERNEL32.DLL
_FormatMessageA@28                  KERNEL32.DLL
_DeleteFileA@4                      KERNEL32.DLL
_SetEndOfFile@4                     KERNEL32.DLL
_ReadFile@20                        KERNEL32.DLL
_InitializeCriticalSection@4        KERNEL32.DLL
_DeleteCriticalSection@4            KERNEL32.DLL
_LeaveCriticalSection@4             KERNEL32.DLL
_EnterCriticalSection@4             KERNEL32.DLL
_SetLastError@4                     KERNEL32.DLL
_TlsAlloc@0                         KERNEL32.DLL
_TlsFree@4                          KERNEL32.DLL
_VirtualAlloc@16                    KERNEL32.DLL
_CharUpperA@4                       USER32.DLL
_VirtualFree@12                     KERNEL32.DLL
_CreateThread@24                    KERNEL32.DLL
_ResumeThread@4                     KERNEL32.DLL
_ExitThread@4                       KERNEL32.DLL
_GetTimeZoneInformation@4           KERNEL32.DLL
_GetACP@0                           KERNEL32.DLL
_GetOEMCP@0                         KERNEL32.DLL
_GetCPInfo@8                        KERNEL32.DLL
_SetEnvironmentVariableA@8          KERNEL32.DLL
_FlushFileBuffers@4                 KERNEL32.DLL
_WideCharToMultiByte@32             KERNEL32.DLL
_SetEnvironmentVariableW@8          KERNEL32.DLL


                        +--------------------+
                        |   Libraries Used   |
                        +--------------------+

C:\Users\evgen\Documents\WATCOM/lib386/nt\kernel32.lib
C:\Users\evgen\Documents\WATCOM/lib386/nt\user32.lib
C:\Users\evgen\Documents\WATCOM/lib386/nt\flib7.lib
C:\Users\evgen\Documents\WATCOM/lib386\math387r.lib
C:\Users\evgen\Documents\WATCOM/lib386/nt\clib3r.lib
C:\Users\evgen\Documents\WATCOM/lib386/nt\emu387.lib


                        +-----------------------+
                        |   Linker Statistics   |
                        +-----------------------+

Stack size:  00010000 (65536.)
Memory size:  00025c4c (154700.)
Entry point address: 00401354
Link time: 00:00.78
