Open Watcom Linker Version 1.9
Portions Copyright (c) 1985-2002 Sybase, Inc. All Rights Reserved.
Created on:       24/08/31 19:35:45
Executable Image: fin.exe
creating a Windows NT character-mode executable


                        +------------+
                        |   Groups   |
                        +------------+

Group                           Address              Size
=====                           =======              ====

.idata                          00417000             00000786
DGROUP                          00418000             000131c0



                        +--------------+
                        |   Segments   |
                        +--------------+

Segment                Class          Group          Address         Size
=======                =====          =====          =======         ====

BEGTEXT                CODE           AUTO           00401000        00000007
_TEXT                  CODE           AUTO           00401010        00014a08
CODE32                 CODE           AUTO           00415a18        00000575
TRANSFER CODE          CODE           AUTO           00415f90        0000019e
.idata                 .idata         .idata         00417000        00000786
_NULL                  BEGDATA        DGROUP         00418000        00000004
_AFTERNULL             BEGDATA        DGROUP         00418004        00000000
CONST                  DATA           DGROUP         00418010        0000030c
_DATA                  DATA           DGROUP         00418320        00001108
XIB                    DATA           DGROUP         00419428        00000000
XI                     DATA           DGROUP         00419428        0000004e
XIE                    DATA           DGROUP         00419476        00000000
YIB                    DATA           DGROUP         00419476        00000000
YI                     DATA           DGROUP         00419476        00000030
YIE                    DATA           DGROUP         004194a6        00000000
CONST2                 DATA           DGROUP         004194a8        00000000
DATA32                 DATA           DGROUP         004194a8        00000178
TIB                    DATA           DGROUP         00419620        00000000
TI                     DATA           DGROUP         00419620        00000000
TIE                    DATA           DGROUP         00419620        00000000
DATA                   DATA           DGROUP         00419620        00000000
ROWS_COLUMNS           ROWS_COLUMNS   DGROUP         0041a000        00000008
XYCURR                 XYCURR         DGROUP         0041a010        00000008
DASHES                 DASHES         DGROUP         0041a020        00000004
CONSTS                 CONSTS         DGROUP         0041a030        00000008
XY                     XY             DGROUP         0041a040        00000018
CONST32                CONST          DGROUP         0041a058        00000000
_BSS                   BSS            DGROUP         0041a060        000010f0
GDATA@0                BSS            DGROUP         0041b150        0000006e
BSS32                  BSS            DGROUP         0041b1c0        00000000
STACK                  STACK          DGROUP         0041b1c0        00010000


                        +----------------+
                        |   Memory Map   |
                        +----------------+

* = unreferenced symbol
+ = symbol only referenced locally

Address        Symbol
=======        ======

Module: f.obj(C:\PV\labfin\f.for)
00401010       FMAIN
0040104a+      TRIM
004010bc+      INPUT
00401304+      WRITEDASHES
0040139e+      TABLE
00401624+      WRITEENTRY
004016f7+      WRITELINE
0040199b+      WRITEHEADER
00401ca5+      FN2
0041a000+      ROWS_COLUMNS
0041a010+      XYCURR
0041a020+      DASHES
0041a030+      CONSTS
0041a040+      XY
Module: C:\WATCOM/lib386/nt\flib7.lib(cowrite)
00401cf4       RT@IOWrite
00401d03*      RT@OutLOG1
00401d15*      RT@OutLOG4
00401d23*      RT@OutINT1
00401d35*      RT@OutINT2
00401d45*      RT@OutINT4
00401d54       RT@OutREAL
00401d64*      RT@OutDBLE
00401d74*      RT@OutXTND
00401d84*      RT@OutCPLX
00401d9a*      RT@OutDBCX
00401db0*      RT@OutXTCX
00401dc6       RT@OutCHAR
00401dcb*      RT@OutSTR
00401dd0*      RT@PrtArr
00401dd5*      RT@PrtChArr
Module: C:\WATCOM/lib386/nt\flib7.lib(cortns)
004183c0*      _FRT_SaveESP
00401de5*      SwitchToGen
00401e03       SwitchToRT
00401e21       RdWrCommon
00401ec5       IOType_
00401ee3       IOChar
00401efe       IOStr
00401f13       IOArr
00401f2e       IOChArr
00401f50       RT@EndIO
Module: C:\WATCOM/lib386/nt\flib7.lib(pause.c)
00401f70       RT@Pause
004183e0*      LG@PAUSE_HOOK
Module: C:\WATCOM/lib386/nt\flib7.lib(setintl.c)
00401fc0       RT@SetIntl
Module: C:\WATCOM/lib386/nt\flib7.lib(setfmt.c)
00401fe0       RT@SetFmt
Module: C:\WATCOM/lib386/nt\flib7.lib(coread)
00402000       RT@IORead
0040200f*      RT@InpLOG1
0040201e*      RT@InpLOG4
0040202d*      RT@InpINT1
0040203c*      RT@InpINT2
0040204b*      RT@InpINT4
0040205a       RT@InpREAL
00402069*      RT@InpDBLE
00402078*      RT@InpXTND
00402087*      RT@InpCPLX
00402096*      RT@InpDBCX
004020a5*      RT@InpXTCX
004020b4*      RT@InpCHAR
004020b9*      RT@InpSTR
004020be*      RT@InpArr
004020c3*      RT@InpChArr
Module: C:\WATCOM/lib386/nt\flib7.lib(setunit.c)
004020d0       RT@SetUnit
Module: C:\WATCOM/lib386/nt\flib7.lib(setfile.c)
00402110       RT@SetFile
Module: C:\WATCOM/lib386/nt\flib7.lib(exopen.c)
00402860       RT@IOOpen
004183e4+      _AccModTab
004183f4+      _FormTab
00418400+      _OpStatTab
00418414+      _BlnkTab
00418420+      _RecFmTab
00418430+      _CCtrlTab
0041843c+      _ActionTab
0041844c+      _ShareTab
Module: C:\WATCOM/lib386/nt\flib7.lib(stop.c)
004028a0       RT@Stop
00418464+      LG@STOP_HOOK
Module: C:\WATCOM/lib386/nt\flib7.lib(exclose.c)
00402a00       RT@IOClose
Module: C:\WATCOM/lib386\math387r.lib(fchop87)
00402a18       __CHP
Module: C:\WATCOM/lib386/nt\flib7.lib(lexcmp.c)
00402a50+      LexStrCmp_
00402ab0       RT@LexCmp
Module: C:\WATCOM/lib386\math387r.lib(fmod87)
00402adf*      fmod_
00402ac4*      IF@DFMOD
00402ac4       IF@FMOD
Module: C:\WATCOM/lib386\math387r.lib(trig87)
00402b3d*      sin_
00402b31*      cos_
00402b5e*      tan_
00402af0       IF@COS
00402af0*      IF@DCOS
00402afa       IF@SIN
00402afa*      IF@DSIN
00402b49*      IF@TAN
00402b49*      IF@DTAN
Module: C:\WATCOM/lib386/nt\clib3r.lib(cstrtwnt)
00402b6a       _cstart_
00402b6a*      mainCRTStartup
Module: C:\WATCOM/lib386/nt\clib3r.lib(_8087)
00418484       __8087
00418485       __real87
Module: C:\WATCOM/lib386/nt\emu387.lib(386)
00402bc8       __init_387_emulator
00402bc9*      __fini_387_emulator
Module: C:\WATCOM/lib386/nt\flib7.lib(initeng.c)
0041a060       __init_english
Module: C:\WATCOM/lib386/nt\flib7.lib(initerr.c)
0041a064       __init_error
Module: C:\WATCOM/lib386/nt\flib7.lib(exwrite.c)
00402c40       DoWrite_
Module: C:\WATCOM/lib386/nt\flib7.lib(setiocb.c)
00402c70       RT@SetIOCB
Module: C:\WATCOM/lib386/nt\flib7.lib(rdata.c)
0041a070       _IORslt
0041a080       _FmtBuff
0041a084*      _Fmt_revert
0041a088*      _Fmt_start
0041a08c*      _Fmt_paren_level
0041a090*      _Fmt_charptr
0041a094*      _FmtEmStruct
0041a098       _IOTypeRtn
0041a09c*      _Fmt_end
0041a0a0*      _Fmt_rep_spec
0041a0a4       _FmtRoutine
0041a0a8       _IOCB
0041a0ac       _Files
0041a0b0*      _Fmt_delimited
Module: C:\WATCOM/lib386/nt\flib7.lib(iomain.c)
00402d00       __ReleaseIOSys_
00402d20       IOMain_
Module: C:\WATCOM/lib386/nt\clib3r.lib(crwdata)
004184cc       __osmajor
004184cd       __osminor
004184ce       __osbuild
004184d0       __osver
004184d4       __winmajor
004184d8       __winminor
004184dc       __winver
00418498       __LpDllName
0041849c       __LpwCmdLine
004184a0       __LpwPgmName
004184a4       __LpwDllName
00418490       __LpCmdLine
00418494       __LpPgmName
00418488*      __dynend
0041848c       __curbrk
004184a8*      __STACKLOW
004184ac       __STACKTOP
004184b0       __ASTACKSIZ
004184b4       __ASTACKPTR
004184b8*      __cbyte
004184bc*      __cbyte2
004184c0*      __child
004184c6       __Envptr
004184ca*      __Envseg
004184c4       __no87
004184e0       ___FPE_handler
Module: C:\WATCOM/lib386/nt\flib7.lib(thrdutil.c)
00402f30*      __InitMultiThreadIO_
004184e8       ___SwitchStkLow
Module: C:\WATCOM/lib386/nt\flib7.lib(rtinit.c)
004184ec       ___FAppType
004184f0       __ExceptionInit
004184f4       __ExceptionFini
00402f50*      __InitFThreadData_
00402f90+      RTSysFini_
00402fa0       RTSysInit_
004184fc       __AccessFIO
00418500       __ReleaseFIO
00418504       __PartialReleaseFIO
0041a0b8       ___FThreadDataOffset
00419446*      ___fthread_data_size
Module: C:\WATCOM/lib386/nt\flib7.lib(rtsysutl.c)
00403000       GetSysIOInfo_
00403020       GetSysFileInfo_
00403050       IsDevice_
00403220       OpenAction_
00403260*      DfltRecType_
00403280+      _FileAttrs_
00403340       CloseFile_
004033b0       Scrtched_
004033d0       CloseDeleteFile_
00403420       Errf_
00403440       FPutBuff_
004034b0       FGetBuff_
00403500       SeekFile_
00403520       NoEOF_
00403530       SysClearEOF_
00403540       SameFile_
00403550*      Rewindf_
00403570       SysCreateFile_
004035b0       CheckLogicalRecord_
004035d0       SkipLogicalRecord_
004035f0*      BackSpacef_
00403620*      EndFilef_
00403660       GetIOErrMsg_
004036a0       ReportNExist_
004036c0       ReportEOF_
004036d0       WaitForEnter_
Module: C:\WATCOM/lib386/nt\flib7.lib(rterr.c)
00418508+      _TraceRoutine
00403700       FlushStdUnit_
00403750+      WriteErr_
00403820       ErrHandler_
00403860       RTErr_
00418514+      LG@ERR_HOOK
Module: C:\WATCOM/lib386/nt\flib7.lib(stdio.c)
004038a0       StdBuffer_
004038c0       StdWrite_
004039a0       StdFlush_
004039d0       StdWriteNL_
Module: C:\WATCOM/lib386/nt\flib7.lib(rfmtexec.c)
00404330       R_FExec_
Module: C:\WATCOM/lib386/nt\flib7.lib(exread.c)
004043e0       DoRead_
Module: C:\WATCOM/lib386/nt\flib7.lib(rtutls.c)
00404430       FindFtnFile_
00404520       RChkAlloc_
00404550       F_Connect_
004045d0       ConnectFile_
004045e0       GetFileInfo_
004046d0       DiscoFile_
00404740*      ChkFileName_
00404770+      ChkLogFile_
004047b0       ChkIOOperation_
004047f0       GetIOErr_
00404800       ChkIOErr_
00404820       ChkUnitId_
00404860*      ChkConnected_
00404880       SetEOF_
004048b0       ClearEOF_
004048f0       SysEOF_
00404920       IsFixed_
00404930       IsCarriage_
00404940*      ChkRecordStructure_
00404970*      ChkSequential_
00404990*      ChkExist_
004049c0       StrItem_
Module: C:\WATCOM/lib386/nt\flib7.lib(exutil.c)
00404a40       FindKWord_
00404ad0*      ClrBuff_
00418920       _SpecId
Module: C:\WATCOM/lib386/nt\flib7.lib(ioerr.c)
00404b20       IOErr_
Module: C:\WATCOM/lib386/nt\flib7.lib(runmain.c)
00404bb0*      __InitUnit6CC_
00404bc0       __DevicesCC_
00404bd0*      __InitAllowCommaSeparator_
00404be0       __AllowCommaSep_
00404bf0+      _InitIO_
00404c60+      CloseAllFiles_
00404ca0*      _FiniEx_
00404ca0       RunExit_
00404ce0       RunEntry_
Module: C:\WATCOM/lib386/nt\flib7.lib(rdwr.c)
00404d10       DoOpen_
00404d40+      _AllocBuffer_
00404d80       IOPrologue_
00404fc0       UpdateRecNum_
Module: C:\WATCOM/lib386/nt\clib3r.lib(mainwnt.c)
0041894c       ___TlsIndex
00418950       ___FirstThreadData
00418954       ___GetThreadPtr
00418958       __AccessFileH
0041895c       __ReleaseFileH
00418960       __AccessIOB
00418964       __ReleaseIOB
00418968       __AccessNHeap
0041896c       __AccessFHeap
00418970       __ReleaseNHeap
00405010*      __threadid_
00405030+      __sig_null_rtn_
00405040+      __NTInit_
00405220+      __NTFini_
00405280       __NTMainInit_
004052e0       __exit_
00418974       __ReleaseFHeap
00418978       __AccessTDList
0041897c       __ReleaseTDList
00418980       __AccessFList
00418984       __ReleaseFList
00418988       __ThreadExitRtn
0041898c       ___sig_init_rtn
00418990       ___sig_fini_rtn
00418994       ___process_fini
0041a0c8       ___Is_DLL
Module: C:\WATCOM/lib386/nt\flib7.lib(spawn.c)
00405330       Spawn_
00405390       Suicide_
Module: C:\WATCOM/lib386/nt\clib3r.lib(chipvar)
00418998       ___chipbug
00418998       __chipbug
Module: C:\WATCOM/lib386/nt\clib3r.lib(chipr32.asm)
00415c1f       __fprem_chk
00415ed8*      __fprem1_chk
Module: C:\WATCOM/lib386/nt\clib3r.lib(chipt32.asm)
004053c8       __fptan_chk
Module: C:\WATCOM/lib386/nt\clib3r.lib(main2wnt.c)
00405480       __NTMain
Module: C:\WATCOM/lib386/nt\clib3r.lib(segdefns)
00401003       ___begtext
00418000*      __nullarea
00419428       __Start_XI
00419476       __End_XI
00419476       __Start_YI
004194a6       __End_YI
Module: C:\WATCOM/lib386/nt\clib3r.lib(chk8087.c)
00405500*      _fpreset_
00405540       __chk8087_
00405550*      __init_8087_
Module: C:\WATCOM/lib386/nt\flib7.lib(english.c)
004055a0       __UseEnglishCharSet_
Module: C:\WATCOM/lib386/nt\flib7.lib(errincl.c)
004056b0       __InitError_
0041899c+      _PGroupTable
004189a0+      _PErrWord
Module: C:\WATCOM/lib386/nt\flib7.lib(unfmtout.c)
004057b0       UnFmtOut_
Module: C:\WATCOM/lib386/nt\flib7.lib(freeout.c)
00405c00       FreeOut_
004189a4+      _OutRtn
Module: C:\WATCOM/lib386/nt\flib7.lib(ioinit.c)
00405cf0       IOSysInit_
Module: C:\WATCOM/lib386/nt\flib7.lib(rttraps.c)
00405e10       __EnableF77RTExceptionHandling_
00405e20       R_TrapInit_
00405eb0       R_TrapFini_
00405ec0*      __InitExceptionVectors_
Module: C:\WATCOM/lib386/nt\flib7.lib(errrtns.c)
0041a6e4       ___ErrorFini
0041a6e8       ___ErrorInit
0041a6ec       ___BldErrMsg
Module: C:\WATCOM/lib386/nt\clib3r.lib(nodefwin.c)
004189dc*      __WindowsIsWindowedHandle
004189e0*      __WindowsRemoveWindowedHandle
004189e4*      __WindowsNewWindow
004189e8*      __WindowsCloseWindow
004189ec*      __WindowsSetAbout
004189f0*      __WindowsSetAppTitle
004189f4*      __WindowsSetConTitle
004189f8*      __WindowsDestroyOnClose
004189fc*      __WindowsYieldControl
00418a00*      __WindowsShutDown
00418a04*      __WindowsStdin
00418a08       __WindowsStdout
00418a0c*      __WindowsKbhit
00418a10*      __WindowsGetch
00418a14*      __WindowsGetche
00418a18*      __WindowsPutch
00405ee0*      _dwShutDown_
00405ee0*      _dwYield_
00405ee0*      _dwSetConTitle_
00405ee0*      _dwSetAppTitle_
00405ee0*      _dwSetAboutDlg_
00405ee0       _dwDeleteOnClose_
00418a1c*      __WindowsExitRtn
0041a6f0*      __init_default_win
Module: C:\WATCOM/lib386/nt\clib3r.lib(atexit.c)
00405ee3       atexit_
Module: C:\WATCOM/lib386/nt\clib3r.lib(regdata.c)
00405f40       __RegisterThreadDataSize_
Module: C:\WATCOM/lib386/nt\clib3r.lib(accsswnt.c)
00405f70       access_
Module: C:\WATCOM/lib386/nt\clib3r.lib(fullpath.c)
00405fb0+      _sys_fullpath_
00406030       _fullpath_
Module: C:\WATCOM/lib386/nt\flib7.lib(rmemmgr.c)
004060a0       RMemAlloc_
004060b0       RMemFree_
Module: C:\WATCOM/lib386/nt\clib3r.lib(fstatwnt.c)
004060c0       fstat_
Module: C:\WATCOM/lib386/nt\flib7.lib(poserr.c)
00406420       Errorf_
00406440*      EOFile_
00406460       ErrorMsg_
004064a0       FSetTrunc_
004064b0       FSetSysErr_
004064d0       FSetErr_
004064f0       FSetEof_
00406510       IOOk_
Module: C:\WATCOM/lib386/nt\clib3r.lib(statwnt.c)
00406635       stat_
Module: C:\WATCOM/lib386/nt\flib7.lib(posopen.c)
00406870       InitStd_
00406930       SetIOBufferSize_
00406950+      _AllocFile_
00406a40       Openf_
00406b30       Closef_
Module: C:\WATCOM/lib386/nt\flib7.lib(posdat.c)
00418c08       _FStdIn
00418c0c       _FStdOut
00418c10       _FStdErr
Module: C:\WATCOM/lib386/nt\flib7.lib(posflush.c)
00406bb0       FlushBuffer_
Module: C:\WATCOM/lib386/nt\flib7.lib(posdel.c)
00406c60       Scratchf_
Module: C:\WATCOM/lib386/nt\flib7.lib(posput.c)
00406c80       FPutRec_
00406cc0       ChopFile_
00406d10*      PutRec_
00406e30       writebytes_
00406eb0       SysWrite_
Module: C:\WATCOM/lib386/nt\flib7.lib(posget.c)
00406ff0       readbytes_
004070c0       SysRead_
00407530       FGetRec_
00407560*      GetRec_
00407580       GetStdChar_
004075d0       FCheckLogical_
00407650       FSkipLogical_
00407720*      FGetVarRecLen_
Module: C:\WATCOM/lib386/nt\flib7.lib(posseek.c)
00407810       FSeekRec_
00407850       CurrFileOffset_
00407850       FGetFilePos_
00407870       SysSeek_
00407a60*      FSeekAbs_
Module: C:\WATCOM/lib386/nt\clib3r.lib(stricmp.c)
00407a70       stricmp_
Module: C:\WATCOM/lib386/nt\flib7.lib(posrew.c)
00407ab0       FRewind_
Module: C:\WATCOM/lib386/nt\flib7.lib(posback.c)
00407b20       FBackspace_
Module: C:\WATCOM/lib386/nt\flib7.lib(postrunc.c)
00407c00       FTruncate_
Module: C:\WATCOM/lib386/nt\clib3r.lib(errno.c)
00407c20       __get_errno_ptr_
00407c30*      __get_doserrno_ptr_
Module: C:\WATCOM/lib386/nt\flib7.lib(errutil.c)
00407c40       BldErrCode_
00407ca0*      MsgFormat_
00407cd0*      MsgBuffer_
00418c14+      _PGrpCodes
Module: C:\WATCOM/lib386/nt\clib3r.lib(enterdb.c)
00407d00       __EnterWVIDEO_
00418c18       ___WD_Present
Module: C:\WATCOM/lib386/nt\clib3r.lib(iob.c)
00418c1c       ___iob
00418e24       __fmode
0041a778       ___OpenStreams
0041a77c       ___ClosedStreams
Module: C:\WATCOM/lib386/nt\clib3r.lib(setmd.c)
00407d30       setmode_
Module: C:\WATCOM/lib386/nt\clib3r.lib(write.c)
00408070       write_
Module: C:\WATCOM/lib386/nt\flib7.lib(wrutils.c)
004082d0       F_SendData_
00408330*      SendLine_
00408340       SendEOR_
004083d0*      SendInt_
00408400       SendStr_
00408420+      SendWSLStr_
00408440       SendChar_
00408460       Drop_
00408620       IOItemResult_
Module: C:\WATCOM/lib386/nt\flib7.lib(rfmtutil.c)
004086d0       R_ChkType_
00408700       R_NewRec_
00408740       R_ChkIType_
00408770       R_ChkFType_
004087a0       R_ChkRecLen_
004087c0+      GetLen_
00408800       R_FOStr_
00408810*      FOString_
00408880       R_FIStr_
00408940       R_FOLog_
00408990       R_FILog_
00408a70       R_FIFloat_
00408c60       GetReal_
00408d70       R_FOF_
00408df0       R_FOE_
00408f30+      FmtH2B_
00409020       R_FIHex_
004091a0       R_FOHex_
004091b0*      FOHex_
004092b0       R_FIInt_
004093c0       R_FOInt_
00409620       R_FOG_
004098a0+      ChkBuffLen_
Module: C:\WATCOM/lib386/nt\flib7.lib(arrayio.c)
00409960       ArrayIOType_
Module: C:\WATCOM/lib386/nt\flib7.lib(unfmtin.c)
004099e0       UnFmtIn_
00409a80+      NextUnFmtRec_
Module: C:\WATCOM/lib386/nt\flib7.lib(freein.c)
00409e60+      GetNum_
0040a060       FreeIn_
0040a070*      DoFreeIn_
0040a0a0+      BumpComma_
0040a0d0+      Blanks_
0040a0f0+      CheckEor_
Module: C:\WATCOM/lib386/nt\flib7.lib(fdutil.c)
0040a700       LocFile_
0040a710       LocUnit_
0040a740       ExtractInfo_
Module: C:\WATCOM/lib386/nt\flib7.lib(rstdio.c)
0040a870       _InitStandardInput_
0040a8a0       _InitStandardOutput_
Module: C:\WATCOM/lib386/nt\clib3r.lib(memset.c)
0040a8d0       memset_
Module: C:\WATCOM/lib386/nt\flib7.lib(deffname.c)
00418e28       _DefFName
Module: C:\WATCOM/lib386/nt\flib7.lib(stracc.c)
0040a8f0       TrimStr_
0040a930       GetStr_
Module: C:\WATCOM/lib386/nt\clib3r.lib(memicmp.c)
0040a960       memicmp_
Module: C:\WATCOM/lib386/nt\flib7.lib(blderr.c)
0040aa20       Substitute_
0040abe0       ErrCodOrg_
Module: C:\WATCOM/lib386/nt\flib7.lib(sdfile.c)
00418e30*      _FFCtrlSeq
00418e32*      _SkipCtrlSeq
00418e34       _NormalCtrlSeq
00418e36       _SDTermIn
00418e3a       _SDTermOut
00418e3e*      _SDPrtName
Module: C:\WATCOM/lib386/nt\clib3r.lib(hdlman.c)
00418e44+      ___NHandles
00418e48+      ___OSHandles
00418e4c+      ___FakeHandles
0040abf0+      __growPOSIXHandles_
0040ac90       __allocPOSIXHandle_
0040ad50       __freePOSIXHandle_
0040ad70       __getOSHandle_
0040ad80       __setOSHandle_
0040add0+      __NTGetFakeHandle_
0040ae40       __initPOSIXHandles_
0040af20*      __set_handles_
0040af30*      _grow_handles_
Module: C:\WATCOM/lib386/nt\clib3r.lib(environ.c)
0041a780       ___env_mask
0041a784       _environ
0041a788       __wenviron
Module: C:\WATCOM/lib386/nt\clib3r.lib(getmodfn.c)
0040af70       __lib_GetModuleFileNameW_
Module: C:\WATCOM/lib386/nt\clib3r.lib(strdup.c)
0040b010       __clib_strdup_
Module: C:\WATCOM/lib386/nt\clib3r.lib(istable.c)
0040b050       __IsTable
Module: C:\WATCOM/lib386/nt\clib3r.lib(ustrdup.c)
0040b151       __clib_wcsdup_
Module: C:\WATCOM/lib386/nt\clib3r.lib(nfree.c)
0040b180       _nfree_
0040b180       free_
0041a78c       ___MiniHeapFreeRover
Module: C:\WATCOM/lib386/nt\clib3r.lib(excptwnt.c)
0040b8f0+      ___ReportException@4
0040bd40       __DefaultExceptionHandler_
0040bd80+      ___ExceptionFilter
0040bf90       __NewExceptionFilter_
0040bfc0       __DoneExceptionFilter_
00418e58       ___oscode_check_func
00418e5c       ___raise_func
0041a790*      _sw
0041a794       ___ExceptionHandled
0041a795+      ___ReportInvoked
Module: C:\WATCOM/lib386/nt\clib3r.lib(stklmwnt.c)
0040c000       __init_stack_limits_
Module: C:\WATCOM/lib386/nt\clib3r.lib(initrtns.c)
0040c080       __InitRtns
0040c0d0       __FiniRtns
Module: C:\WATCOM/lib386/nt\clib3r.lib(setjmp)
0040c124       _setjmp_
0040c15d       longjmp_
Module: C:\WATCOM/lib386/nt\clib3r.lib(exit.c)
0040c1e5+      __null_int23_exit_
0040c1e6       exit_
0040c236*      _exit_
00418e74+      ___int23_exit
00418e78+      ___FPE_handler_exit
Module: C:\WATCOM/lib386/nt\clib3r.lib(chipbug.c)
0040c250       __verify_pentium_fdiv_bug_
Module: C:\WATCOM/lib386/nt\clib3r.lib(mthrdini.c)
0040c2b0       __InitThreadData_
00418e7c       ___ThreadDataSize
Module: C:\WATCOM/lib386/nt\clib3r.lib(cmain386.c)
0040c2e0       __CMain
Module: C:\WATCOM/lib386/nt\clib3r.lib(dosseg)
00001234       __DOSseg__
Module: C:\WATCOM/lib386/nt\clib3r.lib(8087cw.c)
00418e80       __8087cw
Module: C:\WATCOM/lib386/nt\clib3r.lib(save8087.c)
00418e84       ___Save8087
00418e88       ___Rest8087
Module: C:\WATCOM/lib386/nt\clib3r.lib(init8087)
0040c324       __x87id
Module: C:\WATCOM/lib386/nt\flib7.lib(csetinfo.c)
0041a798       _CharSetInfo
Module: C:\WATCOM/lib386/nt\flib7.lib(errmsg.c)
0040c690       _GroupTable
0040c740       _ErrWord
Module: C:\WATCOM/lib386/nt\flib7.lib(unfmtutl.c)
0040cd70       _SizeVars
Module: C:\WATCOM/lib386/nt\flib7.lib(undefcg.c)
0040ce10       OutLogCG_
0040ce20       OutIntCG_
0040ce60+      FmtRealCG_
0040ce90+      FmtDoubleCG_
0040cec0+      FmtExtendedCG_
0040cef0+      UndefIntCG_
0040cef0+      UndefLogCG_
0040cef0+      UndefExtendedCG_
0040cef0+      UndefDoubleCG_
0040cef0+      UndefRealCG_
0040cf00+      GetRealCG_
00418e8c       _FmtRealRtn
00418e90       _FmtDoubleRtn
00418e94       _FmtExtendedRtn
00418e98       _SendStrRtn
00418e9c       _UndefRealRtn
00418ea0       _UndefDoubleRtn
00418ea4       _UndefExtendedRtn
00418ea8       _UndefLogRtn
00418eac       _UndefIntRtn
00418eb0       _GetRealRtn
Module: C:\WATCOM/lib386/nt\flib7.lib(cctrl.c)
0040cf10       CheckCCtrl_
Module: C:\WATCOM/lib386/nt\clib3r.lib(signlwnt.c)
00418eb4+      __SignalTable
0040cf80+      __SetSignalFunc_
0040cfd0+      __GetSignalFunc_
0040d000+      __GetSignalOSCode_
0040d030+      __CheckSignalExCode_
0040d170+      __sigabort_
0040d180       __sigfpe_handler_
0040d1d0       signal_
0040d260+      raise_
0040d2d0+      __SigInit_
0040d320+      __SigFini_
0040d360+      __sig_init_
Module: C:\WATCOM/lib386/nt\flib7.lib(fptraps.c)
0040d440*      __MaskDefaultFPE_
0040d460       FPTrapInit_
0040d490       FPTrapFini_
Module: C:\WATCOM/lib386/nt\clib3r.lib(trdlist.c)
0040d500       __GetThreadData_
0040d550       __ReallocThreadData_
0040d640       __AddThreadData_
0040d6c0       __RemoveThreadData_
0040d720       __ResizeThreadDataList_
0040d750       __FreeThreadDataList_
0040d780*      __ActiveThreads_
Module: C:\WATCOM/lib386/nt\clib3r.lib(fgtattr.c)
0040d7a0       __fixed_GetFileAttributesA_
Module: C:\WATCOM/lib386/nt\clib3r.lib(dosret.c)
0040d840*      _dosretax_
0040d850*      _dosret0_
0040d860       __set_errno_dos_
0040d890*      __set_errno_dos_reterr_
0040d8a0       __set_errno_nt_
0040d8b0*      __set_errno_nt_reterr_
Module: C:\WATCOM/lib386/nt\clib3r.lib(seterrno.c)
0040d8c4       __set_errno_
0040d8d2*      __set_EDOM_
0040d8e0       __set_ERANGE_
0040d8ee*      __set_EINVAL_
0040d901       __set_doserrno_
Module: C:\WATCOM/lib386/nt\clib3r.lib(gtcwdwnt.c)
0040d910       getcwd_
Module: C:\WATCOM/lib386/nt\clib3r.lib(nmalloc.c)
0040d9a0       _nmalloc_
0040d9a0       malloc_
00419024       ___nheapbeg
00419028       ___MiniHeapRover
0041902c       ___LargestSizeB4MiniHeapRover
Module: C:\WATCOM/lib386/nt\clib3r.lib(iomode.c)
0040daa0       __GetIOMode_
0040dac0       __SetIOMode_nogrow_
00419030       ___NFiles
00419034       ___init_mode
00419084       ___io_mode
Module: C:\WATCOM/lib386/nt\clib3r.lib(iomodtty.c)
0040dae0       __ChkTTYIOMode_
0040db20       __IOMode_
Module: C:\WATCOM/lib386/nt\clib3r.lib(ntdirinf.c)
0040db40       __MakeDOSDT_
0040db70*      __FromDOSDT_
0040dba0*      __GetNTDirInfo_
0040dbe0*      __NTFindNextFileWithAttr_
Module: C:\WATCOM/lib386/nt\clib3r.lib(d2ttime.c)
0040dc40       _d2ttime_
Module: C:\WATCOM/lib386/nt\clib3r.lib(strerror.c)
0040dfe0       strerror_
0040e000*      _strerror_
0040e0d0*      _doserror_
00419088+      __sys_errlist
0041912c+      __sys_nerr
Module: C:\WATCOM/lib386/nt\clib3r.lib(_strcmp)
0040e100       strcmp_
Module: C:\WATCOM/lib386/nt\clib3r.lib(mbspbrk.c)
0040e240       _mbspbrk_
Module: C:\WATCOM/lib386/nt\clib3r.lib(mbsinc.c)
0040e290       _mbsinc_
Module: C:\WATCOM/lib386/nt\clib3r.lib(tolower.c)
0040e2c0       tolower_
Module: C:\WATCOM/lib386/nt\clib3r.lib(stiomode.c)
0040e2d0       __grow_iomode_
0040e3a0+      __shrink_iomode_
0040e3e0       __SetIOMode_
Module: C:\WATCOM/lib386/nt\clib3r.lib(close.c)
0040e450       close_
Module: C:\WATCOM/lib386/nt\clib3r.lib(openwnt.c)
0040e670*      open_
0040e690       sopen_
Module: C:\WATCOM/lib386/nt\clib3r.lib(lseek.c)
0040e6c0       lseek_
Module: C:\WATCOM/lib386/nt\flib7.lib(poscc.c)
0040e710*      __LineFeedWithFormFeed_
0040e720       FSetCC_
Module: C:\WATCOM/lib386/nt\clib3r.lib(unlnkwnt.c)
0040e780       unlink_
Module: C:\WATCOM/lib386/nt\clib3r.lib(chsizwnt.c)
0040e800       chsize_
Module: C:\WATCOM/lib386/nt\clib3r.lib(read.c)
0040e8f0       read_
Module: C:\WATCOM/lib386/nt\flib7.lib(errgrp.c)
0040ea80       _GrpCodes
Module: C:\WATCOM/lib386/nt\clib3r.lib(initfile.c)
0040eb40       __InitFiles_
Module: C:\WATCOM/lib386/nt\clib3r.lib(ioexit.c)
0040ec40*      fcloseall_
0040ec50       __full_io_exit_
Module: C:\WATCOM/lib386/nt\clib3r.lib(stackwnt.c)
0040ec60       stackavail_
Module: C:\WATCOM/lib386/nt\clib3r.lib(stk)
0040ec71*      __CHK
0040ec81*      __STK
0040eca0       __STKOVERFLOW_
0040ecb0*      __GRO
0040ecd0*      __alloca_probe
Module: C:\WATCOM/lib386/nt\flib7.lib(ifile.c)
0040ecf0       SendIFBuff_
0040ed20       NextIFBuff_
Module: C:\WATCOM/lib386/nt\clib3r.lib(ltoa.c)
0040ed50       ultoa_
0040eda0       ltoa_
Module: C:\WATCOM/lib386/nt\flib7.lib(rdutils.c)
0040edd0       NextRec_
Module: C:\WATCOM/lib386/nt\flib7.lib(rfmtlog.c)
0040eef0       R_FmtLog_
Module: C:\WATCOM/lib386/nt\clib3r.lib(toupper.c)
0040ef20       toupper_
Module: C:\WATCOM/lib386/nt\flib7.lib(fmtcnvt.c)
0040ef30       FmtS2I_
0040f060       FmtS2F_
Module: C:\WATCOM/lib386/nt\flib7.lib(fmtrtns.c)
0040f430       R_F2E_
0040f5a0       R_F2F_
0040f730       SetMaxPrec_
Module: C:\WATCOM/lib386/nt\flib7.lib(flt86.c)
0040f740       _P1d100
0040f748       _P1d_99
Module: C:\WATCOM/lib386\math387r.lib(pow87)
0040f8a9*      pow_
0040f750       IF@DPOW
0040f750*      IF@POW
Module: C:\WATCOM/lib386/nt\flib7.lib(hexcnv.c)
0040f8d0       Hex_
0040f8f0*      HSToB_
0040f960       BToHS_
Module: C:\WATCOM/lib386/nt\clib3r.lib(strupr.c)
0040f9b0       strupr_
Module: C:\WATCOM/lib386/nt\flib7.lib(chrutils.c)
0040f9d0       JmpBlanks_
Module: C:\WATCOM/lib386/nt\clib3r.lib(getenv.c)
0040f9f0       getenv_
Module: C:\WATCOM/lib386/nt\clib3r.lib(__stos)
0040fa80       __STOSB
0040fab7*      __STOSD
Module: C:\WATCOM/lib386/nt\clib3r.lib(memmove.c)
0040fb30       memmove_
Module: C:\WATCOM/lib386/nt\clib3r.lib(itoa.c)
0040fb90       utoa_
0040fbe0       itoa_
Module: C:\WATCOM/lib386/nt\clib3r.lib(nrealloc.c)
0040fc10*      _nrealloc_
0040fc10       realloc_
Module: C:\WATCOM/lib386/nt\clib3r.lib(setenvp.c)
0040fc90       __setenvp_
0040fd50       __freeenvp_
Module: C:\WATCOM/lib386/nt\clib3r.lib(ustrlen.c)
0040fd9d       wcslen_
Module: C:\WATCOM/lib386/nt\clib3r.lib(memcpy.c)
0040fdb0       memcpy_
Module: C:\WATCOM/lib386/nt\clib3r.lib(mem.c)
0040fdd0       __MemAllocator
0040fe80       __MemFree
Module: C:\WATCOM/lib386/nt\clib3r.lib(conutwnt.c)
0040ffd0*      __NTRealKey_
00410080*      __NTConsoleInput_
00410090       __NTConsoleOutput_
Module: C:\WATCOM/lib386/nt\clib3r.lib(fclex387.c)
004100a0       _ClearFPE_
Module: C:\WATCOM/lib386/nt\clib3r.lib(ljmphdl.c)
00419150       ___longjmp_handler
Module: C:\WATCOM/lib386/nt\clib3r.lib(cinit.c)
004100c0       __CommonInit_
Module: C:\WATCOM/lib386/nt\clib3r.lib(___argc.c)
0041a8b8       ____Argc
0041a8bc       ____Argv
Module: C:\WATCOM/lib386/nt\flib7.lib(rtmain.c)
004100d0       main_
Module: C:\WATCOM/lib386/nt\flib7.lib(expchk.c)
004100f0       ToFFormat_
Module: C:\WATCOM/lib386/nt\clib3r.lib(abort.c)
0041014d*      abort_
0041015f       __terminate_
00419154       ___abort
Module: C:\WATCOM/lib386/nt\clib3r.lib(cntrl87.c)
00410180       _control87_
Module: C:\WATCOM/lib386/nt\clib3r.lib(mthread.c)
00410360+      __CloseSemaphore_
004103a0+      __AccessIOB_
004103b0+      __ReleaseIOB_
004103c0+      __AccessFileH_
004103d0+      __ReleaseFileH_
004103e0+      __AccessNHeap_
004103f0+      __ReleaseNHeap_
00410400+      __AccessFHeap_
00410410+      __ReleaseFHeap_
00410420+      __AccessTDList_
00410430+      __ReleaseTDList_
00410440+      __AccessFList_
00410450+      __AccessSemaphore_
004104b0+      __ReleaseFList_
004104c0+      __ReleaseSemaphore_
004104f0+      __MultipleThread_
00410540+      __AllocInitThreadData_
00410590*      __FreeInitThreadData_
004105a0       __NTThreadInit_
00410610       __NTAddThread_
00410660       __NTRemoveThread_
004106f0       __InitMultipleThread_
00419158+      ___AccessSema4
0041915c+      ___ReleaseSema4
00419160+      ___CloseSema4
Module: C:\WATCOM/lib386/nt\clib3r.lib(xmsgwnt.c)
004108b0+      __exit_with_msg_
00410910       __fatal_runtime_error_
Module: C:\WATCOM/lib386/nt\clib3r.lib(calloc.c)
00410930       calloc_
Module: C:\WATCOM/lib386/nt\clib3r.lib(register.c)
00410960       __initthread_
00410970*      _beginthread_
00410980       _endthread_
00410990*      __RegisterThreadData_
Module: C:\WATCOM/lib386/nt\clib3r.lib(nmemneed.c)
004109e0       __nmemneed_
Module: C:\WATCOM/lib386/nt\clib3r.lib(grownear.c)
00410b50       __ExpandDGROUP_
Module: C:\WATCOM/lib386/nt\clib3r.lib(isattwnt.c)
00410b70       isatty_
Module: C:\WATCOM/lib386/nt\clib3r.lib(strncpy.c)
00410b90       strncpy_
Module: C:\WATCOM/lib386/nt\clib3r.lib(mktime.c)
00410bd0       mktime_
Module: C:\WATCOM/lib386/nt\clib3r.lib(mbterm.c)
00410c60       _mbterm_
Module: C:\WATCOM/lib386/nt\clib3r.lib(mbsnextc.c)
00410ca0       _mbsnextc_
Module: C:\WATCOM/lib386/nt\clib3r.lib(mbschr.c)
00410ce0       _mbschr_
Module: C:\WATCOM/lib386/nt\clib3r.lib(mbisdbcs.c)
0041b02c       ___IsDBCS
Module: C:\WATCOM/lib386/nt\clib3r.lib(mbislead.c)
00410d40*      _ismbblead_
0041b030       ___MBCSIsTable
Module: C:\WATCOM/lib386/nt\clib3r.lib(_clsewnt.c)
00410d60       __close_
Module: C:\WATCOM/lib386/nt\clib3r.lib(ntfio.c)
00410dc0*      __GetNTCreateAttr_
00410e00       __GetNTAccessAttr_
00410e30       __GetNTShareAttr_
Module: C:\WATCOM/lib386/nt\clib3r.lib(umaskval.c)
00419170       ___umaskval
Module: C:\WATCOM/lib386/nt\clib3r.lib(__lseek.c)
00410e90       __lseek_
Module: C:\WATCOM/lib386/nt\clib3r.lib(fclose.c)
00410ed0+      __doclose_
00410f70       __shutdown_stream_
00410f90*      fclose_
0041b134+      ___RmTmpFileFn
Module: C:\WATCOM/lib386/nt\clib3r.lib(freefp.c)
00410fe0       __freefp_
00411030       __purgefp_
Module: C:\WATCOM/lib386/nt\clib3r.lib(alphabet.c)
004182c0       ___Alphabet
Module: C:\WATCOM/lib386/nt\flib7.lib(intarith.c)
00411060       AddIOFlo_
00411070*      SubIOFlo_
00411080       MulIOFlo_
Module: C:\WATCOM/lib386\math387r.lib(strtod.c)
004115a3+      __Strtold_
0041170a       strtod_
Module: C:\WATCOM/lib386\math387r.lib(ldcvt.c)
0041192d       _LDScale10x_
00411ed4       __LDcvt_
Module: C:\WATCOM/lib386\math387r.lib(pow87e.c)
00412321       __pow87_err_
Module: C:\WATCOM/lib386\math387r.lib(exp87)
0041240f*      exp_
004123a8*      __@DEXP1
004123b0*      IF@EXP
004123b0*      IF@DEXP
004123b2       __@DEXP
Module: C:\WATCOM/lib386/nt\clib3r.lib(chipd32.asm)
00412533       __fdiv_fpr
004129f5*      __fdiv_chk
00412a08*      __fdiv_m32
00412a55*      __fdiv_m64
00412aa2*      __fdiv_m32r
00412aef*      __fdiv_m64r
Module: C:\WATCOM/lib386/nt\clib3r.lib(mbcupper.c)
00412b40       _mbctoupper_
Module: C:\WATCOM/lib386/nt\clib3r.lib(nmsize.c)
00412b70       _nmsize_
00412b70*      _msize_
Module: C:\WATCOM/lib386/nt\clib3r.lib(nexpand.c)
00412b80       _nexpand_
00412b80*      _expand_
00412bc0+      __HeapManager_expand_
Module: C:\WATCOM/lib386/nt\clib3r.lib(dofilstr.c)
00412da0       __ParsePosixHandleStr_
Module: C:\WATCOM/lib386/nt\clib3r.lib(clearenv.c)
00412ec0       clearenv_
Module: C:\WATCOM/lib386/nt\clib3r.lib(argcv.c)
0041b138       __argc
0041b13c       __argv
0041b140       ___argv
0041b144       ___argc
Module: C:\WATCOM/lib386/nt\clib3r.lib(trdalloc.c)
00412f50       __FiniThreadProcessing_
Module: C:\WATCOM/lib386/nt\clib3r.lib(nheapmin.c)
00412f60       _nheapshrink_
00412f60*      _nheapmin_
00412f60*      _heapmin_
00412f60       _heapshrink_
Module: C:\WATCOM/lib386/nt\clib3r.lib(thredwnt.c)
00413100       __CBeginThread_
004131a0       __CEndThread_
Module: C:\WATCOM/lib386/nt\clib3r.lib(amblksiz.c)
0041922c       __amblksiz
Module: C:\WATCOM/lib386/nt\clib3r.lib(heapen.c)
004131e0*      _heapenable_
00419230       ___heap_enabled
Module: C:\WATCOM/lib386/nt\clib3r.lib(locmktim.c)
00413210       __local_mktime_
Module: C:\WATCOM/lib386/nt\clib3r.lib(gmtime.c)
00413390       __brktime_
00413490+      _gmtime_
004134b0*      gmtime_
Module: C:\WATCOM/lib386/nt\clib3r.lib(tzset.c)
00419234       ___start_dst
00419258       ___end_dst
00419380*      _tzname
00419388       _timezone
0041938c       _daylight
00419390       ___dst_adjust
00413520*      __DontCacheOSTZ_
00413530*      __CacheOSTZ_
00413a10+      __parse_tz_
00413e00       tzset_
Module: C:\WATCOM/lib386/nt\clib3r.lib(timeutil.c)
00413f70       __isindst_
Module: C:\WATCOM/lib386/nt\clib3r.lib(mbconv.c)
004142a0       _mbvtop_
Module: C:\WATCOM/lib386/nt\clib3r.lib(mbclen.c)
004142c0       _mbclen_
Module: C:\WATCOM/lib386/nt\clib3r.lib(mbccmp.c)
004142f0       _mbccmp_
Module: C:\WATCOM/lib386/nt\clib3r.lib(mbinit.c)
00414365       __mbinit_
00419398       ___MBCodePage
Module: C:\WATCOM/lib386/nt\clib3r.lib(flush.c)
00414460       __flush_
Module: C:\WATCOM/lib386\math387r.lib(bufld386)
0041455c       __ZBuf2LD
Module: C:\WATCOM/lib386\math387r.lib(inf_nan.c)
004145ff*      ___f_infinity
00414603*      ___f_posqnan
00414607       ___d_infinity
0041460f       ___d_posqnan
00414617*      ___ld_infinity
0041461f*      ___ld_posqnan
Module: C:\WATCOM/lib386/nt\clib3r.lib(hugeval.c)
00414630       __HugeValue
Module: C:\WATCOM/lib386\math387r.lib(ldclass.c)
00414638       __LDClass_
00414688*      _FLClass_
Module: C:\WATCOM/lib386/nt\flib7.lib(_matherr.c)
004146a0*      __imath2err_
004146e0*      __amath1err_
00414710*      __amath2err_
00414740       __math2err_
00414850       __math1err_
00414860*      __zmath2err_
004148c0*      __qmath2err_
Module: C:\WATCOM/lib386\math387r.lib(math87e.c)
00414926       __math87_err_
Module: C:\WATCOM/lib386/nt\clib3r.lib(strtol.c)
00414bc0*      strtoul_
00414bd0       strtol_
Module: C:\WATCOM/lib386/nt\clib3r.lib(putenv.c)
00414be0       putenv_
00414e70       __putenv_
Module: C:\WATCOM/lib386/nt\clib3r.lib(initargv.c)
00414fe0       __Init_Argv_
00415030+      _getargv_
004151d0       __Fini_Argv_
Module: C:\WATCOM/lib386/nt\clib3r.lib(leapyear.c)
004151e0       __leapyear_
004182e8       ___diyr
00418302       ___dilyr
Module: C:\WATCOM/lib386/nt\clib3r.lib(wcstombs.c)
00415220       wcstombs_
Module: C:\WATCOM/lib386/nt\clib3r.lib(fsync.c)
004152c0       fsync_
Module: C:\WATCOM/lib386/nt\clib3r.lib(qwrit.c)
00415310       __qwrite_
Module: C:\WATCOM/lib386/nt\clib3r.lib(mbslen.c)
004153f0       _mbslen_
Module: C:\WATCOM/lib386/nt\clib3r.lib(mbstowcs.c)
00415420       mbstowcs_
Module: C:\WATCOM/lib386/nt\clib3r.lib(uputenv.c)
004154a0*      _wputenv_
004156c0       __wputenv_
Module: C:\WATCOM/lib386/nt\clib3r.lib(histsplt.c)
0041b14c       ___historical_splitparms
Module: C:\WATCOM/lib386/nt\clib3r.lib(wctomb.c)
004157c0       wctomb_
Module: C:\WATCOM/lib386/nt\clib3r.lib(mbtowc.c)
00415800       mbtowc_
Module: C:\WATCOM/lib386/nt\clib3r.lib(ustrchr.c)
00415890       wcschr_
Module: C:\WATCOM/lib386/nt\clib3r.lib(setenvar.c)
004158b0       __lib_SetEnvironmentVariableW_
Module: C:\WATCOM/lib386/nt\clib3r.lib(crtwenv.c)
004159a0       __create_wide_environment_
Module: C:\WATCOM/lib386/nt\clib3r.lib(utoupper.c)
00415a08       towupper_


                        +----------------------+
                        |   Imported Symbols   |
                        +----------------------+

Symbol                              Module
======                              ======

_MessageBoxA@16                     USER32.DLL
_GetEnvironmentStringsA@0           KERNEL32.DLL
_GetVersion@0                       KERNEL32.DLL
_GetModuleFileNameA@12              KERNEL32.DLL
_GetCommandLineA@0                  KERNEL32.DLL
_GetCommandLineW@0                  KERNEL32.DLL
_FreeEnvironmentStringsA@4          KERNEL32.DLL
_GetModuleHandleA@4                 KERNEL32.DLL
_ExitProcess@4                      KERNEL32.DLL
_RtlUnwind@16                       KERNEL32.DLL
_GetFullPathNameA@16                KERNEL32.DLL
_GetFileType@4                      KERNEL32.DLL
_GetFileInformationByHandle@8       KERNEL32.DLL
_GetFileTime@16                     KERNEL32.DLL
_GetFileSize@8                      KERNEL32.DLL
_CreateFileA@28                     KERNEL32.DLL
_CloseHandle@4                      KERNEL32.DLL
_GetLastError@0                     KERNEL32.DLL
_GetDriveTypeA@4                    KERNEL32.DLL
_FindFirstFileA@8                   KERNEL32.DLL
_FindClose@4                        KERNEL32.DLL
_SetFilePointer@16                  KERNEL32.DLL
_WriteFile@20                       KERNEL32.DLL
_SetStdHandle@8                     KERNEL32.DLL
_CreateEventA@16                    KERNEL32.DLL
_GetStdHandle@4                     KERNEL32.DLL
_GetModuleFileNameW@12              KERNEL32.DLL
_MultiByteToWideChar@24             KERNEL32.DLL
_LoadLibraryA@4                     KERNEL32.DLL
_GetProcAddress@8                   KERNEL32.DLL
_SetUnhandledExceptionFilter@4      KERNEL32.DLL
_UnhandledExceptionFilter@4         KERNEL32.DLL
_VirtualQuery@12                    KERNEL32.DLL
_GetCurrentThreadId@0               KERNEL32.DLL
_SetConsoleCtrlHandler@8            KERNEL32.DLL
_TlsGetValue@4                      KERNEL32.DLL
_TlsSetValue@8                      KERNEL32.DLL
_GetFileAttributesA@4               KERNEL32.DLL
_GetCurrentDirectoryA@8             KERNEL32.DLL
_FileTimeToLocalFileTime@8          KERNEL32.DLL
_FileTimeToDosDateTime@12           KERNEL32.DLL
_DosDateTimeToFileTime@12           KERNEL32.DLL
_LocalFileTimeToFileTime@8          KERNEL32.DLL
_FindNextFileA@8                    KERNEL32.DLL
_FormatMessageA@28                  KERNEL32.DLL
_DeleteFileA@4                      KERNEL32.DLL
_SetEndOfFile@4                     KERNEL32.DLL
_ReadFile@20                        KERNEL32.DLL
_InitializeCriticalSection@4        KERNEL32.DLL
_DeleteCriticalSection@4            KERNEL32.DLL
_LeaveCriticalSection@4             KERNEL32.DLL
_EnterCriticalSection@4             KERNEL32.DLL
_SetLastError@4                     KERNEL32.DLL
_TlsAlloc@0                         KERNEL32.DLL
_TlsFree@4                          KERNEL32.DLL
_VirtualAlloc@16                    KERNEL32.DLL
_CharUpperA@4                       USER32.DLL
_VirtualFree@12                     KERNEL32.DLL
_CreateThread@24                    KERNEL32.DLL
_ResumeThread@4                     KERNEL32.DLL
_ExitThread@4                       KERNEL32.DLL
_GetTimeZoneInformation@4           KERNEL32.DLL
_GetACP@0                           KERNEL32.DLL
_GetOEMCP@0                         KERNEL32.DLL
_GetCPInfo@8                        KERNEL32.DLL
_SetEnvironmentVariableA@8          KERNEL32.DLL
_FlushFileBuffers@4                 KERNEL32.DLL
_WideCharToMultiByte@32             KERNEL32.DLL
_SetEnvironmentVariableW@8          KERNEL32.DLL


                        +--------------------+
                        |   Libraries Used   |
                        +--------------------+

C:\WATCOM/lib386/nt\kernel32.lib
C:\WATCOM/lib386/nt\user32.lib
C:\WATCOM/lib386/nt\flib7.lib
C:\WATCOM/lib386\math387r.lib
C:\WATCOM/lib386/nt\clib3r.lib
C:\WATCOM/lib386/nt\emu387.lib


                        +-----------------------+
                        |   Linker Statistics   |
                        +-----------------------+

Stack size:  00010000 (65536.)
Memory size:  00028a74 (166516.)
Entry point address: 00402b6a
Link time: 00:00.43
