Open Watcom Linker Version 1.9
Portions Copyright (c) 1985-2002 Sybase, Inc. All Rights Reserved.
Created on:       25/03/15 11:06:02
Executable Image: lab4proj.exe
creating a Windows NT character-mode executable


                        +------------+
                        |   Groups   |
                        +------------+

Group                           Address              Size
=====                           =======              ====

.idata                          00413000             00000786
DGROUP                          00414000             0001cd40



                        +--------------+
                        |   Segments   |
                        +--------------+

Segment                Class          Group          Address         Size
=======                =====          =====          =======         ====

BEGTEXT                CODE           AUTO           00401000        00000007
_TEXT                  CODE           AUTO           00401010        00011ae8
TRANSFER CODE          CODE           AUTO           00412af8        0000019e
.idata                 .idata         .idata         00413000        00000786
_NULL                  BEGDATA        DGROUP         00414000        00000004
_AFTERNULL             BEGDATA        DGROUP         00414004        00000000
CONST                  DATA           DGROUP         00414010        000000cc
_DATA                  DATA           DGROUP         004140e0        00000fd8
XIB                    DATA           DGROUP         004150b8        00000000
XI                     DATA           DGROUP         004150b8        0000004e
XIE                    DATA           DGROUP         00415106        00000000
YIB                    DATA           DGROUP         00415106        00000000
YI                     DATA           DGROUP         00415106        00000030
YIE                    DATA           DGROUP         00415136        00000000
CONST2                 DATA           DGROUP         00415138        00000000
TIB                    DATA           DGROUP         00415138        00000000
TI                     DATA           DGROUP         00415138        00000000
TIE                    DATA           DGROUP         00415138        00000000
DATA                   DATA           DGROUP         00415138        00000000
DATA32                 DATA           DGROUP         00415138        0000011c
MESH                   MESH           DGROUP         00416000        00000004
CONST32                CONST          DGROUP         00416004        00000000
_BSS                   BSS            DGROUP         00416010        000010f0
GDATA@0                BSS            DGROUP         00417100        00009c40
BSS32                  BSS            DGROUP         00420d40        00000000
STACK                  STACK          DGROUP         00420d40        00010000


                        +----------------+
                        |   Memory Map   |
                        +----------------+

* = unreferenced symbol
+ = symbol only referenced locally

Address        Symbol
=======        ======

Module: lab4src.obj(C:\Users\borov\source\repos\nstu\Numerical_computations\lab4\lab4src.for)
00401010       FMAIN
00401101+      MAKEMESH
004011aa+      RECTANGLE
0040127f+      SIMPSON
00401377+      FUN
00416000+      MESH
Module: C:\Users\borov\Documents\WATCOM/lib386/nt\flib7.lib(cowrite)
004013a2       RT@IOWrite
004013b1*      RT@OutLOG1
004013c3*      RT@OutLOG4
004013d1*      RT@OutINT1
004013e3*      RT@OutINT2
004013f3       RT@OutINT4
00401402       RT@OutREAL
00401412*      RT@OutDBLE
00401422*      RT@OutXTND
00401432*      RT@OutCPLX
00401448*      RT@OutDBCX
0040145e*      RT@OutXTCX
00401474       RT@OutCHAR
00401479*      RT@OutSTR
0040147e*      RT@PrtArr
00401483*      RT@PrtChArr
Module: C:\Users\borov\Documents\WATCOM/lib386/nt\flib7.lib(cortns)
00414118*      _FRT_SaveESP
00401493*      SwitchToGen
004014b1       SwitchToRT
004014cf       RdWrCommon
00401573       IOType_
00401591       IOChar
004015ac       IOStr
004015c1       IOArr
004015dc       IOChArr
004015fe       RT@EndIO
Module: C:\Users\borov\Documents\WATCOM/lib386/nt\flib7.lib(pause.c)
00401620       RT@Pause
00414138*      LG@PAUSE_HOOK
Module: C:\Users\borov\Documents\WATCOM/lib386/nt\clib3r.lib(cstrtwnt)
00401664       _cstart_
00401664*      mainCRTStartup
Module: C:\Users\borov\Documents\WATCOM/lib386/nt\clib3r.lib(_8087)
0041413c       __8087
0041413d       __real87
Module: C:\Users\borov\Documents\WATCOM/lib386/nt\emu387.lib(386)
004016c0       __init_387_emulator
004016c1*      __fini_387_emulator
Module: C:\Users\borov\Documents\WATCOM/lib386/nt\flib7.lib(initeng.c)
00416010       __init_english
Module: C:\Users\borov\Documents\WATCOM/lib386/nt\flib7.lib(initerr.c)
00416014       __init_error
Module: C:\Users\borov\Documents\WATCOM/lib386/nt\flib7.lib(exwrite.c)
00401740       DoWrite_
Module: C:\Users\borov\Documents\WATCOM/lib386/nt\flib7.lib(setiocb.c)
00401770       RT@SetIOCB
Module: C:\Users\borov\Documents\WATCOM/lib386/nt\flib7.lib(rdata.c)
00416020       _IORslt
00416030       _FmtBuff
00416034*      _Fmt_revert
00416038*      _Fmt_start
0041603c*      _Fmt_paren_level
00416040*      _Fmt_charptr
00416044*      _FmtEmStruct
00416048       _IOTypeRtn
0041604c*      _Fmt_end
00416050*      _Fmt_rep_spec
00416054       _FmtRoutine
00416058       _IOCB
0041605c       _Files
00416060*      _Fmt_delimited
Module: C:\Users\borov\Documents\WATCOM/lib386/nt\flib7.lib(iomain.c)
00401800       __ReleaseIOSys_
00401820       IOMain_
Module: C:\Users\borov\Documents\WATCOM/lib386/nt\clib3r.lib(crwdata)
00414184       __osmajor
00414185       __osminor
00414186       __osbuild
00414188       __osver
0041418c       __winmajor
00414190       __winminor
00414194       __winver
00414150       __LpDllName
00414154       __LpwCmdLine
00414158       __LpwPgmName
0041415c       __LpwDllName
00414148       __LpCmdLine
0041414c       __LpPgmName
00414140*      __dynend
00414144       __curbrk
00414160*      __STACKLOW
00414164       __STACKTOP
00414168       __ASTACKSIZ
0041416c       __ASTACKPTR
00414170*      __cbyte
00414174*      __cbyte2
00414178*      __child
0041417e       __Envptr
00414182*      __Envseg
0041417c       __no87
00414198       ___FPE_handler
Module: C:\Users\borov\Documents\WATCOM/lib386/nt\flib7.lib(thrdutil.c)
00401a30*      __InitMultiThreadIO_
004141a0       ___SwitchStkLow
Module: C:\Users\borov\Documents\WATCOM/lib386/nt\flib7.lib(rtinit.c)
004141a4       ___FAppType
004141a8       __ExceptionInit
004141ac       __ExceptionFini
00401a50*      __InitFThreadData_
00401a90+      RTSysFini_
00401aa0       RTSysInit_
004141b4       __AccessFIO
004141b8       __ReleaseFIO
004141bc       __PartialReleaseFIO
00416068       ___FThreadDataOffset
004150d6*      ___fthread_data_size
Module: C:\Users\borov\Documents\WATCOM/lib386/nt\flib7.lib(rtsysutl.c)
00401b00       GetSysIOInfo_
00401b20       GetSysFileInfo_
00401b50*      IsDevice_
00401d20       OpenAction_
00401d60*      DfltRecType_
00401d80+      _FileAttrs_
00401e40       CloseFile_
00401eb0       Scrtched_
00401ed0*      CloseDeleteFile_
00401f20       Errf_
00401f40       FPutBuff_
00401fb0       FGetBuff_
00402000       SeekFile_
00402020       NoEOF_
00402030       SysClearEOF_
00402040*      SameFile_
00402050*      Rewindf_
00402070*      SysCreateFile_
004020b0*      CheckLogicalRecord_
004020d0       SkipLogicalRecord_
004020f0*      BackSpacef_
00402120*      EndFilef_
00402160       GetIOErrMsg_
004021a0       ReportNExist_
004021c0       ReportEOF_
004021d0       WaitForEnter_
Module: C:\Users\borov\Documents\WATCOM/lib386/nt\flib7.lib(rterr.c)
004141c0+      _TraceRoutine
00402200       FlushStdUnit_
00402250+      WriteErr_
00402320       ErrHandler_
00402360       RTErr_
004141cc+      LG@ERR_HOOK
Module: C:\Users\borov\Documents\WATCOM/lib386/nt\flib7.lib(stdio.c)
004023a0       StdBuffer_
004023c0       StdWrite_
004024a0       StdFlush_
004024d0       StdWriteNL_
Module: C:\Users\borov\Documents\WATCOM/lib386/nt\clib3r.lib(main2wnt.c)
00402500       __NTMain
Module: C:\Users\borov\Documents\WATCOM/lib386/nt\clib3r.lib(segdefns)
00401003       ___begtext
00414000*      __nullarea
004150b8       __Start_XI
00415106       __End_XI
00415106       __Start_YI
00415136       __End_YI
Module: C:\Users\borov\Documents\WATCOM/lib386/nt\clib3r.lib(chk8087.c)
00402580*      _fpreset_
004025c0       __chk8087_
004025d0*      __init_8087_
Module: C:\Users\borov\Documents\WATCOM/lib386/nt\flib7.lib(english.c)
00402620       __UseEnglishCharSet_
Module: C:\Users\borov\Documents\WATCOM/lib386/nt\flib7.lib(errincl.c)
00402730       __InitError_
004145d8+      _PGroupTable
004145dc+      _PErrWord
Module: C:\Users\borov\Documents\WATCOM/lib386/nt\flib7.lib(rdwr.c)
00402750+      DoOpen_
00402780+      _AllocBuffer_
004027c0       IOPrologue_
00402a00       UpdateRecNum_
Module: C:\Users\borov\Documents\WATCOM/lib386/nt\flib7.lib(unfmtout.c)
00402b20       UnFmtOut_
Module: C:\Users\borov\Documents\WATCOM/lib386/nt\flib7.lib(freeout.c)
00402f70       FreeOut_
004145e0+      _OutRtn
Module: C:\Users\borov\Documents\WATCOM/lib386/nt\flib7.lib(rtutls.c)
00403070       FindFtnFile_
00403160       RChkAlloc_
00403190       F_Connect_
00403210       ConnectFile_
00403220*      GetFileInfo_
00403310       DiscoFile_
00403380*      ChkFileName_
004033b0+      ChkLogFile_
004033f0       ChkIOOperation_
00403430       GetIOErr_
00403440       ChkIOErr_
00403460       ChkUnitId_
004034a0*      ChkConnected_
004034c0       SetEOF_
004034f0       ClearEOF_
00403530       SysEOF_
00403560       IsFixed_
00403570       IsCarriage_
00403580*      ChkRecordStructure_
004035b0*      ChkSequential_
004035d0*      ChkExist_
00403600*      StrItem_
Module: C:\Users\borov\Documents\WATCOM/lib386/nt\clib3r.lib(mainwnt.c)
00414614       ___TlsIndex
00414618       ___FirstThreadData
0041461c       ___GetThreadPtr
00414620       __AccessFileH
00414624       __ReleaseFileH
00414628       __AccessIOB
0041462c       __ReleaseIOB
00414630       __AccessNHeap
00414634       __AccessFHeap
00414638       __ReleaseNHeap
00403640*      __threadid_
00403660+      __sig_null_rtn_
00403670+      __NTInit_
00403850+      __NTFini_
004038b0       __NTMainInit_
00403910       __exit_
0041463c       __ReleaseFHeap
00414640       __AccessTDList
00414644       __ReleaseTDList
00414648       __AccessFList
0041464c       __ReleaseFList
00414650       __ThreadExitRtn
00414654       ___sig_init_rtn
00414658       ___sig_fini_rtn
0041465c       ___process_fini
00416078       ___Is_DLL
Module: C:\Users\borov\Documents\WATCOM/lib386/nt\flib7.lib(ioinit.c)
00403970       IOSysInit_
Module: C:\Users\borov\Documents\WATCOM/lib386/nt\flib7.lib(spawn.c)
004039a0       Spawn_
00403a00       Suicide_
Module: C:\Users\borov\Documents\WATCOM/lib386/nt\flib7.lib(rttraps.c)
00403b30       __EnableF77RTExceptionHandling_
00403b40       R_TrapInit_
00403bd0       R_TrapFini_
00403be0*      __InitExceptionVectors_
Module: C:\Users\borov\Documents\WATCOM/lib386/nt\flib7.lib(errrtns.c)
00416694       ___ErrorFini
00416698       ___ErrorInit
0041669c       ___BldErrMsg
Module: C:\Users\borov\Documents\WATCOM/lib386/nt\clib3r.lib(nodefwin.c)
00414664*      __WindowsIsWindowedHandle
00414668*      __WindowsRemoveWindowedHandle
0041466c*      __WindowsNewWindow
00414670*      __WindowsCloseWindow
00414674*      __WindowsSetAbout
00414678*      __WindowsSetAppTitle
0041467c*      __WindowsSetConTitle
00414680*      __WindowsDestroyOnClose
00414684*      __WindowsYieldControl
00414688*      __WindowsShutDown
0041468c*      __WindowsStdin
00414690       __WindowsStdout
00414694*      __WindowsKbhit
00414698*      __WindowsGetch
0041469c*      __WindowsGetche
004146a0*      __WindowsPutch
00403c00*      _dwShutDown_
00403c00*      _dwYield_
00403c00*      _dwSetConTitle_
00403c00*      _dwSetAppTitle_
00403c00*      _dwSetAboutDlg_
00403c00       _dwDeleteOnClose_
004146a4*      __WindowsExitRtn
004166a0*      __init_default_win
Module: C:\Users\borov\Documents\WATCOM/lib386/nt\clib3r.lib(atexit.c)
00403c03       atexit_
Module: C:\Users\borov\Documents\WATCOM/lib386/nt\clib3r.lib(regdata.c)
00403c60       __RegisterThreadDataSize_
Module: C:\Users\borov\Documents\WATCOM/lib386/nt\clib3r.lib(accsswnt.c)
00403c90       access_
Module: C:\Users\borov\Documents\WATCOM/lib386/nt\clib3r.lib(fullpath.c)
00403cd0+      _sys_fullpath_
00403d50       _fullpath_
Module: C:\Users\borov\Documents\WATCOM/lib386/nt\flib7.lib(rmemmgr.c)
00403dc0       RMemAlloc_
00403dd0       RMemFree_
Module: C:\Users\borov\Documents\WATCOM/lib386/nt\clib3r.lib(fstatwnt.c)
00403de0       fstat_
Module: C:\Users\borov\Documents\WATCOM/lib386/nt\flib7.lib(poserr.c)
00404140       Errorf_
00404160*      EOFile_
00404180       ErrorMsg_
004041c0       FSetTrunc_
004041d0       FSetSysErr_
004041f0       FSetErr_
00404210       FSetEof_
00404230       IOOk_
Module: C:\Users\borov\Documents\WATCOM/lib386/nt\flib7.lib(ioerr.c)
00404280       IOErr_
Module: C:\Users\borov\Documents\WATCOM/lib386/nt\clib3r.lib(statwnt.c)
00404417       stat_
Module: C:\Users\borov\Documents\WATCOM/lib386/nt\flib7.lib(posopen.c)
00404650       InitStd_
00404710       SetIOBufferSize_
00404730+      _AllocFile_
00404820       Openf_
00404910       Closef_
Module: C:\Users\borov\Documents\WATCOM/lib386/nt\flib7.lib(posdat.c)
00414890       _FStdIn
00414894       _FStdOut
00414898       _FStdErr
Module: C:\Users\borov\Documents\WATCOM/lib386/nt\flib7.lib(posflush.c)
00404990       FlushBuffer_
Module: C:\Users\borov\Documents\WATCOM/lib386/nt\flib7.lib(posdel.c)
00404a40       Scratchf_
Module: C:\Users\borov\Documents\WATCOM/lib386/nt\flib7.lib(posput.c)
00404a60       FPutRec_
00404aa0       ChopFile_
00404af0*      PutRec_
00404c10       writebytes_
00404c90       SysWrite_
Module: C:\Users\borov\Documents\WATCOM/lib386/nt\flib7.lib(posget.c)
00404dd0       readbytes_
00404ea0       SysRead_
00405310       FGetRec_
00405340*      GetRec_
00405360       GetStdChar_
004053b0       FCheckLogical_
00405430       FSkipLogical_
00405500*      FGetVarRecLen_
Module: C:\Users\borov\Documents\WATCOM/lib386/nt\flib7.lib(posseek.c)
004055f0       FSeekRec_
00405630       CurrFileOffset_
00405630       FGetFilePos_
00405650       SysSeek_
00405840*      FSeekAbs_
Module: C:\Users\borov\Documents\WATCOM/lib386/nt\clib3r.lib(stricmp.c)
00405850       stricmp_
Module: C:\Users\borov\Documents\WATCOM/lib386/nt\flib7.lib(posrew.c)
00405890       FRewind_
Module: C:\Users\borov\Documents\WATCOM/lib386/nt\flib7.lib(posback.c)
00405900       FBackspace_
Module: C:\Users\borov\Documents\WATCOM/lib386/nt\flib7.lib(postrunc.c)
004059e0       FTruncate_
Module: C:\Users\borov\Documents\WATCOM/lib386/nt\clib3r.lib(errno.c)
00405a00       __get_errno_ptr_
00405a10*      __get_doserrno_ptr_
Module: C:\Users\borov\Documents\WATCOM/lib386/nt\flib7.lib(errutil.c)
00405a20       BldErrCode_
00405a80*      MsgFormat_
00405ab0*      MsgBuffer_
0041489c+      _PGrpCodes
Module: C:\Users\borov\Documents\WATCOM/lib386/nt\clib3r.lib(enterdb.c)
00405ae0       __EnterWVIDEO_
004148a0       ___WD_Present
Module: C:\Users\borov\Documents\WATCOM/lib386/nt\clib3r.lib(iob.c)
004148a4       ___iob
00414aac       __fmode
00416728       ___OpenStreams
0041672c       ___ClosedStreams
Module: C:\Users\borov\Documents\WATCOM/lib386/nt\clib3r.lib(setmd.c)
00405b10       setmode_
Module: C:\Users\borov\Documents\WATCOM/lib386/nt\clib3r.lib(write.c)
00405e50       write_
Module: C:\Users\borov\Documents\WATCOM/lib386/nt\clib3r.lib(initrtns.c)
004060c0       __InitRtns
00406110       __FiniRtns
Module: C:\Users\borov\Documents\WATCOM/lib386/nt\clib3r.lib(mthrdini.c)
00406170       __InitThreadData_
00414ab0       ___ThreadDataSize
Module: C:\Users\borov\Documents\WATCOM/lib386/nt\clib3r.lib(memset.c)
004061a0       memset_
Module: C:\Users\borov\Documents\WATCOM/lib386/nt\clib3r.lib(cmain386.c)
004061c0       __CMain
Module: C:\Users\borov\Documents\WATCOM/lib386/nt\clib3r.lib(dosseg)
00001234       __DOSseg__
Module: C:\Users\borov\Documents\WATCOM/lib386/nt\clib3r.lib(8087cw.c)
00414ab4       __8087cw
Module: C:\Users\borov\Documents\WATCOM/lib386/nt\clib3r.lib(save8087.c)
00414ab8       ___Save8087
00414abc       ___Rest8087
Module: C:\Users\borov\Documents\WATCOM/lib386/nt\clib3r.lib(init8087)
00406204       __x87id
Module: C:\Users\borov\Documents\WATCOM/lib386/nt\flib7.lib(csetinfo.c)
00416730       _CharSetInfo
Module: C:\Users\borov\Documents\WATCOM/lib386/nt\flib7.lib(errmsg.c)
00406570       _GroupTable
00406620       _ErrWord
Module: C:\Users\borov\Documents\WATCOM/lib386/nt\flib7.lib(blderr.c)
00406cd0       Substitute_
00406e90       ErrCodOrg_
Module: C:\Users\borov\Documents\WATCOM/lib386/nt\flib7.lib(sdfile.c)
00414ac0*      _FFCtrlSeq
00414ac2*      _SkipCtrlSeq
00414ac4       _NormalCtrlSeq
00414ac6       _SDTermIn
00414aca       _SDTermOut
00414ace*      _SDPrtName
Module: C:\Users\borov\Documents\WATCOM/lib386/nt\flib7.lib(wrutils.c)
00406ea0       F_SendData_
00406f00*      SendLine_
00406f10       SendEOR_
00406fa0*      SendInt_
00406fd0       SendStr_
00406ff0+      SendWSLStr_
00407010       SendChar_
00407030       Drop_
004071f0       IOItemResult_
Module: C:\Users\borov\Documents\WATCOM/lib386/nt\flib7.lib(unfmtutl.c)
00407270       _SizeVars
Module: C:\Users\borov\Documents\WATCOM/lib386/nt\flib7.lib(undefcg.c)
00407310       OutLogCG_
00407320       OutIntCG_
00407360+      FmtRealCG_
00407390+      FmtDoubleCG_
004073c0+      FmtExtendedCG_
004073f0+      UndefIntCG_
004073f0+      UndefLogCG_
004073f0+      UndefExtendedCG_
004073f0+      UndefDoubleCG_
004073f0+      UndefRealCG_
00407400+      GetRealCG_
00414ad4       _FmtRealRtn
00414ad8       _FmtDoubleRtn
00414adc       _FmtExtendedRtn
00414ae0       _SendStrRtn
00414ae4       _UndefRealRtn
00414ae8       _UndefDoubleRtn
00414aec       _UndefExtendedRtn
00414af0       _UndefLogRtn
00414af4       _UndefIntRtn
00414af8       _GetRealRtn
Module: C:\Users\borov\Documents\WATCOM/lib386/nt\flib7.lib(cctrl.c)
00407410       CheckCCtrl_
Module: C:\Users\borov\Documents\WATCOM/lib386/nt\flib7.lib(fdutil.c)
00407480       LocFile_
00407490       LocUnit_
004074c0       ExtractInfo_
Module: C:\Users\borov\Documents\WATCOM/lib386/nt\flib7.lib(rstdio.c)
004075f0       _InitStandardInput_
00407620       _InitStandardOutput_
Module: C:\Users\borov\Documents\WATCOM/lib386/nt\flib7.lib(deffname.c)
00414afc       _DefFName
Module: C:\Users\borov\Documents\WATCOM/lib386/nt\flib7.lib(stracc.c)
00407650       TrimStr_
00407690       GetStr_
Module: C:\Users\borov\Documents\WATCOM/lib386/nt\clib3r.lib(hdlman.c)
00414b04+      ___NHandles
00414b08+      ___OSHandles
00414b0c+      ___FakeHandles
004076c0+      __growPOSIXHandles_
00407760       __allocPOSIXHandle_
00407820       __freePOSIXHandle_
00407840       __getOSHandle_
00407850       __setOSHandle_
004078a0+      __NTGetFakeHandle_
00407910       __initPOSIXHandles_
004079f0*      __set_handles_
00407a00*      _grow_handles_
Module: C:\Users\borov\Documents\WATCOM/lib386/nt\clib3r.lib(environ.c)
00416744       ___env_mask
00416748       _environ
0041674c       __wenviron
Module: C:\Users\borov\Documents\WATCOM/lib386/nt\clib3r.lib(getmodfn.c)
00407a40       __lib_GetModuleFileNameW_
Module: C:\Users\borov\Documents\WATCOM/lib386/nt\clib3r.lib(strdup.c)
00407ae0       __clib_strdup_
Module: C:\Users\borov\Documents\WATCOM/lib386/nt\clib3r.lib(istable.c)
00407b20       __IsTable
Module: C:\Users\borov\Documents\WATCOM/lib386/nt\clib3r.lib(ustrdup.c)
00407c21       __clib_wcsdup_
Module: C:\Users\borov\Documents\WATCOM/lib386/nt\clib3r.lib(nfree.c)
00407c50       _nfree_
00407c50       free_
00416750       ___MiniHeapFreeRover
Module: C:\Users\borov\Documents\WATCOM/lib386/nt\clib3r.lib(excptwnt.c)
004083c0+      ___ReportException@4
00408810       __DefaultExceptionHandler_
00408850+      ___ExceptionFilter
00408a60       __NewExceptionFilter_
00408a90       __DoneExceptionFilter_
00414b18       ___oscode_check_func
00414b1c       ___raise_func
00416754*      _sw
00416758       ___ExceptionHandled
00416759+      ___ReportInvoked
Module: C:\Users\borov\Documents\WATCOM/lib386/nt\clib3r.lib(stklmwnt.c)
00408ad0       __init_stack_limits_
Module: C:\Users\borov\Documents\WATCOM/lib386/nt\flib7.lib(runmain.c)
00408b40*      __InitUnit6CC_
00408b50       __DevicesCC_
00408b60*      __InitAllowCommaSeparator_
00408b70       __AllowCommaSep_
00408b80+      _InitIO_
00408bf0+      CloseAllFiles_
00408c30*      _FiniEx_
00408c30       RunExit_
00408c70       RunEntry_
Module: C:\Users\borov\Documents\WATCOM/lib386/nt\clib3r.lib(setjmp)
00408ca0       _setjmp_
00408cd9       longjmp_
Module: C:\Users\borov\Documents\WATCOM/lib386/nt\clib3r.lib(exit.c)
00408d61+      __null_int23_exit_
00408d62       exit_
00408db2*      _exit_
00414b38+      ___int23_exit
00414b3c+      ___FPE_handler_exit
Module: C:\Users\borov\Documents\WATCOM/lib386/nt\clib3r.lib(signlwnt.c)
00414b40+      __SignalTable
00408dd0+      __SetSignalFunc_
00408e20+      __GetSignalFunc_
00408e50+      __GetSignalOSCode_
00408e80+      __CheckSignalExCode_
00408fc0+      __sigabort_
00408fd0       __sigfpe_handler_
00409020       signal_
004090b0+      raise_
00409120+      __SigInit_
00409170+      __SigFini_
004091b0+      __sig_init_
Module: C:\Users\borov\Documents\WATCOM/lib386/nt\flib7.lib(fptraps.c)
00409290*      __MaskDefaultFPE_
004092b0       FPTrapInit_
004092e0       FPTrapFini_
Module: C:\Users\borov\Documents\WATCOM/lib386/nt\clib3r.lib(trdlist.c)
00409350       __GetThreadData_
004093a0       __ReallocThreadData_
00409490       __AddThreadData_
00409510       __RemoveThreadData_
00409570       __ResizeThreadDataList_
004095a0       __FreeThreadDataList_
004095d0*      __ActiveThreads_
Module: C:\Users\borov\Documents\WATCOM/lib386/nt\clib3r.lib(fgtattr.c)
004095f0       __fixed_GetFileAttributesA_
Module: C:\Users\borov\Documents\WATCOM/lib386/nt\clib3r.lib(dosret.c)
00409690*      _dosretax_
004096a0*      _dosret0_
004096b0       __set_errno_dos_
004096e0*      __set_errno_dos_reterr_
004096f0       __set_errno_nt_
00409700*      __set_errno_nt_reterr_
Module: C:\Users\borov\Documents\WATCOM/lib386/nt\clib3r.lib(seterrno.c)
00409714       __set_errno_
00409722*      __set_EDOM_
00409730       __set_ERANGE_
0040973e*      __set_EINVAL_
00409751       __set_doserrno_
Module: C:\Users\borov\Documents\WATCOM/lib386/nt\clib3r.lib(gtcwdwnt.c)
00409760       getcwd_
Module: C:\Users\borov\Documents\WATCOM/lib386/nt\clib3r.lib(nmalloc.c)
004097f0       _nmalloc_
004097f0       malloc_
00414cb0       ___nheapbeg
00414cb4       ___MiniHeapRover
00414cb8       ___LargestSizeB4MiniHeapRover
Module: C:\Users\borov\Documents\WATCOM/lib386/nt\clib3r.lib(iomode.c)
004098f0       __GetIOMode_
00409910       __SetIOMode_nogrow_
00414cbc       ___NFiles
00414cc0       ___init_mode
00414d10       ___io_mode
Module: C:\Users\borov\Documents\WATCOM/lib386/nt\clib3r.lib(iomodtty.c)
00409930       __ChkTTYIOMode_
00409970       __IOMode_
Module: C:\Users\borov\Documents\WATCOM/lib386/nt\clib3r.lib(ntdirinf.c)
00409990       __MakeDOSDT_
004099c0*      __FromDOSDT_
004099f0*      __GetNTDirInfo_
00409a30*      __NTFindNextFileWithAttr_
Module: C:\Users\borov\Documents\WATCOM/lib386/nt\clib3r.lib(d2ttime.c)
00409a90       _d2ttime_
Module: C:\Users\borov\Documents\WATCOM/lib386/nt\clib3r.lib(strerror.c)
00409e30       strerror_
00409e50*      _strerror_
00409f20*      _doserror_
00414d14+      __sys_errlist
00414db8+      __sys_nerr
Module: C:\Users\borov\Documents\WATCOM/lib386/nt\clib3r.lib(_strcmp)
00409f50       strcmp_
Module: C:\Users\borov\Documents\WATCOM/lib386/nt\clib3r.lib(mbspbrk.c)
0040a090       _mbspbrk_
Module: C:\Users\borov\Documents\WATCOM/lib386/nt\clib3r.lib(mbsinc.c)
0040a0e0       _mbsinc_
Module: C:\Users\borov\Documents\WATCOM/lib386/nt\clib3r.lib(tolower.c)
0040a110       tolower_
Module: C:\Users\borov\Documents\WATCOM/lib386/nt\clib3r.lib(stiomode.c)
0040a120       __grow_iomode_
0040a1f0+      __shrink_iomode_
0040a230       __SetIOMode_
Module: C:\Users\borov\Documents\WATCOM/lib386/nt\clib3r.lib(close.c)
0040a2a0       close_
Module: C:\Users\borov\Documents\WATCOM/lib386/nt\clib3r.lib(openwnt.c)
0040a4c0*      open_
0040a4e0       sopen_
Module: C:\Users\borov\Documents\WATCOM/lib386/nt\clib3r.lib(lseek.c)
0040a510       lseek_
Module: C:\Users\borov\Documents\WATCOM/lib386/nt\flib7.lib(poscc.c)
0040a560*      __LineFeedWithFormFeed_
0040a570       FSetCC_
Module: C:\Users\borov\Documents\WATCOM/lib386/nt\clib3r.lib(unlnkwnt.c)
0040a5d0       unlink_
Module: C:\Users\borov\Documents\WATCOM/lib386/nt\clib3r.lib(chsizwnt.c)
0040a650       chsize_
Module: C:\Users\borov\Documents\WATCOM/lib386/nt\clib3r.lib(read.c)
0040a740       read_
Module: C:\Users\borov\Documents\WATCOM/lib386/nt\flib7.lib(errgrp.c)
0040a8d0       _GrpCodes
Module: C:\Users\borov\Documents\WATCOM/lib386/nt\clib3r.lib(initfile.c)
0040a990       __InitFiles_
Module: C:\Users\borov\Documents\WATCOM/lib386/nt\clib3r.lib(ioexit.c)
0040aa90*      fcloseall_
0040aaa0       __full_io_exit_
Module: C:\Users\borov\Documents\WATCOM/lib386/nt\clib3r.lib(stackwnt.c)
0040aab0       stackavail_
Module: C:\Users\borov\Documents\WATCOM/lib386/nt\clib3r.lib(stk)
0040aac1*      __CHK
0040aad1*      __STK
0040aaf0       __STKOVERFLOW_
0040ab00*      __GRO
0040ab20*      __alloca_probe
Module: C:\Users\borov\Documents\WATCOM/lib386/nt\clib3r.lib(__stos)
0040ab40       __STOSB
0040ab77*      __STOSD
Module: C:\Users\borov\Documents\WATCOM/lib386/nt\clib3r.lib(cinit.c)
0040abf0       __CommonInit_
Module: C:\Users\borov\Documents\WATCOM/lib386/nt\clib3r.lib(___argc.c)
00416864       ____Argc
00416868       ____Argv
Module: C:\Users\borov\Documents\WATCOM/lib386/nt\flib7.lib(rtmain.c)
0040ac00       main_
Module: C:\Users\borov\Documents\WATCOM/lib386/nt\clib3r.lib(memmove.c)
0040ac20       memmove_
Module: C:\Users\borov\Documents\WATCOM/lib386/nt\clib3r.lib(itoa.c)
0040ac80       utoa_
0040acd0       itoa_
Module: C:\Users\borov\Documents\WATCOM/lib386/nt\clib3r.lib(ltoa.c)
0040ad00       ultoa_
0040ad50       ltoa_
Module: C:\Users\borov\Documents\WATCOM/lib386/nt\flib7.lib(ifile.c)
0040ad80       SendIFBuff_
0040adb0       NextIFBuff_
Module: C:\Users\borov\Documents\WATCOM/lib386/nt\flib7.lib(expchk.c)
0040ade0       ToFFormat_
Module: C:\Users\borov\Documents\WATCOM/lib386/nt\flib7.lib(fmtrtns.c)
0040ae30       R_F2E_
0040afa0       R_F2F_
0040b130       SetMaxPrec_
Module: C:\Users\borov\Documents\WATCOM/lib386/nt\flib7.lib(chrutils.c)
0040b140       JmpBlanks_
Module: C:\Users\borov\Documents\WATCOM/lib386/nt\flib7.lib(rfmtlog.c)
0040b170       R_FmtLog_
Module: C:\Users\borov\Documents\WATCOM/lib386/nt\flib7.lib(rfmtutil.c)
0040b1d0+      R_ChkType_
0040b200*      R_NewRec_
0040b240*      R_ChkIType_
0040b270*      R_ChkFType_
0040b2a0*      R_ChkRecLen_
0040b2c0+      GetLen_
0040b300*      R_FOStr_
0040b310*      FOString_
0040b380*      R_FIStr_
0040b440+      R_FOLog_
0040b490*      R_FILog_
0040b570*      R_FIFloat_
0040b760       GetReal_
0040b870*      R_FOF_
0040b8f0*      R_FOE_
0040ba30+      FmtH2B_
0040bb20*      R_FIHex_
0040bca0*      R_FOHex_
0040bcb0*      FOHex_
0040bdb0*      R_FIInt_
0040bec0*      R_FOInt_
0040c120*      R_FOG_
0040c3a0+      ChkBuffLen_
Module: C:\Users\borov\Documents\WATCOM/lib386/nt\clib3r.lib(getenv.c)
0040c3d0       getenv_
Module: C:\Users\borov\Documents\WATCOM/lib386/nt\clib3r.lib(nrealloc.c)
0040c460*      _nrealloc_
0040c460       realloc_
Module: C:\Users\borov\Documents\WATCOM/lib386/nt\clib3r.lib(setenvp.c)
0040c4e0       __setenvp_
0040c5a0       __freeenvp_
Module: C:\Users\borov\Documents\WATCOM/lib386/nt\clib3r.lib(ustrlen.c)
0040c5ed       wcslen_
Module: C:\Users\borov\Documents\WATCOM/lib386/nt\clib3r.lib(memcpy.c)
0040c600       memcpy_
Module: C:\Users\borov\Documents\WATCOM/lib386/nt\clib3r.lib(mem.c)
0040c620       __MemAllocator
0040c6d0       __MemFree
Module: C:\Users\borov\Documents\WATCOM/lib386/nt\clib3r.lib(conutwnt.c)
0040c820*      __NTRealKey_
0040c8d0*      __NTConsoleInput_
0040c8e0       __NTConsoleOutput_
Module: C:\Users\borov\Documents\WATCOM/lib386/nt\clib3r.lib(fclex387.c)
0040c8f0       _ClearFPE_
Module: C:\Users\borov\Documents\WATCOM/lib386/nt\clib3r.lib(ljmphdl.c)
00414ddc       ___longjmp_handler
Module: C:\Users\borov\Documents\WATCOM/lib386/nt\clib3r.lib(abort.c)
0040c916*      abort_
0040c928       __terminate_
00414de0       ___abort
Module: C:\Users\borov\Documents\WATCOM/lib386/nt\clib3r.lib(cntrl87.c)
0040c940       _control87_
Module: C:\Users\borov\Documents\WATCOM/lib386/nt\clib3r.lib(mthread.c)
0040cb20+      __CloseSemaphore_
0040cb60+      __AccessIOB_
0040cb70+      __ReleaseIOB_
0040cb80+      __AccessFileH_
0040cb90+      __ReleaseFileH_
0040cba0+      __AccessNHeap_
0040cbb0+      __ReleaseNHeap_
0040cbc0+      __AccessFHeap_
0040cbd0+      __ReleaseFHeap_
0040cbe0+      __AccessTDList_
0040cbf0+      __ReleaseTDList_
0040cc00+      __AccessFList_
0040cc10+      __AccessSemaphore_
0040cc70+      __ReleaseFList_
0040cc80+      __ReleaseSemaphore_
0040ccb0+      __MultipleThread_
0040cd00+      __AllocInitThreadData_
0040cd50*      __FreeInitThreadData_
0040cd60       __NTThreadInit_
0040cdd0       __NTAddThread_
0040ce20       __NTRemoveThread_
0040ceb0       __InitMultipleThread_
00414de4+      ___AccessSema4
00414de8+      ___ReleaseSema4
00414dec+      ___CloseSema4
Module: C:\Users\borov\Documents\WATCOM/lib386/nt\clib3r.lib(xmsgwnt.c)
0040d070+      __exit_with_msg_
0040d0d0       __fatal_runtime_error_
Module: C:\Users\borov\Documents\WATCOM/lib386/nt\clib3r.lib(calloc.c)
0040d0f0       calloc_
Module: C:\Users\borov\Documents\WATCOM/lib386/nt\clib3r.lib(register.c)
0040d120       __initthread_
0040d130*      _beginthread_
0040d140       _endthread_
0040d150*      __RegisterThreadData_
Module: C:\Users\borov\Documents\WATCOM/lib386/nt\clib3r.lib(nmemneed.c)
0040d1a0       __nmemneed_
Module: C:\Users\borov\Documents\WATCOM/lib386/nt\clib3r.lib(grownear.c)
0040d310       __ExpandDGROUP_
Module: C:\Users\borov\Documents\WATCOM/lib386/nt\clib3r.lib(isattwnt.c)
0040d330       isatty_
Module: C:\Users\borov\Documents\WATCOM/lib386/nt\clib3r.lib(strncpy.c)
0040d350       strncpy_
Module: C:\Users\borov\Documents\WATCOM/lib386/nt\clib3r.lib(mktime.c)
0040d390       mktime_
Module: C:\Users\borov\Documents\WATCOM/lib386/nt\clib3r.lib(mbterm.c)
0040d420       _mbterm_
Module: C:\Users\borov\Documents\WATCOM/lib386/nt\clib3r.lib(mbsnextc.c)
0040d460       _mbsnextc_
Module: C:\Users\borov\Documents\WATCOM/lib386/nt\clib3r.lib(mbschr.c)
0040d4a0       _mbschr_
Module: C:\Users\borov\Documents\WATCOM/lib386/nt\clib3r.lib(mbisdbcs.c)
00416fdc       ___IsDBCS
Module: C:\Users\borov\Documents\WATCOM/lib386/nt\clib3r.lib(mbislead.c)
0040d500*      _ismbblead_
00416fe0       ___MBCSIsTable
Module: C:\Users\borov\Documents\WATCOM/lib386/nt\clib3r.lib(_clsewnt.c)
0040d520       __close_
Module: C:\Users\borov\Documents\WATCOM/lib386/nt\clib3r.lib(ntfio.c)
0040d580*      __GetNTCreateAttr_
0040d5c0       __GetNTAccessAttr_
0040d5f0       __GetNTShareAttr_
Module: C:\Users\borov\Documents\WATCOM/lib386/nt\clib3r.lib(umaskval.c)
00414dfc       ___umaskval
Module: C:\Users\borov\Documents\WATCOM/lib386/nt\clib3r.lib(__lseek.c)
0040d650       __lseek_
Module: C:\Users\borov\Documents\WATCOM/lib386/nt\clib3r.lib(fclose.c)
0040d690+      __doclose_
0040d730       __shutdown_stream_
0040d750*      fclose_
004170e4+      ___RmTmpFileFn
Module: C:\Users\borov\Documents\WATCOM/lib386/nt\clib3r.lib(freefp.c)
0040d7a0       __freefp_
0040d7f0       __purgefp_
Module: C:\Users\borov\Documents\WATCOM/lib386/nt\clib3r.lib(argcv.c)
004170e8       __argc
004170ec       __argv
004170f0       ___argv
004170f4       ___argc
Module: C:\Users\borov\Documents\WATCOM/lib386/nt\clib3r.lib(alphabet.c)
00414068       ___Alphabet
Module: C:\Users\borov\Documents\WATCOM/lib386\math387r.lib(ldcvt.c)
0040d8ff       _LDScale10x_
0040dea6       __LDcvt_
Module: C:\Users\borov\Documents\WATCOM/lib386/nt\flib7.lib(rdutils.c)
0040e300       NextRec_
Module: C:\Users\borov\Documents\WATCOM/lib386/nt\clib3r.lib(toupper.c)
0040e410       toupper_
Module: C:\Users\borov\Documents\WATCOM/lib386/nt\flib7.lib(fmtcnvt.c)
0040e420       FmtS2I_
0040e550       FmtS2F_
Module: C:\Users\borov\Documents\WATCOM/lib386/nt\flib7.lib(flt86.c)
0040e920       _P1d100
0040e928       _P1d_99
Module: C:\Users\borov\Documents\WATCOM/lib386\math387r.lib(pow87)
0040ea89*      pow_
0040e930       IF@DPOW
0040e930*      IF@POW
Module: C:\Users\borov\Documents\WATCOM/lib386/nt\flib7.lib(hexcnv.c)
0040eab0       Hex_
0040ead0*      HSToB_
0040eb40       BToHS_
Module: C:\Users\borov\Documents\WATCOM/lib386/nt\clib3r.lib(strupr.c)
0040eb90       strupr_
Module: C:\Users\borov\Documents\WATCOM/lib386/nt\clib3r.lib(mbcupper.c)
0040ebb0       _mbctoupper_
Module: C:\Users\borov\Documents\WATCOM/lib386/nt\clib3r.lib(nmsize.c)
0040ebe0       _nmsize_
0040ebe0*      _msize_
Module: C:\Users\borov\Documents\WATCOM/lib386/nt\clib3r.lib(nexpand.c)
0040ebf0       _nexpand_
0040ebf0*      _expand_
0040ec30+      __HeapManager_expand_
Module: C:\Users\borov\Documents\WATCOM/lib386/nt\clib3r.lib(dofilstr.c)
0040ee10       __ParsePosixHandleStr_
Module: C:\Users\borov\Documents\WATCOM/lib386/nt\clib3r.lib(clearenv.c)
0040ef30       clearenv_
Module: C:\Users\borov\Documents\WATCOM/lib386/nt\clib3r.lib(trdalloc.c)
0040efc0       __FiniThreadProcessing_
Module: C:\Users\borov\Documents\WATCOM/lib386/nt\clib3r.lib(nheapmin.c)
0040efd0       _nheapshrink_
0040efd0*      _nheapmin_
0040efd0*      _heapmin_
0040efd0       _heapshrink_
Module: C:\Users\borov\Documents\WATCOM/lib386/nt\clib3r.lib(thredwnt.c)
0040f170       __CBeginThread_
0040f210       __CEndThread_
Module: C:\Users\borov\Documents\WATCOM/lib386/nt\clib3r.lib(amblksiz.c)
00414ea8       __amblksiz
Module: C:\Users\borov\Documents\WATCOM/lib386/nt\clib3r.lib(heapen.c)
0040f250*      _heapenable_
00414eac       ___heap_enabled
Module: C:\Users\borov\Documents\WATCOM/lib386/nt\clib3r.lib(locmktim.c)
0040f280       __local_mktime_
Module: C:\Users\borov\Documents\WATCOM/lib386/nt\clib3r.lib(gmtime.c)
0040f400       __brktime_
0040f500+      _gmtime_
0040f520*      gmtime_
Module: C:\Users\borov\Documents\WATCOM/lib386/nt\clib3r.lib(tzset.c)
00414eb0       ___start_dst
00414ed4       ___end_dst
00414ffc*      _tzname
00415004       _timezone
00415008       _daylight
0041500c       ___dst_adjust
0040f590*      __DontCacheOSTZ_
0040f5a0*      __CacheOSTZ_
0040fa80+      __parse_tz_
0040fe70       tzset_
Module: C:\Users\borov\Documents\WATCOM/lib386/nt\clib3r.lib(timeutil.c)
0040ffe0       __isindst_
Module: C:\Users\borov\Documents\WATCOM/lib386/nt\clib3r.lib(mbconv.c)
00410310       _mbvtop_
Module: C:\Users\borov\Documents\WATCOM/lib386/nt\clib3r.lib(mbclen.c)
00410330       _mbclen_
Module: C:\Users\borov\Documents\WATCOM/lib386/nt\clib3r.lib(mbccmp.c)
00410360       _mbccmp_
Module: C:\Users\borov\Documents\WATCOM/lib386/nt\clib3r.lib(mbinit.c)
004103d5       __mbinit_
00415014       ___MBCodePage
Module: C:\Users\borov\Documents\WATCOM/lib386/nt\clib3r.lib(flush.c)
004104d0       __flush_
Module: C:\Users\borov\Documents\WATCOM/lib386/nt\clib3r.lib(initargv.c)
004105d0       __Init_Argv_
00410620+      _getargv_
004107c0       __Fini_Argv_
Module: C:\Users\borov\Documents\WATCOM/lib386\math387r.lib(ldclass.c)
004107ce       __LDClass_
0041081e*      _FLClass_
Module: C:\Users\borov\Documents\WATCOM/lib386/nt\flib7.lib(intarith.c)
00410830       AddIOFlo_
00410840*      SubIOFlo_
00410850       MulIOFlo_
Module: C:\Users\borov\Documents\WATCOM/lib386\math387r.lib(strtod.c)
00410d73+      __Strtold_
00410eda       strtod_
Module: C:\Users\borov\Documents\WATCOM/lib386/nt\clib3r.lib(chipvar)
00415018       ___chipbug
00415018       __chipbug
Module: C:\Users\borov\Documents\WATCOM/lib386\math387r.lib(pow87e.c)
00411020       __pow87_err_
Module: C:\Users\borov\Documents\WATCOM/lib386\math387r.lib(exp87)
0041110f*      exp_
004110a8*      __@DEXP1
004110b0*      IF@EXP
004110b0*      IF@DEXP
004110b2       __@DEXP
Module: C:\Users\borov\Documents\WATCOM/lib386/nt\clib3r.lib(chipd32.asm)
00411233       __fdiv_fpr
004116f5*      __fdiv_chk
00411708*      __fdiv_m32
00411755*      __fdiv_m64
004117a2*      __fdiv_m32r
004117ef*      __fdiv_m64r
Module: C:\Users\borov\Documents\WATCOM/lib386/nt\clib3r.lib(strtol.c)
00411a60*      strtoul_
00411a70       strtol_
Module: C:\Users\borov\Documents\WATCOM/lib386/nt\clib3r.lib(putenv.c)
00411a80       putenv_
00411d10       __putenv_
Module: C:\Users\borov\Documents\WATCOM/lib386/nt\clib3r.lib(leapyear.c)
00411e80       __leapyear_
004140a0       ___diyr
004140ba       ___dilyr
Module: C:\Users\borov\Documents\WATCOM/lib386/nt\clib3r.lib(wcstombs.c)
00411ec0       wcstombs_
Module: C:\Users\borov\Documents\WATCOM/lib386/nt\clib3r.lib(fsync.c)
00411f60       fsync_
Module: C:\Users\borov\Documents\WATCOM/lib386/nt\clib3r.lib(qwrit.c)
00411fb0       __qwrite_
Module: C:\Users\borov\Documents\WATCOM/lib386/nt\clib3r.lib(histsplt.c)
004170fc       ___historical_splitparms
Module: C:\Users\borov\Documents\WATCOM/lib386\math387r.lib(bufld386)
00412090       __ZBuf2LD
Module: C:\Users\borov\Documents\WATCOM/lib386\math387r.lib(inf_nan.c)
00412133*      ___f_infinity
00412137*      ___f_posqnan
0041213b       ___d_infinity
00412143       ___d_posqnan
0041214b*      ___ld_infinity
00412153*      ___ld_posqnan
Module: C:\Users\borov\Documents\WATCOM/lib386/nt\clib3r.lib(hugeval.c)
00412160       __HugeValue
Module: C:\Users\borov\Documents\WATCOM/lib386/nt\clib3r.lib(chipbug.c)
00412170       __verify_pentium_fdiv_bug_
Module: C:\Users\borov\Documents\WATCOM/lib386/nt\flib7.lib(_matherr.c)
004121d0*      __imath2err_
00412210*      __amath1err_
00412240*      __amath2err_
00412270       __math2err_
00412380       __math1err_
00412390*      __zmath2err_
004123f0*      __qmath2err_
Module: C:\Users\borov\Documents\WATCOM/lib386\math387r.lib(math87e.c)
00412456       __math87_err_
Module: C:\Users\borov\Documents\WATCOM/lib386/nt\clib3r.lib(mbslen.c)
004124d0       _mbslen_
Module: C:\Users\borov\Documents\WATCOM/lib386/nt\clib3r.lib(mbstowcs.c)
00412500       mbstowcs_
Module: C:\Users\borov\Documents\WATCOM/lib386/nt\clib3r.lib(uputenv.c)
00412580*      _wputenv_
004127a0       __wputenv_
Module: C:\Users\borov\Documents\WATCOM/lib386/nt\clib3r.lib(wctomb.c)
004128a0       wctomb_
Module: C:\Users\borov\Documents\WATCOM/lib386/nt\clib3r.lib(mbtowc.c)
004128e0       mbtowc_
Module: C:\Users\borov\Documents\WATCOM/lib386/nt\clib3r.lib(ustrchr.c)
00412970       wcschr_
Module: C:\Users\borov\Documents\WATCOM/lib386/nt\clib3r.lib(setenvar.c)
00412990       __lib_SetEnvironmentVariableW_
Module: C:\Users\borov\Documents\WATCOM/lib386/nt\clib3r.lib(crtwenv.c)
00412a80       __create_wide_environment_
Module: C:\Users\borov\Documents\WATCOM/lib386/nt\clib3r.lib(utoupper.c)
00412ae8       towupper_


                        +----------------------+
                        |   Imported Symbols   |
                        +----------------------+

Symbol                              Module
======                              ======

_MessageBoxA@16                     USER32.DLL
_GetEnvironmentStringsA@0           KERNEL32.DLL
_GetVersion@0                       KERNEL32.DLL
_GetModuleFileNameA@12              KERNEL32.DLL
_GetCommandLineA@0                  KERNEL32.DLL
_GetCommandLineW@0                  KERNEL32.DLL
_FreeEnvironmentStringsA@4          KERNEL32.DLL
_GetModuleHandleA@4                 KERNEL32.DLL
_ExitProcess@4                      KERNEL32.DLL
_RtlUnwind@16                       KERNEL32.DLL
_GetFullPathNameA@16                KERNEL32.DLL
_GetFileType@4                      KERNEL32.DLL
_GetFileInformationByHandle@8       KERNEL32.DLL
_GetFileTime@16                     KERNEL32.DLL
_GetFileSize@8                      KERNEL32.DLL
_CreateFileA@28                     KERNEL32.DLL
_CloseHandle@4                      KERNEL32.DLL
_GetLastError@0                     KERNEL32.DLL
_GetDriveTypeA@4                    KERNEL32.DLL
_FindFirstFileA@8                   KERNEL32.DLL
_FindClose@4                        KERNEL32.DLL
_SetFilePointer@16                  KERNEL32.DLL
_WriteFile@20                       KERNEL32.DLL
_GetCurrentThreadId@0               KERNEL32.DLL
_SetStdHandle@8                     KERNEL32.DLL
_CreateEventA@16                    KERNEL32.DLL
_GetStdHandle@4                     KERNEL32.DLL
_GetModuleFileNameW@12              KERNEL32.DLL
_MultiByteToWideChar@24             KERNEL32.DLL
_LoadLibraryA@4                     KERNEL32.DLL
_GetProcAddress@8                   KERNEL32.DLL
_SetUnhandledExceptionFilter@4      KERNEL32.DLL
_UnhandledExceptionFilter@4         KERNEL32.DLL
_VirtualQuery@12                    KERNEL32.DLL
_SetConsoleCtrlHandler@8            KERNEL32.DLL
_TlsGetValue@4                      KERNEL32.DLL
_TlsSetValue@8                      KERNEL32.DLL
_GetFileAttributesA@4               KERNEL32.DLL
_GetCurrentDirectoryA@8             KERNEL32.DLL
_FileTimeToLocalFileTime@8          KERNEL32.DLL
_FileTimeToDosDateTime@12           KERNEL32.DLL
_DosDateTimeToFileTime@12           KERNEL32.DLL
_LocalFileTimeToFileTime@8          KERNEL32.DLL
_FindNextFileA@8                    KERNEL32.DLL
_FormatMessageA@28                  KERNEL32.DLL
_DeleteFileA@4                      KERNEL32.DLL
_SetEndOfFile@4                     KERNEL32.DLL
_ReadFile@20                        KERNEL32.DLL
_InitializeCriticalSection@4        KERNEL32.DLL
_DeleteCriticalSection@4            KERNEL32.DLL
_LeaveCriticalSection@4             KERNEL32.DLL
_EnterCriticalSection@4             KERNEL32.DLL
_SetLastError@4                     KERNEL32.DLL
_TlsAlloc@0                         KERNEL32.DLL
_TlsFree@4                          KERNEL32.DLL
_VirtualAlloc@16                    KERNEL32.DLL
_CharUpperA@4                       USER32.DLL
_VirtualFree@12                     KERNEL32.DLL
_CreateThread@24                    KERNEL32.DLL
_ResumeThread@4                     KERNEL32.DLL
_ExitThread@4                       KERNEL32.DLL
_GetTimeZoneInformation@4           KERNEL32.DLL
_GetACP@0                           KERNEL32.DLL
_GetOEMCP@0                         KERNEL32.DLL
_GetCPInfo@8                        KERNEL32.DLL
_SetEnvironmentVariableA@8          KERNEL32.DLL
_FlushFileBuffers@4                 KERNEL32.DLL
_WideCharToMultiByte@32             KERNEL32.DLL
_SetEnvironmentVariableW@8          KERNEL32.DLL


                        +--------------------+
                        |   Libraries Used   |
                        +--------------------+

C:\Users\borov\Documents\WATCOM/lib386/nt\kernel32.lib
C:\Users\borov\Documents\WATCOM/lib386/nt\user32.lib
C:\Users\borov\Documents\WATCOM/lib386/nt\flib7.lib
C:\Users\borov\Documents\WATCOM/lib386\math387r.lib
C:\Users\borov\Documents\WATCOM/lib386/nt\clib3r.lib
C:\Users\borov\Documents\WATCOM/lib386/nt\emu387.lib


                        +-----------------------+
                        |   Linker Statistics   |
                        +-----------------------+

Stack size:  00010000 (65536.)
Memory size:  0002f15c (192860.)
Entry point address: 00401664
Link time: 00:00.50
