Open Watcom Linker Version 1.9
Portions Copyright (c) 1985-2002 Sybase, Inc. All Rights Reserved.
Created on:       25/05/06 22:05:27
Executable Image: lab4proj.exe
creating a Windows NT character-mode executable


                        +------------+
                        |   Groups   |
                        +------------+

Group                           Address              Size
=====                           =======              ====

.idata                          00416000             00000786
DGROUP                          00417000             5f5f4100



                        +--------------+
                        |   Segments   |
                        +--------------+

Segment                Class          Group          Address         Size
=======                =====          =====          =======         ====

BEGTEXT                CODE           AUTO           00401000        00000007
_TEXT                  CODE           AUTO           00401010        00013f58
TRANSFER CODE          CODE           AUTO           00414f68        0000019e
.idata                 .idata         .idata         00416000        00000786
_NULL                  BEGDATA        DGROUP         00417000        00000004
_AFTERNULL             BEGDATA        DGROUP         00417004        00000000
CONST                  DATA           DGROUP         00417010        0000011c
_DATA                  DATA           DGROUP         00417130        00001084
CONST2                 DATA           DGROUP         004181b4        00000000
XIB                    DATA           DGROUP         004181b4        00000000
XI                     DATA           DGROUP         004181b4        0000004e
XIE                    DATA           DGROUP         00418202        00000000
YIB                    DATA           DGROUP         00418202        00000000
YI                     DATA           DGROUP         00418202        00000030
YIE                    DATA           DGROUP         00418232        00000000
DATA32                 DATA           DGROUP         00418234        00000134
TIB                    DATA           DGROUP         00418368        00000000
TI                     DATA           DGROUP         00418368        00000000
TIE                    DATA           DGROUP         00418368        00000000
DATA                   DATA           DGROUP         00418368        00000000
MESH                   MESH           DGROUP         00419000        00000004
CONST32                CONST          DGROUP         00419004        00000000
_BSS                   BSS            DGROUP         00419010        000010f0
GDATA@0                BSS            DGROUP         0041a100        5f5e1000
BSS32                  BSS            DGROUP         5f9fb100        00000000
STACK                  STACK          DGROUP         5f9fb100        00010000


                        +----------------+
                        |   Memory Map   |
                        +----------------+

* = unreferenced symbol
+ = symbol only referenced locally

Address        Symbol
=======        ======

Module: lab4double.obj(C:\Users\evgen\source\repos\nstu-v2\Numerical_computations\lab4\lab4double.for)
00401010       FMAIN
0040114b+      MAKEMESH
004011c3*      RECTANGLE
0040127c*      SIMPSON
0040137c+      R_NEWTON_COTES_4
004014bc+      FUN
00419000+      MESH
Module: C:\Users\evgen\Documents\WATCOM/lib386/nt\flib7.lib(setunit.c)
004014f0       RT@SetUnit
Module: C:\Users\evgen\Documents\WATCOM/lib386/nt\flib7.lib(setfile.c)
00401530       RT@SetFile
Module: C:\Users\evgen\Documents\WATCOM/lib386/nt\flib7.lib(exopen.c)
00401c80       RT@IOOpen
00417160+      _AccModTab
00417170+      _FormTab
0041717c+      _OpStatTab
00417190+      _BlnkTab
0041719c+      _RecFmTab
004171ac+      _CCtrlTab
004171b8+      _ActionTab
004171c8+      _ShareTab
Module: C:\Users\evgen\Documents\WATCOM/lib386/nt\flib7.lib(coread)
00401c96       RT@IORead
00401ca5*      RT@InpLOG1
00401cb4*      RT@InpLOG4
00401cc3*      RT@InpINT1
00401cd2*      RT@InpINT2
00401ce1*      RT@InpINT4
00401cf0*      RT@InpREAL
00401cff       RT@InpDBLE
00401d0e*      RT@InpXTND
00401d1d*      RT@InpCPLX
00401d2c*      RT@InpDBCX
00401d3b*      RT@InpXTCX
00401d4a*      RT@InpCHAR
00401d4f*      RT@InpSTR
00401d54*      RT@InpArr
00401d59*      RT@InpChArr
Module: C:\Users\evgen\Documents\WATCOM/lib386/nt\flib7.lib(cortns)
004171e0*      _FRT_SaveESP
00401d69*      SwitchToGen
00401d87       SwitchToRT
00401da5       RdWrCommon
00401e49       IOType_
00401e67       IOChar
00401e82       IOStr
00401e97       IOArr
00401eb2       IOChArr
00401ed4       RT@EndIO
Module: C:\Users\evgen\Documents\WATCOM/lib386/nt\flib7.lib(setfmt.c)
00401ee0       RT@SetFmt
Module: C:\Users\evgen\Documents\WATCOM/lib386/nt\flib7.lib(cowrite)
00401f00       RT@IOWrite
00401f0f*      RT@OutLOG1
00401f21*      RT@OutLOG4
00401f2f*      RT@OutINT1
00401f41*      RT@OutINT2
00401f51*      RT@OutINT4
00401f60*      RT@OutREAL
00401f70       RT@OutDBLE
00401f80*      RT@OutXTND
00401f90*      RT@OutCPLX
00401fa6*      RT@OutDBCX
00401fbc*      RT@OutXTCX
00401fd2       RT@OutCHAR
00401fd7*      RT@OutSTR
00401fdc*      RT@PrtArr
00401fe1*      RT@PrtChArr
Module: C:\Users\evgen\Documents\WATCOM/lib386/nt\flib7.lib(pause.c)
00402000       RT@Pause
00417200*      LG@PAUSE_HOOK
Module: C:\Users\evgen\Documents\WATCOM/lib386\math387r.lib(trig87)
00402091*      sin_
00402085*      cos_
004020b2*      tan_
00402044*      IF@COS
00402044       IF@DCOS
0040204e*      IF@SIN
0040204e*      IF@DSIN
0040209d*      IF@TAN
0040209d*      IF@DTAN
Module: C:\Users\evgen\Documents\WATCOM/lib386/nt\clib3r.lib(cstrtwnt)
004020be       _cstart_
004020be*      mainCRTStartup
Module: C:\Users\evgen\Documents\WATCOM/lib386/nt\clib3r.lib(_8087)
00417210       __8087
00417211       __real87
Module: C:\Users\evgen\Documents\WATCOM/lib386/nt\emu387.lib(386)
0040211c       __init_387_emulator
0040211d*      __fini_387_emulator
Module: C:\Users\evgen\Documents\WATCOM/lib386/nt\flib7.lib(initeng.c)
00419010       __init_english
Module: C:\Users\evgen\Documents\WATCOM/lib386/nt\flib7.lib(initerr.c)
00419014       __init_error
Module: C:\Users\evgen\Documents\WATCOM/lib386/nt\flib7.lib(setiocb.c)
00402120       RT@SetIOCB
Module: C:\Users\evgen\Documents\WATCOM/lib386/nt\flib7.lib(rdata.c)
00419020       _IORslt
00419030       _FmtBuff
00419034*      _Fmt_revert
00419038*      _Fmt_start
0041903c*      _Fmt_paren_level
00419040*      _Fmt_charptr
00419044*      _FmtEmStruct
00419048       _IOTypeRtn
0041904c*      _Fmt_end
00419050*      _Fmt_rep_spec
00419054       _FmtRoutine
00419058       _IOCB
0041905c       _Files
00419060*      _Fmt_delimited
Module: C:\Users\evgen\Documents\WATCOM/lib386/nt\flib7.lib(rtutls.c)
004021d0       FindFtnFile_
004022c0       RChkAlloc_
004022f0       F_Connect_
00402370       ConnectFile_
00402380       GetFileInfo_
00402470       DiscoFile_
004024e0*      ChkFileName_
00402510+      ChkLogFile_
00402550       ChkIOOperation_
00402590       GetIOErr_
004025a0       ChkIOErr_
004025c0       ChkUnitId_
00402600*      ChkConnected_
00402620       SetEOF_
00402650       ClearEOF_
00402690       SysEOF_
004026c0       IsFixed_
004026d0       IsCarriage_
004026e0*      ChkRecordStructure_
00402710*      ChkSequential_
00402730*      ChkExist_
00402760       StrItem_
Module: C:\Users\evgen\Documents\WATCOM/lib386/nt\flib7.lib(exutil.c)
004027e0       FindKWord_
00402870*      ClrBuff_
00417214       _SpecId
Module: C:\Users\evgen\Documents\WATCOM/lib386/nt\flib7.lib(ioerr.c)
004028c0       IOErr_
Module: C:\Users\evgen\Documents\WATCOM/lib386/nt\flib7.lib(rtsysutl.c)
00402950       GetSysIOInfo_
00402970       GetSysFileInfo_
004029a0       IsDevice_
00402b70       OpenAction_
00402bb0*      DfltRecType_
00402bd0+      _FileAttrs_
00402c90       CloseFile_
00402d00       Scrtched_
00402d20*      CloseDeleteFile_
00402d70       Errf_
00402d90       FPutBuff_
00402e00       FGetBuff_
00402e50       SeekFile_
00402e70       NoEOF_
00402e80       SysClearEOF_
00402e90       SameFile_
00402ea0*      Rewindf_
00402ec0       SysCreateFile_
00402f00       CheckLogicalRecord_
00402f20       SkipLogicalRecord_
00402f40*      BackSpacef_
00402f70*      EndFilef_
00402fb0       GetIOErrMsg_
00402ff0       ReportNExist_
00403010       ReportEOF_
00403020       WaitForEnter_
Module: C:\Users\evgen\Documents\WATCOM/lib386/nt\flib7.lib(runmain.c)
00403030*      __InitUnit6CC_
00403040       __DevicesCC_
00403050*      __InitAllowCommaSeparator_
00403060       __AllowCommaSep_
00403070+      _InitIO_
004030e0+      CloseAllFiles_
00403120*      _FiniEx_
00403120       RunExit_
00403160       RunEntry_
Module: C:\Users\evgen\Documents\WATCOM/lib386/nt\flib7.lib(rdwr.c)
00403190       DoOpen_
004031c0+      _AllocBuffer_
00403200       IOPrologue_
00403440       UpdateRecNum_
Module: C:\Users\evgen\Documents\WATCOM/lib386/nt\flib7.lib(iomain.c)
00403480       __ReleaseIOSys_
004034a0       IOMain_
Module: C:\Users\evgen\Documents\WATCOM/lib386/nt\flib7.lib(exread.c)
004036d0       DoRead_
Module: C:\Users\evgen\Documents\WATCOM/lib386/nt\clib3r.lib(crwdata)
00417284       __osmajor
00417285       __osminor
00417286       __osbuild
00417288       __osver
0041728c       __winmajor
00417290       __winminor
00417294       __winver
00417250       __LpDllName
00417254       __LpwCmdLine
00417258       __LpwPgmName
0041725c       __LpwDllName
00417248       __LpCmdLine
0041724c       __LpPgmName
00417240*      __dynend
00417244       __curbrk
00417260*      __STACKLOW
00417264       __STACKTOP
00417268       __ASTACKSIZ
0041726c       __ASTACKPTR
00417270*      __cbyte
00417274*      __cbyte2
00417278*      __child
0041727e       __Envptr
00417282*      __Envseg
0041727c       __no87
00417298       ___FPE_handler
Module: C:\Users\evgen\Documents\WATCOM/lib386/nt\flib7.lib(thrdutil.c)
00403760*      __InitMultiThreadIO_
004172a0       ___SwitchStkLow
Module: C:\Users\evgen\Documents\WATCOM/lib386/nt\flib7.lib(rfmtexec.c)
004040a0       R_FExec_
Module: C:\Users\evgen\Documents\WATCOM/lib386/nt\flib7.lib(exwrite.c)
00404140       DoWrite_
Module: C:\Users\evgen\Documents\WATCOM/lib386/nt\flib7.lib(rtinit.c)
004172a4       ___FAppType
004172a8       __ExceptionInit
004172ac       __ExceptionFini
00404180*      __InitFThreadData_
004041c0+      RTSysFini_
004041d0       RTSysInit_
004172b4       __AccessFIO
004172b8       __ReleaseFIO
004172bc       __PartialReleaseFIO
00419068       ___FThreadDataOffset
004181d2*      ___fthread_data_size
Module: C:\Users\evgen\Documents\WATCOM/lib386/nt\flib7.lib(rterr.c)
004172c0+      _TraceRoutine
00404250       FlushStdUnit_
004042a0+      WriteErr_
00404370       ErrHandler_
004043b0       RTErr_
004172cc+      LG@ERR_HOOK
Module: C:\Users\evgen\Documents\WATCOM/lib386/nt\flib7.lib(stdio.c)
004043f0       StdBuffer_
00404410       StdWrite_
004044f0       StdFlush_
00404520       StdWriteNL_
Module: C:\Users\evgen\Documents\WATCOM/lib386/nt\clib3r.lib(chipvar)
004176d8       ___chipbug
004176d8       __chipbug
Module: C:\Users\evgen\Documents\WATCOM/lib386/nt\clib3r.lib(chipt32.asm)
00404548       __fptan_chk
Module: C:\Users\evgen\Documents\WATCOM/lib386/nt\clib3r.lib(main2wnt.c)
00404600       __NTMain
Module: C:\Users\evgen\Documents\WATCOM/lib386/nt\clib3r.lib(segdefns)
00401003       ___begtext
00417000*      __nullarea
004181b4       __Start_XI
00418202       __End_XI
00418202       __Start_YI
00418232       __End_YI
Module: C:\Users\evgen\Documents\WATCOM/lib386/nt\clib3r.lib(chk8087.c)
00404680*      _fpreset_
004046c0       __chk8087_
004046d0*      __init_8087_
Module: C:\Users\evgen\Documents\WATCOM/lib386/nt\flib7.lib(english.c)
00404720       __UseEnglishCharSet_
Module: C:\Users\evgen\Documents\WATCOM/lib386/nt\flib7.lib(errincl.c)
00404830       __InitError_
004176dc+      _PGroupTable
004176e0+      _PErrWord
Module: C:\Users\evgen\Documents\WATCOM/lib386/nt\clib3r.lib(mainwnt.c)
004176e4       ___TlsIndex
004176e8       ___FirstThreadData
004176ec       ___GetThreadPtr
004176f0       __AccessFileH
004176f4       __ReleaseFileH
004176f8       __AccessIOB
004176fc       __ReleaseIOB
00417700       __AccessNHeap
00417704       __AccessFHeap
00417708       __ReleaseNHeap
00404860*      __threadid_
00404880+      __sig_null_rtn_
00404890+      __NTInit_
00404a70+      __NTFini_
00404ad0       __NTMainInit_
00404b30       __exit_
0041770c       __ReleaseFHeap
00417710       __AccessTDList
00417714       __ReleaseTDList
00417718       __AccessFList
0041771c       __ReleaseFList
00417720       __ThreadExitRtn
00417724       ___sig_init_rtn
00417728       ___sig_fini_rtn
0041772c       ___process_fini
00419078       ___Is_DLL
Module: C:\Users\evgen\Documents\WATCOM/lib386/nt\flib7.lib(ioinit.c)
00404b90       IOSysInit_
Module: C:\Users\evgen\Documents\WATCOM/lib386/nt\flib7.lib(fdutil.c)
00404bc0       LocFile_
00404bd0       LocUnit_
00404c00       ExtractInfo_
Module: C:\Users\evgen\Documents\WATCOM/lib386/nt\flib7.lib(rstdio.c)
00404d30       _InitStandardInput_
00404d60       _InitStandardOutput_
Module: C:\Users\evgen\Documents\WATCOM/lib386/nt\flib7.lib(rmemmgr.c)
00404d90       RMemAlloc_
00404da0       RMemFree_
Module: C:\Users\evgen\Documents\WATCOM/lib386/nt\clib3r.lib(memset.c)
00404db0       memset_
Module: C:\Users\evgen\Documents\WATCOM/lib386/nt\flib7.lib(deffname.c)
00417734       _DefFName
Module: C:\Users\evgen\Documents\WATCOM/lib386/nt\flib7.lib(stracc.c)
00404dd0       TrimStr_
00404e10       GetStr_
Module: C:\Users\evgen\Documents\WATCOM/lib386/nt\flib7.lib(spawn.c)
00404e40       Spawn_
00404ea0       Suicide_
Module: C:\Users\evgen\Documents\WATCOM/lib386/nt\clib3r.lib(memicmp.c)
00404ee0       memicmp_
Module: C:\Users\evgen\Documents\WATCOM/lib386/nt\flib7.lib(blderr.c)
00404fa0       Substitute_
00405160       ErrCodOrg_
Module: C:\Users\evgen\Documents\WATCOM/lib386/nt\clib3r.lib(accsswnt.c)
00405170       access_
Module: C:\Users\evgen\Documents\WATCOM/lib386/nt\clib3r.lib(fullpath.c)
004051b0+      _sys_fullpath_
00405230       _fullpath_
Module: C:\Users\evgen\Documents\WATCOM/lib386/nt\clib3r.lib(fstatwnt.c)
004052a0       fstat_
Module: C:\Users\evgen\Documents\WATCOM/lib386/nt\flib7.lib(poserr.c)
00405600       Errorf_
00405620*      EOFile_
00405640       ErrorMsg_
00405680       FSetTrunc_
00405690       FSetSysErr_
004056b0       FSetErr_
004056d0       FSetEof_
004056f0       IOOk_
Module: C:\Users\evgen\Documents\WATCOM/lib386/nt\clib3r.lib(statwnt.c)
00405815       stat_
Module: C:\Users\evgen\Documents\WATCOM/lib386/nt\flib7.lib(posopen.c)
00405a50       InitStd_
00405b10       SetIOBufferSize_
00405b30+      _AllocFile_
00405c20       Openf_
00405d10       Closef_
Module: C:\Users\evgen\Documents\WATCOM/lib386/nt\flib7.lib(posdat.c)
00417924       _FStdIn
00417928       _FStdOut
0041792c       _FStdErr
Module: C:\Users\evgen\Documents\WATCOM/lib386/nt\flib7.lib(posflush.c)
00405d90       FlushBuffer_
Module: C:\Users\evgen\Documents\WATCOM/lib386/nt\flib7.lib(posdel.c)
00405e40       Scratchf_
Module: C:\Users\evgen\Documents\WATCOM/lib386/nt\clib3r.lib(nodefwin.c)
00417930*      __WindowsIsWindowedHandle
00417934*      __WindowsRemoveWindowedHandle
00417938*      __WindowsNewWindow
0041793c*      __WindowsCloseWindow
00417940*      __WindowsSetAbout
00417944*      __WindowsSetAppTitle
00417948*      __WindowsSetConTitle
0041794c*      __WindowsDestroyOnClose
00417950*      __WindowsYieldControl
00417954*      __WindowsShutDown
00417958*      __WindowsStdin
0041795c       __WindowsStdout
00417960*      __WindowsKbhit
00417964*      __WindowsGetch
00417968*      __WindowsGetche
0041796c*      __WindowsPutch
00405e60*      _dwShutDown_
00405e60*      _dwYield_
00405e60*      _dwSetConTitle_
00405e60*      _dwSetAppTitle_
00405e60*      _dwSetAboutDlg_
00405e60       _dwDeleteOnClose_
00417970*      __WindowsExitRtn
00419694*      __init_default_win
Module: C:\Users\evgen\Documents\WATCOM/lib386/nt\flib7.lib(posput.c)
00405e70       FPutRec_
00405eb0       ChopFile_
00405f00*      PutRec_
00406020       writebytes_
004060a0       SysWrite_
Module: C:\Users\evgen\Documents\WATCOM/lib386/nt\flib7.lib(posget.c)
004061e0       readbytes_
004062b0       SysRead_
00406720       FGetRec_
00406750*      GetRec_
00406770       GetStdChar_
004067c0       FCheckLogical_
00406840       FSkipLogical_
00406910*      FGetVarRecLen_
Module: C:\Users\evgen\Documents\WATCOM/lib386/nt\flib7.lib(posseek.c)
00406a00       FSeekRec_
00406a40       CurrFileOffset_
00406a40       FGetFilePos_
00406a60       SysSeek_
00406c50*      FSeekAbs_
Module: C:\Users\evgen\Documents\WATCOM/lib386/nt\clib3r.lib(stricmp.c)
00406c60       stricmp_
Module: C:\Users\evgen\Documents\WATCOM/lib386/nt\flib7.lib(posrew.c)
00406ca0       FRewind_
Module: C:\Users\evgen\Documents\WATCOM/lib386/nt\flib7.lib(posback.c)
00406d10       FBackspace_
Module: C:\Users\evgen\Documents\WATCOM/lib386/nt\flib7.lib(postrunc.c)
00406df0       FTruncate_
Module: C:\Users\evgen\Documents\WATCOM/lib386/nt\clib3r.lib(errno.c)
00406e10       __get_errno_ptr_
00406e20*      __get_doserrno_ptr_
Module: C:\Users\evgen\Documents\WATCOM/lib386/nt\flib7.lib(sdfile.c)
00417974*      _FFCtrlSeq
00417976*      _SkipCtrlSeq
00417978       _NormalCtrlSeq
0041797a       _SDTermIn
0041797e       _SDTermOut
00417982*      _SDPrtName
Module: C:\Users\evgen\Documents\WATCOM/lib386/nt\flib7.lib(unfmtin.c)
00406e30       UnFmtIn_
00406ed0+      NextUnFmtRec_
Module: C:\Users\evgen\Documents\WATCOM/lib386/nt\flib7.lib(freein.c)
004072b0+      GetNum_
004074b0       FreeIn_
004074c0*      DoFreeIn_
004074f0+      BumpComma_
00407520+      Blanks_
00407540+      CheckEor_
Module: C:\Users\evgen\Documents\WATCOM/lib386/nt\flib7.lib(wrutils.c)
00407b50       F_SendData_
00407bb0*      SendLine_
00407bc0       SendEOR_
00407c50*      SendInt_
00407c80       SendStr_
00407ca0+      SendWSLStr_
00407cc0       SendChar_
00407ce0       Drop_
00407ea0       IOItemResult_
Module: C:\Users\evgen\Documents\WATCOM/lib386/nt\flib7.lib(rfmtutil.c)
00407f50       R_ChkType_
00407f80       R_NewRec_
00407fc0       R_ChkIType_
00407ff0       R_ChkFType_
00408020       R_ChkRecLen_
00408040+      GetLen_
00408080       R_FOStr_
00408090*      FOString_
00408100       R_FIStr_
004081c0       R_FOLog_
00408210       R_FILog_
004082f0       R_FIFloat_
004084e0       GetReal_
004085f0       R_FOF_
00408670       R_FOE_
004087b0+      FmtH2B_
004088a0       R_FIHex_
00408a20       R_FOHex_
00408a30*      FOHex_
00408b30       R_FIInt_
00408c40       R_FOInt_
00408ea0       R_FOG_
00409120+      ChkBuffLen_
Module: C:\Users\evgen\Documents\WATCOM/lib386/nt\flib7.lib(arrayio.c)
004091e0       ArrayIOType_
Module: C:\Users\evgen\Documents\WATCOM/lib386/nt\flib7.lib(unfmtout.c)
00409340       UnFmtOut_
Module: C:\Users\evgen\Documents\WATCOM/lib386/nt\flib7.lib(freeout.c)
00409790       FreeOut_
00417988+      _OutRtn
Module: C:\Users\evgen\Documents\WATCOM/lib386/nt\flib7.lib(rttraps.c)
00409960       __EnableF77RTExceptionHandling_
00409970       R_TrapInit_
00409a00       R_TrapFini_
00409a10*      __InitExceptionVectors_
Module: C:\Users\evgen\Documents\WATCOM/lib386/nt\flib7.lib(errrtns.c)
00419698       ___ErrorFini
0041969c       ___ErrorInit
004196a0       ___BldErrMsg
Module: C:\Users\evgen\Documents\WATCOM/lib386/nt\clib3r.lib(atexit.c)
00409a30       atexit_
Module: C:\Users\evgen\Documents\WATCOM/lib386/nt\clib3r.lib(regdata.c)
00409a90       __RegisterThreadDataSize_
Module: C:\Users\evgen\Documents\WATCOM/lib386/nt\flib7.lib(errutil.c)
00409ac0       BldErrCode_
00409b20*      MsgFormat_
00409b50*      MsgBuffer_
004179bc+      _PGrpCodes
Module: C:\Users\evgen\Documents\WATCOM/lib386/nt\clib3r.lib(enterdb.c)
00409b80       __EnterWVIDEO_
004179c0       ___WD_Present
Module: C:\Users\evgen\Documents\WATCOM/lib386/nt\clib3r.lib(iob.c)
004179c4       ___iob
00417bcc       __fmode
00419728       ___OpenStreams
0041972c       ___ClosedStreams
Module: C:\Users\evgen\Documents\WATCOM/lib386/nt\clib3r.lib(setmd.c)
00409bb0       setmode_
Module: C:\Users\evgen\Documents\WATCOM/lib386/nt\clib3r.lib(write.c)
00409ef0       write_
Module: C:\Users\evgen\Documents\WATCOM/lib386/nt\clib3r.lib(chipbug.c)
0040a150       __verify_pentium_fdiv_bug_
Module: C:\Users\evgen\Documents\WATCOM/lib386/nt\clib3r.lib(initrtns.c)
0040a1c0       __InitRtns
0040a210       __FiniRtns
Module: C:\Users\evgen\Documents\WATCOM/lib386/nt\clib3r.lib(mthrdini.c)
0040a270       __InitThreadData_
00417bd0       ___ThreadDataSize
Module: C:\Users\evgen\Documents\WATCOM/lib386/nt\clib3r.lib(cmain386.c)
0040a2a0       __CMain
Module: C:\Users\evgen\Documents\WATCOM/lib386/nt\clib3r.lib(dosseg)
00001234       __DOSseg__
Module: C:\Users\evgen\Documents\WATCOM/lib386/nt\clib3r.lib(8087cw.c)
00417bd4       __8087cw
Module: C:\Users\evgen\Documents\WATCOM/lib386/nt\clib3r.lib(save8087.c)
00417bd8       ___Save8087
00417bdc       ___Rest8087
Module: C:\Users\evgen\Documents\WATCOM/lib386/nt\clib3r.lib(init8087)
0040a2e4       __x87id
Module: C:\Users\evgen\Documents\WATCOM/lib386/nt\flib7.lib(csetinfo.c)
00419730       _CharSetInfo
Module: C:\Users\evgen\Documents\WATCOM/lib386/nt\flib7.lib(errmsg.c)
0040a650       _GroupTable
0040a700       _ErrWord
Module: C:\Users\evgen\Documents\WATCOM/lib386/nt\clib3r.lib(hdlman.c)
00417be0+      ___NHandles
00417be4+      ___OSHandles
00417be8+      ___FakeHandles
0040ad30+      __growPOSIXHandles_
0040add0       __allocPOSIXHandle_
0040ae90       __freePOSIXHandle_
0040aeb0       __getOSHandle_
0040aec0       __setOSHandle_
0040af10+      __NTGetFakeHandle_
0040af80       __initPOSIXHandles_
0040b060*      __set_handles_
0040b070*      _grow_handles_
Module: C:\Users\evgen\Documents\WATCOM/lib386/nt\clib3r.lib(environ.c)
00419744       ___env_mask
00419748       _environ
0041974c       __wenviron
Module: C:\Users\evgen\Documents\WATCOM/lib386/nt\clib3r.lib(getmodfn.c)
0040b0b0       __lib_GetModuleFileNameW_
Module: C:\Users\evgen\Documents\WATCOM/lib386/nt\clib3r.lib(strdup.c)
0040b150       __clib_strdup_
Module: C:\Users\evgen\Documents\WATCOM/lib386/nt\clib3r.lib(istable.c)
0040b190       __IsTable
Module: C:\Users\evgen\Documents\WATCOM/lib386/nt\clib3r.lib(ustrdup.c)
0040b291       __clib_wcsdup_
Module: C:\Users\evgen\Documents\WATCOM/lib386/nt\clib3r.lib(nfree.c)
0040b2c0       _nfree_
0040b2c0       free_
00419750       ___MiniHeapFreeRover
Module: C:\Users\evgen\Documents\WATCOM/lib386/nt\clib3r.lib(excptwnt.c)
0040ba30+      ___ReportException@4
0040be80       __DefaultExceptionHandler_
0040bec0+      ___ExceptionFilter
0040c0d0       __NewExceptionFilter_
0040c100       __DoneExceptionFilter_
00417bf4       ___oscode_check_func
00417bf8       ___raise_func
00419754*      _sw
00419758       ___ExceptionHandled
00419759+      ___ReportInvoked
Module: C:\Users\evgen\Documents\WATCOM/lib386/nt\clib3r.lib(stklmwnt.c)
0040c140       __init_stack_limits_
Module: C:\Users\evgen\Documents\WATCOM/lib386/nt\clib3r.lib(getenv.c)
0040c1b0       getenv_
Module: C:\Users\evgen\Documents\WATCOM/lib386/nt\clib3r.lib(ltoa.c)
0040c240       ultoa_
0040c290       ltoa_
Module: C:\Users\evgen\Documents\WATCOM/lib386/nt\clib3r.lib(nmalloc.c)
0040c2c0       _nmalloc_
0040c2c0       malloc_
00417c10       ___nheapbeg
00417c14       ___MiniHeapRover
00417c18       ___LargestSizeB4MiniHeapRover
Module: C:\Users\evgen\Documents\WATCOM/lib386/nt\clib3r.lib(__stos)
0040c3c0       __STOSB
0040c3f7*      __STOSD
Module: C:\Users\evgen\Documents\WATCOM/lib386/nt\clib3r.lib(setjmp)
0040c464       _setjmp_
0040c49d       longjmp_
Module: C:\Users\evgen\Documents\WATCOM/lib386/nt\clib3r.lib(exit.c)
0040c525+      __null_int23_exit_
0040c526       exit_
0040c576*      _exit_
00417c1c+      ___int23_exit
00417c20+      ___FPE_handler_exit
Module: C:\Users\evgen\Documents\WATCOM/lib386/nt\clib3r.lib(memmove.c)
0040c590       memmove_
Module: C:\Users\evgen\Documents\WATCOM/lib386/nt\clib3r.lib(itoa.c)
0040c5f0       utoa_
0040c640       itoa_
Module: C:\Users\evgen\Documents\WATCOM/lib386/nt\clib3r.lib(fgtattr.c)
0040c670       __fixed_GetFileAttributesA_
Module: C:\Users\evgen\Documents\WATCOM/lib386/nt\clib3r.lib(dosret.c)
0040c710*      _dosretax_
0040c720*      _dosret0_
0040c730       __set_errno_dos_
0040c760*      __set_errno_dos_reterr_
0040c770       __set_errno_nt_
0040c780*      __set_errno_nt_reterr_
Module: C:\Users\evgen\Documents\WATCOM/lib386/nt\clib3r.lib(seterrno.c)
0040c794       __set_errno_
0040c7a2*      __set_EDOM_
0040c7b0       __set_ERANGE_
0040c7be*      __set_EINVAL_
0040c7d1       __set_doserrno_
Module: C:\Users\evgen\Documents\WATCOM/lib386/nt\clib3r.lib(gtcwdwnt.c)
0040c7e0       getcwd_
Module: C:\Users\evgen\Documents\WATCOM/lib386/nt\clib3r.lib(iomode.c)
0040c870       __GetIOMode_
0040c890       __SetIOMode_nogrow_
00417d28       ___NFiles
00417d2c       ___init_mode
00417d7c       ___io_mode
Module: C:\Users\evgen\Documents\WATCOM/lib386/nt\clib3r.lib(iomodtty.c)
0040c8b0       __ChkTTYIOMode_
0040c8f0       __IOMode_
Module: C:\Users\evgen\Documents\WATCOM/lib386/nt\clib3r.lib(ntdirinf.c)
0040c910       __MakeDOSDT_
0040c940*      __FromDOSDT_
0040c970*      __GetNTDirInfo_
0040c9b0*      __NTFindNextFileWithAttr_
Module: C:\Users\evgen\Documents\WATCOM/lib386/nt\clib3r.lib(d2ttime.c)
0040ca10       _d2ttime_
Module: C:\Users\evgen\Documents\WATCOM/lib386/nt\clib3r.lib(strerror.c)
0040cdb0       strerror_
0040cdd0*      _strerror_
0040cea0*      _doserror_
00417d80+      __sys_errlist
00417e24+      __sys_nerr
Module: C:\Users\evgen\Documents\WATCOM/lib386/nt\clib3r.lib(_strcmp)
0040ced0       strcmp_
Module: C:\Users\evgen\Documents\WATCOM/lib386/nt\clib3r.lib(mbspbrk.c)
0040d010       _mbspbrk_
Module: C:\Users\evgen\Documents\WATCOM/lib386/nt\clib3r.lib(mbsinc.c)
0040d060       _mbsinc_
Module: C:\Users\evgen\Documents\WATCOM/lib386/nt\clib3r.lib(tolower.c)
0040d090       tolower_
Module: C:\Users\evgen\Documents\WATCOM/lib386/nt\clib3r.lib(stiomode.c)
0040d0a0       __grow_iomode_
0040d170+      __shrink_iomode_
0040d1b0       __SetIOMode_
Module: C:\Users\evgen\Documents\WATCOM/lib386/nt\clib3r.lib(close.c)
0040d220       close_
Module: C:\Users\evgen\Documents\WATCOM/lib386/nt\clib3r.lib(openwnt.c)
0040d440*      open_
0040d460       sopen_
Module: C:\Users\evgen\Documents\WATCOM/lib386/nt\clib3r.lib(lseek.c)
0040d490       lseek_
Module: C:\Users\evgen\Documents\WATCOM/lib386/nt\flib7.lib(poscc.c)
0040d4e0*      __LineFeedWithFormFeed_
0040d4f0       FSetCC_
Module: C:\Users\evgen\Documents\WATCOM/lib386/nt\clib3r.lib(unlnkwnt.c)
0040d550       unlink_
Module: C:\Users\evgen\Documents\WATCOM/lib386/nt\clib3r.lib(chsizwnt.c)
0040d5d0       chsize_
Module: C:\Users\evgen\Documents\WATCOM/lib386/nt\clib3r.lib(read.c)
0040d6c0       read_
Module: C:\Users\evgen\Documents\WATCOM/lib386/nt\flib7.lib(rdutils.c)
0040d850       NextRec_
Module: C:\Users\evgen\Documents\WATCOM/lib386/nt\flib7.lib(unfmtutl.c)
0040d960       _SizeVars
Module: C:\Users\evgen\Documents\WATCOM/lib386/nt\clib3r.lib(toupper.c)
0040d970       toupper_
Module: C:\Users\evgen\Documents\WATCOM/lib386/nt\flib7.lib(chrutils.c)
0040d980       JmpBlanks_
Module: C:\Users\evgen\Documents\WATCOM/lib386/nt\flib7.lib(fmtcnvt.c)
0040d9a0       FmtS2I_
0040dad0       FmtS2F_
Module: C:\Users\evgen\Documents\WATCOM/lib386/nt\flib7.lib(ifile.c)
0040dea0       SendIFBuff_
0040ded0       NextIFBuff_
Module: C:\Users\evgen\Documents\WATCOM/lib386/nt\flib7.lib(cctrl.c)
0040df00       CheckCCtrl_
Module: C:\Users\evgen\Documents\WATCOM/lib386/nt\flib7.lib(undefcg.c)
0040e000       OutLogCG_
0040e010       OutIntCG_
0040e050+      FmtRealCG_
0040e080+      FmtDoubleCG_
0040e0b0+      FmtExtendedCG_
0040e0e0+      UndefIntCG_
0040e0e0+      UndefLogCG_
0040e0e0+      UndefExtendedCG_
0040e0e0+      UndefDoubleCG_
0040e0e0+      UndefRealCG_
0040e0f0+      GetRealCG_
00417e30       _FmtRealRtn
00417e34       _FmtDoubleRtn
00417e38       _FmtExtendedRtn
00417e3c       _SendStrRtn
00417e40       _UndefRealRtn
00417e44       _UndefDoubleRtn
00417e48       _UndefExtendedRtn
00417e4c       _UndefLogRtn
00417e50       _UndefIntRtn
00417e54       _GetRealRtn
Module: C:\Users\evgen\Documents\WATCOM/lib386/nt\flib7.lib(rfmtlog.c)
0040e110       R_FmtLog_
Module: C:\Users\evgen\Documents\WATCOM/lib386/nt\flib7.lib(fmtrtns.c)
0040e140       R_F2E_
0040e2b0       R_F2F_
0040e440       SetMaxPrec_
Module: C:\Users\evgen\Documents\WATCOM/lib386/nt\flib7.lib(flt86.c)
0040e450       _P1d100
0040e458       _P1d_99
Module: C:\Users\evgen\Documents\WATCOM/lib386\math387r.lib(pow87)
0040e5b9*      pow_
0040e460       IF@DPOW
0040e460*      IF@POW
Module: C:\Users\evgen\Documents\WATCOM/lib386/nt\flib7.lib(hexcnv.c)
0040e5e0       Hex_
0040e600*      HSToB_
0040e670       BToHS_
Module: C:\Users\evgen\Documents\WATCOM/lib386/nt\clib3r.lib(strupr.c)
0040e6c0       strupr_
Module: C:\Users\evgen\Documents\WATCOM/lib386/nt\clib3r.lib(signlwnt.c)
00417e58+      __SignalTable
0040e6e0+      __SetSignalFunc_
0040e730+      __GetSignalFunc_
0040e760+      __GetSignalOSCode_
0040e790+      __CheckSignalExCode_
0040e8d0+      __sigabort_
0040e8e0       __sigfpe_handler_
0040e930       signal_
0040e9c0+      raise_
0040ea30+      __SigInit_
0040ea80+      __SigFini_
0040eac0+      __sig_init_
Module: C:\Users\evgen\Documents\WATCOM/lib386/nt\flib7.lib(fptraps.c)
0040eba0*      __MaskDefaultFPE_
0040ebc0       FPTrapInit_
0040ebf0       FPTrapFini_
Module: C:\Users\evgen\Documents\WATCOM/lib386/nt\clib3r.lib(trdlist.c)
0040ec60       __GetThreadData_
0040ecb0       __ReallocThreadData_
0040eda0       __AddThreadData_
0040ee20       __RemoveThreadData_
0040ee80       __ResizeThreadDataList_
0040eeb0       __FreeThreadDataList_
0040eee0*      __ActiveThreads_
Module: C:\Users\evgen\Documents\WATCOM/lib386/nt\flib7.lib(errgrp.c)
0040ef00       _GrpCodes
Module: C:\Users\evgen\Documents\WATCOM/lib386/nt\clib3r.lib(initfile.c)
0040efc0       __InitFiles_
Module: C:\Users\evgen\Documents\WATCOM/lib386/nt\clib3r.lib(ioexit.c)
0040f0c0*      fcloseall_
0040f0d0       __full_io_exit_
Module: C:\Users\evgen\Documents\WATCOM/lib386/nt\clib3r.lib(stackwnt.c)
0040f0e0       stackavail_
Module: C:\Users\evgen\Documents\WATCOM/lib386/nt\clib3r.lib(stk)
0040f0f1*      __CHK
0040f101*      __STK
0040f120       __STKOVERFLOW_
0040f130*      __GRO
0040f150*      __alloca_probe
Module: C:\Users\evgen\Documents\WATCOM/lib386/nt\clib3r.lib(cinit.c)
0040f170       __CommonInit_
Module: C:\Users\evgen\Documents\WATCOM/lib386/nt\clib3r.lib(___argc.c)
00419864       ____Argc
00419868       ____Argv
Module: C:\Users\evgen\Documents\WATCOM/lib386/nt\flib7.lib(rtmain.c)
0040f180       main_
Module: C:\Users\evgen\Documents\WATCOM/lib386/nt\clib3r.lib(nrealloc.c)
0040f1a0*      _nrealloc_
0040f1a0       realloc_
Module: C:\Users\evgen\Documents\WATCOM/lib386/nt\clib3r.lib(setenvp.c)
0040f220       __setenvp_
0040f2e0       __freeenvp_
Module: C:\Users\evgen\Documents\WATCOM/lib386/nt\clib3r.lib(ustrlen.c)
0040f32d       wcslen_
Module: C:\Users\evgen\Documents\WATCOM/lib386/nt\clib3r.lib(memcpy.c)
0040f340       memcpy_
Module: C:\Users\evgen\Documents\WATCOM/lib386/nt\clib3r.lib(mem.c)
0040f360       __MemAllocator
0040f410       __MemFree
Module: C:\Users\evgen\Documents\WATCOM/lib386/nt\clib3r.lib(conutwnt.c)
0040f560*      __NTRealKey_
0040f610*      __NTConsoleInput_
0040f620       __NTConsoleOutput_
Module: C:\Users\evgen\Documents\WATCOM/lib386/nt\clib3r.lib(fclex387.c)
0040f630       _ClearFPE_
Module: C:\Users\evgen\Documents\WATCOM/lib386/nt\clib3r.lib(mbterm.c)
0040f640       _mbterm_
Module: C:\Users\evgen\Documents\WATCOM/lib386/nt\clib3r.lib(mbsnextc.c)
0040f680       _mbsnextc_
Module: C:\Users\evgen\Documents\WATCOM/lib386/nt\clib3r.lib(mbcupper.c)
0040f6c0       _mbctoupper_
Module: C:\Users\evgen\Documents\WATCOM/lib386/nt\clib3r.lib(alphabet.c)
004170d0       ___Alphabet
Module: C:\Users\evgen\Documents\WATCOM/lib386/nt\clib3r.lib(nmemneed.c)
0040f6f0       __nmemneed_
Module: C:\Users\evgen\Documents\WATCOM/lib386/nt\clib3r.lib(grownear.c)
0040f860       __ExpandDGROUP_
Module: C:\Users\evgen\Documents\WATCOM/lib386/nt\clib3r.lib(ljmphdl.c)
00417edc       ___longjmp_handler
Module: C:\Users\evgen\Documents\WATCOM/lib386/nt\clib3r.lib(isattwnt.c)
0040f890       isatty_
Module: C:\Users\evgen\Documents\WATCOM/lib386/nt\clib3r.lib(strncpy.c)
0040f8b0       strncpy_
Module: C:\Users\evgen\Documents\WATCOM/lib386/nt\clib3r.lib(mktime.c)
0040f8f0       mktime_
Module: C:\Users\evgen\Documents\WATCOM/lib386/nt\clib3r.lib(mbschr.c)
0040f980       _mbschr_
Module: C:\Users\evgen\Documents\WATCOM/lib386/nt\clib3r.lib(mbisdbcs.c)
00419870       ___IsDBCS
Module: C:\Users\evgen\Documents\WATCOM/lib386/nt\clib3r.lib(mbislead.c)
0040f9e0*      _ismbblead_
00419874       ___MBCSIsTable
Module: C:\Users\evgen\Documents\WATCOM/lib386/nt\clib3r.lib(_clsewnt.c)
0040fa00       __close_
Module: C:\Users\evgen\Documents\WATCOM/lib386/nt\clib3r.lib(ntfio.c)
0040fa60*      __GetNTCreateAttr_
0040faa0       __GetNTAccessAttr_
0040fad0       __GetNTShareAttr_
Module: C:\Users\evgen\Documents\WATCOM/lib386/nt\clib3r.lib(umaskval.c)
00417ee0       ___umaskval
Module: C:\Users\evgen\Documents\WATCOM/lib386/nt\clib3r.lib(__lseek.c)
0040fb30       __lseek_
Module: C:\Users\evgen\Documents\WATCOM/lib386/nt\flib7.lib(intarith.c)
0040fb70       AddIOFlo_
0040fb80*      SubIOFlo_
0040fb90       MulIOFlo_
Module: C:\Users\evgen\Documents\WATCOM/lib386\math387r.lib(strtod.c)
004100b3+      __Strtold_
0041021a       strtod_
Module: C:\Users\evgen\Documents\WATCOM/lib386/nt\flib7.lib(expchk.c)
00410360       ToFFormat_
Module: C:\Users\evgen\Documents\WATCOM/lib386\math387r.lib(ldcvt.c)
00410487       _LDScale10x_
00410a2e       __LDcvt_
Module: C:\Users\evgen\Documents\WATCOM/lib386\math387r.lib(pow87e.c)
00410e7b       __pow87_err_
Module: C:\Users\evgen\Documents\WATCOM/lib386\math387r.lib(exp87)
00410f6b*      exp_
00410f04*      __@DEXP1
00410f0c*      IF@EXP
00410f0c*      IF@DEXP
00410f0e       __@DEXP
Module: C:\Users\evgen\Documents\WATCOM/lib386/nt\clib3r.lib(chipd32.asm)
0041108f       __fdiv_fpr
00411551*      __fdiv_chk
00411564*      __fdiv_m32
004115b1*      __fdiv_m64
004115fe*      __fdiv_m32r
0041164b*      __fdiv_m64r
Module: C:\Users\evgen\Documents\WATCOM/lib386/nt\clib3r.lib(abort.c)
004116ad*      abort_
004116bf       __terminate_
00417f9c       ___abort
Module: C:\Users\evgen\Documents\WATCOM/lib386/nt\clib3r.lib(cntrl87.c)
004116e0       _control87_
Module: C:\Users\evgen\Documents\WATCOM/lib386/nt\clib3r.lib(mthread.c)
004118c0+      __CloseSemaphore_
00411900+      __AccessIOB_
00411910+      __ReleaseIOB_
00411920+      __AccessFileH_
00411930+      __ReleaseFileH_
00411940+      __AccessNHeap_
00411950+      __ReleaseNHeap_
00411960+      __AccessFHeap_
00411970+      __ReleaseFHeap_
00411980+      __AccessTDList_
00411990+      __ReleaseTDList_
004119a0+      __AccessFList_
004119b0+      __AccessSemaphore_
00411a10+      __ReleaseFList_
00411a20+      __ReleaseSemaphore_
00411a50+      __MultipleThread_
00411aa0+      __AllocInitThreadData_
00411af0*      __FreeInitThreadData_
00411b00       __NTThreadInit_
00411b70       __NTAddThread_
00411bc0       __NTRemoveThread_
00411c50       __InitMultipleThread_
00417fa0+      ___AccessSema4
00417fa4+      ___ReleaseSema4
00417fa8+      ___CloseSema4
Module: C:\Users\evgen\Documents\WATCOM/lib386/nt\clib3r.lib(xmsgwnt.c)
00411e10+      __exit_with_msg_
00411e70       __fatal_runtime_error_
Module: C:\Users\evgen\Documents\WATCOM/lib386/nt\clib3r.lib(calloc.c)
00411e90       calloc_
Module: C:\Users\evgen\Documents\WATCOM/lib386/nt\clib3r.lib(register.c)
00411ec0       __initthread_
00411ed0*      _beginthread_
00411ee0       _endthread_
00411ef0*      __RegisterThreadData_
Module: C:\Users\evgen\Documents\WATCOM/lib386/nt\clib3r.lib(fclose.c)
00411f40+      __doclose_
00411fe0       __shutdown_stream_
00412000*      fclose_
0041a0e4+      ___RmTmpFileFn
Module: C:\Users\evgen\Documents\WATCOM/lib386/nt\clib3r.lib(freefp.c)
00412050       __freefp_
004120a0       __purgefp_
Module: C:\Users\evgen\Documents\WATCOM/lib386/nt\clib3r.lib(argcv.c)
0041a0e8       __argc
0041a0ec       __argv
0041a0f0       ___argv
0041a0f4       ___argc
Module: C:\Users\evgen\Documents\WATCOM/lib386/nt\clib3r.lib(nmsize.c)
004120d0       _nmsize_
004120d0*      _msize_
Module: C:\Users\evgen\Documents\WATCOM/lib386/nt\clib3r.lib(nexpand.c)
004120e0       _nexpand_
004120e0*      _expand_
00412120+      __HeapManager_expand_
Module: C:\Users\evgen\Documents\WATCOM/lib386/nt\clib3r.lib(dofilstr.c)
00412300       __ParsePosixHandleStr_
Module: C:\Users\evgen\Documents\WATCOM/lib386/nt\clib3r.lib(clearenv.c)
00412420       clearenv_
Module: C:\Users\evgen\Documents\WATCOM/lib386/nt\clib3r.lib(mbconv.c)
004124b0       _mbvtop_
Module: C:\Users\evgen\Documents\WATCOM/lib386/nt\clib3r.lib(amblksiz.c)
00417fb8       __amblksiz
Module: C:\Users\evgen\Documents\WATCOM/lib386/nt\clib3r.lib(heapen.c)
004124d0*      _heapenable_
00417fbc       ___heap_enabled
Module: C:\Users\evgen\Documents\WATCOM/lib386/nt\clib3r.lib(nheapmin.c)
00412500       _nheapshrink_
00412500*      _nheapmin_
00412500*      _heapmin_
00412500       _heapshrink_
Module: C:\Users\evgen\Documents\WATCOM/lib386/nt\clib3r.lib(locmktim.c)
004125f0       __local_mktime_
Module: C:\Users\evgen\Documents\WATCOM/lib386/nt\clib3r.lib(gmtime.c)
00412770       __brktime_
00412870+      _gmtime_
00412890*      gmtime_
Module: C:\Users\evgen\Documents\WATCOM/lib386/nt\clib3r.lib(tzset.c)
00417fc0       ___start_dst
00417fe4       ___end_dst
0041810c*      _tzname
00418114       _timezone
00418118       _daylight
0041811c       ___dst_adjust
00412900*      __DontCacheOSTZ_
00412910*      __CacheOSTZ_
00412df0+      __parse_tz_
004131e0       tzset_
Module: C:\Users\evgen\Documents\WATCOM/lib386/nt\clib3r.lib(timeutil.c)
00413350       __isindst_
Module: C:\Users\evgen\Documents\WATCOM/lib386/nt\clib3r.lib(mbclen.c)
00413680       _mbclen_
Module: C:\Users\evgen\Documents\WATCOM/lib386/nt\clib3r.lib(mbccmp.c)
004136b0       _mbccmp_
Module: C:\Users\evgen\Documents\WATCOM/lib386/nt\clib3r.lib(mbinit.c)
00413725       __mbinit_
00418124       ___MBCodePage
Module: C:\Users\evgen\Documents\WATCOM/lib386\math387r.lib(bufld386)
00413814       __ZBuf2LD
Module: C:\Users\evgen\Documents\WATCOM/lib386\math387r.lib(inf_nan.c)
004138b7*      ___f_infinity
004138bb*      ___f_posqnan
004138bf       ___d_infinity
004138c7       ___d_posqnan
004138cf*      ___ld_infinity
004138d7*      ___ld_posqnan
Module: C:\Users\evgen\Documents\WATCOM/lib386/nt\clib3r.lib(hugeval.c)
004138e0       __HugeValue
Module: C:\Users\evgen\Documents\WATCOM/lib386\math387r.lib(ldclass.c)
004138e8       __LDClass_
00413938*      _FLClass_
Module: C:\Users\evgen\Documents\WATCOM/lib386/nt\flib7.lib(_matherr.c)
00413950*      __imath2err_
00413990*      __amath1err_
004139c0*      __amath2err_
004139f0       __math2err_
00413b00       __math1err_
00413b10*      __zmath2err_
00413b70*      __qmath2err_
Module: C:\Users\evgen\Documents\WATCOM/lib386\math387r.lib(math87e.c)
00413bd6       __math87_err_
Module: C:\Users\evgen\Documents\WATCOM/lib386/nt\clib3r.lib(trdalloc.c)
00413c50       __FiniThreadProcessing_
Module: C:\Users\evgen\Documents\WATCOM/lib386/nt\clib3r.lib(thredwnt.c)
00413d10       __CBeginThread_
00413db0       __CEndThread_
Module: C:\Users\evgen\Documents\WATCOM/lib386/nt\clib3r.lib(flush.c)
00413df0       __flush_
Module: C:\Users\evgen\Documents\WATCOM/lib386/nt\clib3r.lib(initargv.c)
00413ef0       __Init_Argv_
00413f40+      _getargv_
004140e0       __Fini_Argv_
Module: C:\Users\evgen\Documents\WATCOM/lib386/nt\clib3r.lib(strtol.c)
00414310*      strtoul_
00414320       strtol_
Module: C:\Users\evgen\Documents\WATCOM/lib386/nt\clib3r.lib(putenv.c)
00414330       putenv_
004145c0       __putenv_
Module: C:\Users\evgen\Documents\WATCOM/lib386/nt\clib3r.lib(leapyear.c)
00414730       __leapyear_
004170f8       ___diyr
00417112       ___dilyr
Module: C:\Users\evgen\Documents\WATCOM/lib386/nt\clib3r.lib(wcstombs.c)
00414770       wcstombs_
Module: C:\Users\evgen\Documents\WATCOM/lib386/nt\clib3r.lib(fsync.c)
00414810       fsync_
Module: C:\Users\evgen\Documents\WATCOM/lib386/nt\clib3r.lib(qwrit.c)
00414860       __qwrite_
Module: C:\Users\evgen\Documents\WATCOM/lib386/nt\clib3r.lib(histsplt.c)
0041a0fc       ___historical_splitparms
Module: C:\Users\evgen\Documents\WATCOM/lib386/nt\clib3r.lib(mbslen.c)
00414940       _mbslen_
Module: C:\Users\evgen\Documents\WATCOM/lib386/nt\clib3r.lib(mbstowcs.c)
00414970       mbstowcs_
Module: C:\Users\evgen\Documents\WATCOM/lib386/nt\clib3r.lib(uputenv.c)
004149f0*      _wputenv_
00414c10       __wputenv_
Module: C:\Users\evgen\Documents\WATCOM/lib386/nt\clib3r.lib(wctomb.c)
00414d10       wctomb_
Module: C:\Users\evgen\Documents\WATCOM/lib386/nt\clib3r.lib(mbtowc.c)
00414d50       mbtowc_
Module: C:\Users\evgen\Documents\WATCOM/lib386/nt\clib3r.lib(ustrchr.c)
00414de0       wcschr_
Module: C:\Users\evgen\Documents\WATCOM/lib386/nt\clib3r.lib(setenvar.c)
00414e00       __lib_SetEnvironmentVariableW_
Module: C:\Users\evgen\Documents\WATCOM/lib386/nt\clib3r.lib(crtwenv.c)
00414ef0       __create_wide_environment_
Module: C:\Users\evgen\Documents\WATCOM/lib386/nt\clib3r.lib(utoupper.c)
00414f58       towupper_


                        +----------------------+
                        |   Imported Symbols   |
                        +----------------------+

Symbol                              Module
======                              ======

_MessageBoxA@16                     USER32.DLL
_GetEnvironmentStringsA@0           KERNEL32.DLL
_GetVersion@0                       KERNEL32.DLL
_GetModuleFileNameA@12              KERNEL32.DLL
_GetCommandLineA@0                  KERNEL32.DLL
_GetCommandLineW@0                  KERNEL32.DLL
_FreeEnvironmentStringsA@4          KERNEL32.DLL
_GetModuleHandleA@4                 KERNEL32.DLL
_ExitProcess@4                      KERNEL32.DLL
_RtlUnwind@16                       KERNEL32.DLL
_GetFullPathNameA@16                KERNEL32.DLL
_GetFileType@4                      KERNEL32.DLL
_GetFileInformationByHandle@8       KERNEL32.DLL
_GetFileTime@16                     KERNEL32.DLL
_GetFileSize@8                      KERNEL32.DLL
_CreateFileA@28                     KERNEL32.DLL
_CloseHandle@4                      KERNEL32.DLL
_GetLastError@0                     KERNEL32.DLL
_GetDriveTypeA@4                    KERNEL32.DLL
_FindFirstFileA@8                   KERNEL32.DLL
_FindClose@4                        KERNEL32.DLL
_SetFilePointer@16                  KERNEL32.DLL
_WriteFile@20                       KERNEL32.DLL
_GetCurrentThreadId@0               KERNEL32.DLL
_SetStdHandle@8                     KERNEL32.DLL
_CreateEventA@16                    KERNEL32.DLL
_GetStdHandle@4                     KERNEL32.DLL
_GetModuleFileNameW@12              KERNEL32.DLL
_MultiByteToWideChar@24             KERNEL32.DLL
_LoadLibraryA@4                     KERNEL32.DLL
_GetProcAddress@8                   KERNEL32.DLL
_SetUnhandledExceptionFilter@4      KERNEL32.DLL
_UnhandledExceptionFilter@4         KERNEL32.DLL
_VirtualQuery@12                    KERNEL32.DLL
_GetFileAttributesA@4               KERNEL32.DLL
_GetCurrentDirectoryA@8             KERNEL32.DLL
_FileTimeToLocalFileTime@8          KERNEL32.DLL
_FileTimeToDosDateTime@12           KERNEL32.DLL
_DosDateTimeToFileTime@12           KERNEL32.DLL
_LocalFileTimeToFileTime@8          KERNEL32.DLL
_FindNextFileA@8                    KERNEL32.DLL
_FormatMessageA@28                  KERNEL32.DLL
_DeleteFileA@4                      KERNEL32.DLL
_SetEndOfFile@4                     KERNEL32.DLL
_ReadFile@20                        KERNEL32.DLL
_SetConsoleCtrlHandler@8            KERNEL32.DLL
_TlsGetValue@4                      KERNEL32.DLL
_TlsSetValue@8                      KERNEL32.DLL
_CharUpperA@4                       USER32.DLL
_VirtualAlloc@16                    KERNEL32.DLL
_InitializeCriticalSection@4        KERNEL32.DLL
_DeleteCriticalSection@4            KERNEL32.DLL
_LeaveCriticalSection@4             KERNEL32.DLL
_EnterCriticalSection@4             KERNEL32.DLL
_SetLastError@4                     KERNEL32.DLL
_TlsAlloc@0                         KERNEL32.DLL
_TlsFree@4                          KERNEL32.DLL
_VirtualFree@12                     KERNEL32.DLL
_GetTimeZoneInformation@4           KERNEL32.DLL
_GetACP@0                           KERNEL32.DLL
_GetOEMCP@0                         KERNEL32.DLL
_GetCPInfo@8                        KERNEL32.DLL
_CreateThread@24                    KERNEL32.DLL
_ResumeThread@4                     KERNEL32.DLL
_ExitThread@4                       KERNEL32.DLL
_SetEnvironmentVariableA@8          KERNEL32.DLL
_FlushFileBuffers@4                 KERNEL32.DLL
_WideCharToMultiByte@32             KERNEL32.DLL
_SetEnvironmentVariableW@8          KERNEL32.DLL


                        +--------------------+
                        |   Libraries Used   |
                        +--------------------+

C:\Users\evgen\Documents\WATCOM/lib386/nt\kernel32.lib
C:\Users\evgen\Documents\WATCOM/lib386/nt\user32.lib
C:\Users\evgen\Documents\WATCOM/lib386/nt\flib7.lib
C:\Users\evgen\Documents\WATCOM/lib386\math387r.lib
C:\Users\evgen\Documents\WATCOM/lib386/nt\clib3r.lib
C:\Users\evgen\Documents\WATCOM/lib386/nt\emu387.lib


                        +-----------------------+
                        |   Linker Statistics   |
                        +-----------------------+

Stack size:  00010000 (65536.)
Memory size:  5f60898c (1600162188.)
Entry point address: 004020be
Link time: 00:00.47
