Open Watcom Linker Version 1.9
Portions Copyright (c) 1985-2002 Sybase, Inc. All Rights Reserved.
Created on:       25/04/21 22:01:50
Executable Image: lab4proj.exe
creating a Windows NT character-mode executable


                        +------------+
                        |   Groups   |
                        +------------+

Group                           Address              Size
=====                           =======              ====

.idata                          00415000             00000786
DGROUP                          00416000             0001cd40



                        +--------------+
                        |   Segments   |
                        +--------------+

Segment                Class          Group          Address         Size
=======                =====          =====          =======         ====

BEGTEXT                CODE           AUTO           00401000        00000007
_TEXT                  CODE           AUTO           00401010        000132d8
TRANSFER CODE          CODE           AUTO           004142e8        0000019e
.idata                 .idata         .idata         00415000        00000786
_NULL                  BEGDATA        DGROUP         00416000        00000004
_AFTERNULL             BEGDATA        DGROUP         00416004        00000000
CONST                  DATA           DGROUP         00416010        000000e8
_DATA                  DATA           DGROUP         00416100        00001078
CONST2                 DATA           DGROUP         00417178        00000000
XIB                    DATA           DGROUP         00417178        00000000
XI                     DATA           DGROUP         00417178        0000004e
XIE                    DATA           DGROUP         004171c6        00000000
YIB                    DATA           DGROUP         004171c6        00000000
YI                     DATA           DGROUP         004171c6        00000030
YIE                    DATA           DGROUP         004171f6        00000000
TIB                    DATA           DGROUP         004171f6        00000000
TI                     DATA           DGROUP         004171f6        00000000
TIE                    DATA           DGROUP         004171f6        00000000
DATA                   DATA           DGROUP         004171f6        00000000
DATA32                 DATA           DGROUP         004171f8        0000011c
MESH                   MESH           DGROUP         00418000        00000004
CONST32                CONST          DGROUP         00418004        00000000
_BSS                   BSS            DGROUP         00418010        000010f0
GDATA@0                BSS            DGROUP         00419100        00009c40
BSS32                  BSS            DGROUP         00422d40        00000000
STACK                  STACK          DGROUP         00422d40        00010000


                        +----------------+
                        |   Memory Map   |
                        +----------------+

* = unreferenced symbol
+ = symbol only referenced locally

Address        Symbol
=======        ======

Module: lab4src.obj(C:\Users\evgen\source\repos\nstu-v2\Numerical_computations\lab4\lab4src.for)
00401010       FMAIN
004010d8+      MAKEMESH
00401141+      RECTANGLE
004011ed+      SIMPSON
004012e5+      FUN
00418000+      MESH
Module: C:\Users\evgen\Documents\WATCOM/lib386/nt\flib7.lib(setunit.c)
00401310       RT@SetUnit
Module: C:\Users\evgen\Documents\WATCOM/lib386/nt\flib7.lib(setfile.c)
00401350       RT@SetFile
Module: C:\Users\evgen\Documents\WATCOM/lib386/nt\flib7.lib(exopen.c)
00401aa0       RT@IOOpen
00416130+      _AccModTab
00416140+      _FormTab
0041614c+      _OpStatTab
00416160+      _BlnkTab
0041616c+      _RecFmTab
0041617c+      _CCtrlTab
00416188+      _ActionTab
00416198+      _ShareTab
Module: C:\Users\evgen\Documents\WATCOM/lib386/nt\flib7.lib(coread)
00401ab6       RT@IORead
00401ac5*      RT@InpLOG1
00401ad4*      RT@InpLOG4
00401ae3*      RT@InpINT1
00401af2*      RT@InpINT2
00401b01*      RT@InpINT4
00401b10       RT@InpREAL
00401b1f*      RT@InpDBLE
00401b2e*      RT@InpXTND
00401b3d*      RT@InpCPLX
00401b4c*      RT@InpDBCX
00401b5b*      RT@InpXTCX
00401b6a*      RT@InpCHAR
00401b6f*      RT@InpSTR
00401b74*      RT@InpArr
00401b79*      RT@InpChArr
Module: C:\Users\evgen\Documents\WATCOM/lib386/nt\flib7.lib(cortns)
004161b0*      _FRT_SaveESP
00401b89*      SwitchToGen
00401ba7       SwitchToRT
00401bc5       RdWrCommon
00401c69       IOType_
00401c87       IOChar
00401ca2       IOStr
00401cb7       IOArr
00401cd2       IOChArr
00401cf4       RT@EndIO
Module: C:\Users\evgen\Documents\WATCOM/lib386/nt\flib7.lib(cowrite)
00401cfe       RT@IOWrite
00401d0d*      RT@OutLOG1
00401d1f*      RT@OutLOG4
00401d2d*      RT@OutINT1
00401d3f*      RT@OutINT2
00401d4f*      RT@OutINT4
00401d5e       RT@OutREAL
00401d6e*      RT@OutDBLE
00401d7e*      RT@OutXTND
00401d8e*      RT@OutCPLX
00401da4*      RT@OutDBCX
00401dba*      RT@OutXTCX
00401dd0       RT@OutCHAR
00401dd5*      RT@OutSTR
00401dda*      RT@PrtArr
00401ddf*      RT@PrtChArr
Module: C:\Users\evgen\Documents\WATCOM/lib386/nt\flib7.lib(pause.c)
00401e00       RT@Pause
004161d0*      LG@PAUSE_HOOK
Module: C:\Users\evgen\Documents\WATCOM/lib386/nt\clib3r.lib(cstrtwnt)
00401e44       _cstart_
00401e44*      mainCRTStartup
Module: C:\Users\evgen\Documents\WATCOM/lib386/nt\clib3r.lib(_8087)
004161d4       __8087
004161d5       __real87
Module: C:\Users\evgen\Documents\WATCOM/lib386/nt\emu387.lib(386)
00401ea0       __init_387_emulator
00401ea1*      __fini_387_emulator
Module: C:\Users\evgen\Documents\WATCOM/lib386/nt\flib7.lib(initeng.c)
00418010       __init_english
Module: C:\Users\evgen\Documents\WATCOM/lib386/nt\flib7.lib(initerr.c)
00418014       __init_error
Module: C:\Users\evgen\Documents\WATCOM/lib386/nt\flib7.lib(setiocb.c)
00401eb0       RT@SetIOCB
Module: C:\Users\evgen\Documents\WATCOM/lib386/nt\flib7.lib(rdata.c)
00418020       _IORslt
00418030       _FmtBuff
00418034*      _Fmt_revert
00418038*      _Fmt_start
0041803c*      _Fmt_paren_level
00418040*      _Fmt_charptr
00418044*      _FmtEmStruct
00418048       _IOTypeRtn
0041804c*      _Fmt_end
00418050*      _Fmt_rep_spec
00418054       _FmtRoutine
00418058       _IOCB
0041805c       _Files
00418060*      _Fmt_delimited
Module: C:\Users\evgen\Documents\WATCOM/lib386/nt\flib7.lib(rtutls.c)
00401f60       FindFtnFile_
00402050       RChkAlloc_
00402080       F_Connect_
00402100       ConnectFile_
00402110       GetFileInfo_
00402200       DiscoFile_
00402270*      ChkFileName_
004022a0+      ChkLogFile_
004022e0       ChkIOOperation_
00402320       GetIOErr_
00402330       ChkIOErr_
00402350       ChkUnitId_
00402390*      ChkConnected_
004023b0       SetEOF_
004023e0       ClearEOF_
00402420       SysEOF_
00402450       IsFixed_
00402460       IsCarriage_
00402470*      ChkRecordStructure_
004024a0*      ChkSequential_
004024c0*      ChkExist_
004024f0       StrItem_
Module: C:\Users\evgen\Documents\WATCOM/lib386/nt\flib7.lib(exutil.c)
00402570       FindKWord_
00402600*      ClrBuff_
004161d8       _SpecId
Module: C:\Users\evgen\Documents\WATCOM/lib386/nt\flib7.lib(ioerr.c)
00402650       IOErr_
Module: C:\Users\evgen\Documents\WATCOM/lib386/nt\flib7.lib(rtsysutl.c)
004026e0       GetSysIOInfo_
00402700       GetSysFileInfo_
00402730       IsDevice_
00402900       OpenAction_
00402940*      DfltRecType_
00402960+      _FileAttrs_
00402a20       CloseFile_
00402a90       Scrtched_
00402ab0*      CloseDeleteFile_
00402b00       Errf_
00402b20       FPutBuff_
00402b90       FGetBuff_
00402be0       SeekFile_
00402c00       NoEOF_
00402c10       SysClearEOF_
00402c20       SameFile_
00402c30*      Rewindf_
00402c50       SysCreateFile_
00402c90       CheckLogicalRecord_
00402cb0       SkipLogicalRecord_
00402cd0*      BackSpacef_
00402d00*      EndFilef_
00402d40       GetIOErrMsg_
00402d80       ReportNExist_
00402da0       ReportEOF_
00402db0       WaitForEnter_
Module: C:\Users\evgen\Documents\WATCOM/lib386/nt\flib7.lib(runmain.c)
00402dc0*      __InitUnit6CC_
00402dd0       __DevicesCC_
00402de0*      __InitAllowCommaSeparator_
00402df0       __AllowCommaSep_
00402e00+      _InitIO_
00402e70+      CloseAllFiles_
00402eb0*      _FiniEx_
00402eb0       RunExit_
00402ef0       RunEntry_
Module: C:\Users\evgen\Documents\WATCOM/lib386/nt\flib7.lib(rdwr.c)
00402f20       DoOpen_
00402f50+      _AllocBuffer_
00402f90       IOPrologue_
004031d0       UpdateRecNum_
Module: C:\Users\evgen\Documents\WATCOM/lib386/nt\flib7.lib(iomain.c)
00403210       __ReleaseIOSys_
00403230       IOMain_
Module: C:\Users\evgen\Documents\WATCOM/lib386/nt\flib7.lib(exread.c)
00403460       DoRead_
Module: C:\Users\evgen\Documents\WATCOM/lib386/nt\clib3r.lib(crwdata)
00416248       __osmajor
00416249       __osminor
0041624a       __osbuild
0041624c       __osver
00416250       __winmajor
00416254       __winminor
00416258       __winver
00416214       __LpDllName
00416218       __LpwCmdLine
0041621c       __LpwPgmName
00416220       __LpwDllName
0041620c       __LpCmdLine
00416210       __LpPgmName
00416204*      __dynend
00416208       __curbrk
00416224*      __STACKLOW
00416228       __STACKTOP
0041622c       __ASTACKSIZ
00416230       __ASTACKPTR
00416234*      __cbyte
00416238*      __cbyte2
0041623c*      __child
00416242       __Envptr
00416246*      __Envseg
00416240       __no87
0041625c       ___FPE_handler
Module: C:\Users\evgen\Documents\WATCOM/lib386/nt\flib7.lib(thrdutil.c)
004034f0*      __InitMultiThreadIO_
00416264       ___SwitchStkLow
Module: C:\Users\evgen\Documents\WATCOM/lib386/nt\flib7.lib(exwrite.c)
00403570       DoWrite_
Module: C:\Users\evgen\Documents\WATCOM/lib386/nt\flib7.lib(rtinit.c)
00416268       ___FAppType
0041626c       __ExceptionInit
00416270       __ExceptionFini
004035b0*      __InitFThreadData_
004035f0+      RTSysFini_
00403600       RTSysInit_
00416278       __AccessFIO
0041627c       __ReleaseFIO
00416280       __PartialReleaseFIO
00418068       ___FThreadDataOffset
00417196*      ___fthread_data_size
Module: C:\Users\evgen\Documents\WATCOM/lib386/nt\flib7.lib(rterr.c)
00416284+      _TraceRoutine
00403680       FlushStdUnit_
004036d0+      WriteErr_
004037a0       ErrHandler_
004037e0       RTErr_
00416290+      LG@ERR_HOOK
Module: C:\Users\evgen\Documents\WATCOM/lib386/nt\flib7.lib(stdio.c)
00403820       StdBuffer_
00403840       StdWrite_
00403920       StdFlush_
00403950       StdWriteNL_
Module: C:\Users\evgen\Documents\WATCOM/lib386/nt\clib3r.lib(main2wnt.c)
00403980       __NTMain
Module: C:\Users\evgen\Documents\WATCOM/lib386/nt\clib3r.lib(segdefns)
00401003       ___begtext
00416000*      __nullarea
00417178       __Start_XI
004171c6       __End_XI
004171c6       __Start_YI
004171f6       __End_YI
Module: C:\Users\evgen\Documents\WATCOM/lib386/nt\clib3r.lib(chk8087.c)
00403a00*      _fpreset_
00403a40       __chk8087_
00403a50*      __init_8087_
Module: C:\Users\evgen\Documents\WATCOM/lib386/nt\flib7.lib(english.c)
00403aa0       __UseEnglishCharSet_
Module: C:\Users\evgen\Documents\WATCOM/lib386/nt\flib7.lib(errincl.c)
00403bb0       __InitError_
0041669c+      _PGroupTable
004166a0+      _PErrWord
Module: C:\Users\evgen\Documents\WATCOM/lib386/nt\clib3r.lib(mainwnt.c)
004166a4       ___TlsIndex
004166a8       ___FirstThreadData
004166ac       ___GetThreadPtr
004166b0       __AccessFileH
004166b4       __ReleaseFileH
004166b8       __AccessIOB
004166bc       __ReleaseIOB
004166c0       __AccessNHeap
004166c4       __AccessFHeap
004166c8       __ReleaseNHeap
00403be0*      __threadid_
00403c00+      __sig_null_rtn_
00403c10+      __NTInit_
00403df0+      __NTFini_
00403e50       __NTMainInit_
00403eb0       __exit_
004166cc       __ReleaseFHeap
004166d0       __AccessTDList
004166d4       __ReleaseTDList
004166d8       __AccessFList
004166dc       __ReleaseFList
004166e0       __ThreadExitRtn
004166e4       ___sig_init_rtn
004166e8       ___sig_fini_rtn
004166ec       ___process_fini
00418078       ___Is_DLL
Module: C:\Users\evgen\Documents\WATCOM/lib386/nt\flib7.lib(ioinit.c)
00403f10       IOSysInit_
Module: C:\Users\evgen\Documents\WATCOM/lib386/nt\flib7.lib(fdutil.c)
00403f40       LocFile_
00403f50       LocUnit_
00403f80       ExtractInfo_
Module: C:\Users\evgen\Documents\WATCOM/lib386/nt\flib7.lib(rstdio.c)
004040b0       _InitStandardInput_
004040e0       _InitStandardOutput_
Module: C:\Users\evgen\Documents\WATCOM/lib386/nt\flib7.lib(rmemmgr.c)
00404110       RMemAlloc_
00404120       RMemFree_
Module: C:\Users\evgen\Documents\WATCOM/lib386/nt\clib3r.lib(memset.c)
00404130       memset_
Module: C:\Users\evgen\Documents\WATCOM/lib386/nt\flib7.lib(deffname.c)
004166f4       _DefFName
Module: C:\Users\evgen\Documents\WATCOM/lib386/nt\flib7.lib(stracc.c)
00404150       TrimStr_
00404190       GetStr_
Module: C:\Users\evgen\Documents\WATCOM/lib386/nt\flib7.lib(spawn.c)
004041c0       Spawn_
00404220       Suicide_
Module: C:\Users\evgen\Documents\WATCOM/lib386/nt\clib3r.lib(memicmp.c)
00404260       memicmp_
Module: C:\Users\evgen\Documents\WATCOM/lib386/nt\flib7.lib(blderr.c)
00404320       Substitute_
004044e0       ErrCodOrg_
Module: C:\Users\evgen\Documents\WATCOM/lib386/nt\clib3r.lib(accsswnt.c)
004044f0       access_
Module: C:\Users\evgen\Documents\WATCOM/lib386/nt\clib3r.lib(fullpath.c)
00404530+      _sys_fullpath_
004045b0       _fullpath_
Module: C:\Users\evgen\Documents\WATCOM/lib386/nt\clib3r.lib(fstatwnt.c)
00404620       fstat_
Module: C:\Users\evgen\Documents\WATCOM/lib386/nt\flib7.lib(poserr.c)
00404980       Errorf_
004049a0*      EOFile_
004049c0       ErrorMsg_
00404a00       FSetTrunc_
00404a10       FSetSysErr_
00404a30       FSetErr_
00404a50       FSetEof_
00404a70       IOOk_
Module: C:\Users\evgen\Documents\WATCOM/lib386/nt\clib3r.lib(statwnt.c)
00404b95       stat_
Module: C:\Users\evgen\Documents\WATCOM/lib386/nt\flib7.lib(posopen.c)
00404dd0       InitStd_
00404e90       SetIOBufferSize_
00404eb0+      _AllocFile_
00404fa0       Openf_
00405090       Closef_
Module: C:\Users\evgen\Documents\WATCOM/lib386/nt\flib7.lib(posdat.c)
004168e4       _FStdIn
004168e8       _FStdOut
004168ec       _FStdErr
Module: C:\Users\evgen\Documents\WATCOM/lib386/nt\flib7.lib(posflush.c)
00405110       FlushBuffer_
Module: C:\Users\evgen\Documents\WATCOM/lib386/nt\flib7.lib(posdel.c)
004051c0       Scratchf_
Module: C:\Users\evgen\Documents\WATCOM/lib386/nt\clib3r.lib(nodefwin.c)
004168f0*      __WindowsIsWindowedHandle
004168f4*      __WindowsRemoveWindowedHandle
004168f8*      __WindowsNewWindow
004168fc*      __WindowsCloseWindow
00416900*      __WindowsSetAbout
00416904*      __WindowsSetAppTitle
00416908*      __WindowsSetConTitle
0041690c*      __WindowsDestroyOnClose
00416910*      __WindowsYieldControl
00416914*      __WindowsShutDown
00416918*      __WindowsStdin
0041691c       __WindowsStdout
00416920*      __WindowsKbhit
00416924*      __WindowsGetch
00416928*      __WindowsGetche
0041692c*      __WindowsPutch
004051e0*      _dwShutDown_
004051e0*      _dwYield_
004051e0*      _dwSetConTitle_
004051e0*      _dwSetAppTitle_
004051e0*      _dwSetAboutDlg_
004051e0       _dwDeleteOnClose_
00416930*      __WindowsExitRtn
00418694*      __init_default_win
Module: C:\Users\evgen\Documents\WATCOM/lib386/nt\flib7.lib(posput.c)
004051f0       FPutRec_
00405230       ChopFile_
00405280*      PutRec_
004053a0       writebytes_
00405420       SysWrite_
Module: C:\Users\evgen\Documents\WATCOM/lib386/nt\flib7.lib(posget.c)
00405560       readbytes_
00405630       SysRead_
00405aa0       FGetRec_
00405ad0*      GetRec_
00405af0       GetStdChar_
00405b40       FCheckLogical_
00405bc0       FSkipLogical_
00405c90*      FGetVarRecLen_
Module: C:\Users\evgen\Documents\WATCOM/lib386/nt\flib7.lib(posseek.c)
00405d80       FSeekRec_
00405dc0       CurrFileOffset_
00405dc0       FGetFilePos_
00405de0       SysSeek_
00405fd0*      FSeekAbs_
Module: C:\Users\evgen\Documents\WATCOM/lib386/nt\clib3r.lib(stricmp.c)
00405fe0       stricmp_
Module: C:\Users\evgen\Documents\WATCOM/lib386/nt\flib7.lib(posrew.c)
00406020       FRewind_
Module: C:\Users\evgen\Documents\WATCOM/lib386/nt\flib7.lib(posback.c)
00406090       FBackspace_
Module: C:\Users\evgen\Documents\WATCOM/lib386/nt\flib7.lib(postrunc.c)
00406170       FTruncate_
Module: C:\Users\evgen\Documents\WATCOM/lib386/nt\clib3r.lib(errno.c)
00406190       __get_errno_ptr_
004061a0*      __get_doserrno_ptr_
Module: C:\Users\evgen\Documents\WATCOM/lib386/nt\flib7.lib(sdfile.c)
00416934*      _FFCtrlSeq
00416936*      _SkipCtrlSeq
00416938       _NormalCtrlSeq
0041693a       _SDTermIn
0041693e       _SDTermOut
00416942*      _SDPrtName
Module: C:\Users\evgen\Documents\WATCOM/lib386/nt\flib7.lib(unfmtin.c)
004061b0       UnFmtIn_
00406250+      NextUnFmtRec_
Module: C:\Users\evgen\Documents\WATCOM/lib386/nt\flib7.lib(freein.c)
00406630+      GetNum_
00406830       FreeIn_
00406840*      DoFreeIn_
00406870+      BumpComma_
004068a0+      Blanks_
004068c0+      CheckEor_
Module: C:\Users\evgen\Documents\WATCOM/lib386/nt\flib7.lib(unfmtout.c)
00406fb0       UnFmtOut_
Module: C:\Users\evgen\Documents\WATCOM/lib386/nt\flib7.lib(freeout.c)
00407400       FreeOut_
00416948+      _OutRtn
Module: C:\Users\evgen\Documents\WATCOM/lib386/nt\flib7.lib(rttraps.c)
004075d0       __EnableF77RTExceptionHandling_
004075e0       R_TrapInit_
00407670       R_TrapFini_
00407680*      __InitExceptionVectors_
Module: C:\Users\evgen\Documents\WATCOM/lib386/nt\flib7.lib(errrtns.c)
00418698       ___ErrorFini
0041869c       ___ErrorInit
004186a0       ___BldErrMsg
Module: C:\Users\evgen\Documents\WATCOM/lib386/nt\clib3r.lib(atexit.c)
004076a0       atexit_
Module: C:\Users\evgen\Documents\WATCOM/lib386/nt\clib3r.lib(regdata.c)
00407700       __RegisterThreadDataSize_
Module: C:\Users\evgen\Documents\WATCOM/lib386/nt\flib7.lib(errutil.c)
00407730       BldErrCode_
00407790*      MsgFormat_
004077c0*      MsgBuffer_
0041697c+      _PGrpCodes
Module: C:\Users\evgen\Documents\WATCOM/lib386/nt\clib3r.lib(enterdb.c)
004077f0       __EnterWVIDEO_
00416980       ___WD_Present
Module: C:\Users\evgen\Documents\WATCOM/lib386/nt\clib3r.lib(iob.c)
00416984       ___iob
00416b8c       __fmode
00418728       ___OpenStreams
0041872c       ___ClosedStreams
Module: C:\Users\evgen\Documents\WATCOM/lib386/nt\clib3r.lib(setmd.c)
00407820       setmode_
Module: C:\Users\evgen\Documents\WATCOM/lib386/nt\clib3r.lib(write.c)
00407b60       write_
Module: C:\Users\evgen\Documents\WATCOM/lib386/nt\clib3r.lib(initrtns.c)
00407dd0       __InitRtns
00407e20       __FiniRtns
Module: C:\Users\evgen\Documents\WATCOM/lib386/nt\clib3r.lib(mthrdini.c)
00407e80       __InitThreadData_
00416b90       ___ThreadDataSize
Module: C:\Users\evgen\Documents\WATCOM/lib386/nt\clib3r.lib(cmain386.c)
00407eb0       __CMain
Module: C:\Users\evgen\Documents\WATCOM/lib386/nt\clib3r.lib(dosseg)
00001234       __DOSseg__
Module: C:\Users\evgen\Documents\WATCOM/lib386/nt\clib3r.lib(8087cw.c)
00416b94       __8087cw
Module: C:\Users\evgen\Documents\WATCOM/lib386/nt\clib3r.lib(save8087.c)
00416b98       ___Save8087
00416b9c       ___Rest8087
Module: C:\Users\evgen\Documents\WATCOM/lib386/nt\clib3r.lib(init8087)
00407ef4       __x87id
Module: C:\Users\evgen\Documents\WATCOM/lib386/nt\flib7.lib(csetinfo.c)
00418730       _CharSetInfo
Module: C:\Users\evgen\Documents\WATCOM/lib386/nt\flib7.lib(errmsg.c)
00408260       _GroupTable
00408310       _ErrWord
Module: C:\Users\evgen\Documents\WATCOM/lib386/nt\clib3r.lib(hdlman.c)
00416ba0+      ___NHandles
00416ba4+      ___OSHandles
00416ba8+      ___FakeHandles
00408940+      __growPOSIXHandles_
004089e0       __allocPOSIXHandle_
00408aa0       __freePOSIXHandle_
00408ac0       __getOSHandle_
00408ad0       __setOSHandle_
00408b20+      __NTGetFakeHandle_
00408b90       __initPOSIXHandles_
00408c70*      __set_handles_
00408c80*      _grow_handles_
Module: C:\Users\evgen\Documents\WATCOM/lib386/nt\clib3r.lib(environ.c)
00418744       ___env_mask
00418748       _environ
0041874c       __wenviron
Module: C:\Users\evgen\Documents\WATCOM/lib386/nt\clib3r.lib(getmodfn.c)
00408cc0       __lib_GetModuleFileNameW_
Module: C:\Users\evgen\Documents\WATCOM/lib386/nt\clib3r.lib(strdup.c)
00408d60       __clib_strdup_
Module: C:\Users\evgen\Documents\WATCOM/lib386/nt\clib3r.lib(istable.c)
00408da0       __IsTable
Module: C:\Users\evgen\Documents\WATCOM/lib386/nt\clib3r.lib(ustrdup.c)
00408ea1       __clib_wcsdup_
Module: C:\Users\evgen\Documents\WATCOM/lib386/nt\clib3r.lib(nfree.c)
00408ed0       _nfree_
00408ed0       free_
00418750       ___MiniHeapFreeRover
Module: C:\Users\evgen\Documents\WATCOM/lib386/nt\clib3r.lib(excptwnt.c)
00409640+      ___ReportException@4
00409a90       __DefaultExceptionHandler_
00409ad0+      ___ExceptionFilter
00409ce0       __NewExceptionFilter_
00409d10       __DoneExceptionFilter_
00416bb4       ___oscode_check_func
00416bb8       ___raise_func
00418754*      _sw
00418758       ___ExceptionHandled
00418759+      ___ReportInvoked
Module: C:\Users\evgen\Documents\WATCOM/lib386/nt\clib3r.lib(stklmwnt.c)
00409d50       __init_stack_limits_
Module: C:\Users\evgen\Documents\WATCOM/lib386/nt\clib3r.lib(getenv.c)
00409dc0       getenv_
Module: C:\Users\evgen\Documents\WATCOM/lib386/nt\clib3r.lib(ltoa.c)
00409e50       ultoa_
00409ea0       ltoa_
Module: C:\Users\evgen\Documents\WATCOM/lib386/nt\clib3r.lib(nmalloc.c)
00409ed0       _nmalloc_
00409ed0       malloc_
00416bd0       ___nheapbeg
00416bd4       ___MiniHeapRover
00416bd8       ___LargestSizeB4MiniHeapRover
Module: C:\Users\evgen\Documents\WATCOM/lib386/nt\clib3r.lib(__stos)
00409fd0       __STOSB
0040a007*      __STOSD
Module: C:\Users\evgen\Documents\WATCOM/lib386/nt\clib3r.lib(setjmp)
0040a074       _setjmp_
0040a0ad       longjmp_
Module: C:\Users\evgen\Documents\WATCOM/lib386/nt\clib3r.lib(exit.c)
0040a135+      __null_int23_exit_
0040a136       exit_
0040a186*      _exit_
00416bdc+      ___int23_exit
00416be0+      ___FPE_handler_exit
Module: C:\Users\evgen\Documents\WATCOM/lib386/nt\clib3r.lib(memmove.c)
0040a1a0       memmove_
Module: C:\Users\evgen\Documents\WATCOM/lib386/nt\clib3r.lib(itoa.c)
0040a200       utoa_
0040a250       itoa_
Module: C:\Users\evgen\Documents\WATCOM/lib386/nt\clib3r.lib(fgtattr.c)
0040a280       __fixed_GetFileAttributesA_
Module: C:\Users\evgen\Documents\WATCOM/lib386/nt\clib3r.lib(dosret.c)
0040a320*      _dosretax_
0040a330*      _dosret0_
0040a340       __set_errno_dos_
0040a370*      __set_errno_dos_reterr_
0040a380       __set_errno_nt_
0040a390*      __set_errno_nt_reterr_
Module: C:\Users\evgen\Documents\WATCOM/lib386/nt\clib3r.lib(seterrno.c)
0040a3a4       __set_errno_
0040a3b2*      __set_EDOM_
0040a3c0       __set_ERANGE_
0040a3ce*      __set_EINVAL_
0040a3e1       __set_doserrno_
Module: C:\Users\evgen\Documents\WATCOM/lib386/nt\clib3r.lib(gtcwdwnt.c)
0040a3f0       getcwd_
Module: C:\Users\evgen\Documents\WATCOM/lib386/nt\clib3r.lib(iomode.c)
0040a480       __GetIOMode_
0040a4a0       __SetIOMode_nogrow_
00416ce8       ___NFiles
00416cec       ___init_mode
00416d3c       ___io_mode
Module: C:\Users\evgen\Documents\WATCOM/lib386/nt\clib3r.lib(iomodtty.c)
0040a4c0       __ChkTTYIOMode_
0040a500       __IOMode_
Module: C:\Users\evgen\Documents\WATCOM/lib386/nt\clib3r.lib(ntdirinf.c)
0040a520       __MakeDOSDT_
0040a550*      __FromDOSDT_
0040a580*      __GetNTDirInfo_
0040a5c0*      __NTFindNextFileWithAttr_
Module: C:\Users\evgen\Documents\WATCOM/lib386/nt\clib3r.lib(d2ttime.c)
0040a620       _d2ttime_
Module: C:\Users\evgen\Documents\WATCOM/lib386/nt\clib3r.lib(strerror.c)
0040a9c0       strerror_
0040a9e0*      _strerror_
0040aab0*      _doserror_
00416d40+      __sys_errlist
00416de4+      __sys_nerr
Module: C:\Users\evgen\Documents\WATCOM/lib386/nt\clib3r.lib(_strcmp)
0040aae0       strcmp_
Module: C:\Users\evgen\Documents\WATCOM/lib386/nt\clib3r.lib(mbspbrk.c)
0040ac20       _mbspbrk_
Module: C:\Users\evgen\Documents\WATCOM/lib386/nt\clib3r.lib(mbsinc.c)
0040ac70       _mbsinc_
Module: C:\Users\evgen\Documents\WATCOM/lib386/nt\clib3r.lib(tolower.c)
0040aca0       tolower_
Module: C:\Users\evgen\Documents\WATCOM/lib386/nt\clib3r.lib(stiomode.c)
0040acb0       __grow_iomode_
0040ad80+      __shrink_iomode_
0040adc0       __SetIOMode_
Module: C:\Users\evgen\Documents\WATCOM/lib386/nt\clib3r.lib(close.c)
0040ae30       close_
Module: C:\Users\evgen\Documents\WATCOM/lib386/nt\clib3r.lib(openwnt.c)
0040b050*      open_
0040b070       sopen_
Module: C:\Users\evgen\Documents\WATCOM/lib386/nt\clib3r.lib(lseek.c)
0040b0a0       lseek_
Module: C:\Users\evgen\Documents\WATCOM/lib386/nt\flib7.lib(poscc.c)
0040b0f0*      __LineFeedWithFormFeed_
0040b100       FSetCC_
Module: C:\Users\evgen\Documents\WATCOM/lib386/nt\clib3r.lib(unlnkwnt.c)
0040b160       unlink_
Module: C:\Users\evgen\Documents\WATCOM/lib386/nt\clib3r.lib(chsizwnt.c)
0040b1e0       chsize_
Module: C:\Users\evgen\Documents\WATCOM/lib386/nt\clib3r.lib(read.c)
0040b2d0       read_
Module: C:\Users\evgen\Documents\WATCOM/lib386/nt\flib7.lib(rdutils.c)
0040b460       NextRec_
Module: C:\Users\evgen\Documents\WATCOM/lib386/nt\flib7.lib(unfmtutl.c)
0040b570       _SizeVars
Module: C:\Users\evgen\Documents\WATCOM/lib386/nt\flib7.lib(arrayio.c)
0040b610       ArrayIOType_
Module: C:\Users\evgen\Documents\WATCOM/lib386/nt\clib3r.lib(toupper.c)
0040b690       toupper_
Module: C:\Users\evgen\Documents\WATCOM/lib386/nt\flib7.lib(chrutils.c)
0040b6a0       JmpBlanks_
Module: C:\Users\evgen\Documents\WATCOM/lib386/nt\flib7.lib(fmtcnvt.c)
0040b6c0       FmtS2I_
0040b7f0       FmtS2F_
Module: C:\Users\evgen\Documents\WATCOM/lib386/nt\flib7.lib(wrutils.c)
0040bbc0       F_SendData_
0040bc20*      SendLine_
0040bc30       SendEOR_
0040bcc0*      SendInt_
0040bcf0       SendStr_
0040bd10+      SendWSLStr_
0040bd30       SendChar_
0040bd50       Drop_
0040bf10       IOItemResult_
Module: C:\Users\evgen\Documents\WATCOM/lib386/nt\flib7.lib(undefcg.c)
0040c020       OutLogCG_
0040c030       OutIntCG_
0040c070+      FmtRealCG_
0040c0a0+      FmtDoubleCG_
0040c0d0+      FmtExtendedCG_
0040c100+      UndefIntCG_
0040c100+      UndefLogCG_
0040c100+      UndefExtendedCG_
0040c100+      UndefDoubleCG_
0040c100+      UndefRealCG_
0040c110+      GetRealCG_
00416df0       _FmtRealRtn
00416df4       _FmtDoubleRtn
00416df8       _FmtExtendedRtn
00416dfc       _SendStrRtn
00416e00       _UndefRealRtn
00416e04       _UndefDoubleRtn
00416e08       _UndefExtendedRtn
00416e0c       _UndefLogRtn
00416e10       _UndefIntRtn
00416e14       _GetRealRtn
Module: C:\Users\evgen\Documents\WATCOM/lib386/nt\flib7.lib(cctrl.c)
0040c120       CheckCCtrl_
Module: C:\Users\evgen\Documents\WATCOM/lib386/nt\clib3r.lib(signlwnt.c)
00416e18+      __SignalTable
0040c190+      __SetSignalFunc_
0040c1e0+      __GetSignalFunc_
0040c210+      __GetSignalOSCode_
0040c240+      __CheckSignalExCode_
0040c380+      __sigabort_
0040c390       __sigfpe_handler_
0040c3e0       signal_
0040c470+      raise_
0040c4e0+      __SigInit_
0040c530+      __SigFini_
0040c570+      __sig_init_
Module: C:\Users\evgen\Documents\WATCOM/lib386/nt\flib7.lib(fptraps.c)
0040c650*      __MaskDefaultFPE_
0040c670       FPTrapInit_
0040c6a0       FPTrapFini_
Module: C:\Users\evgen\Documents\WATCOM/lib386/nt\clib3r.lib(trdlist.c)
0040c710       __GetThreadData_
0040c760       __ReallocThreadData_
0040c850       __AddThreadData_
0040c8d0       __RemoveThreadData_
0040c930       __ResizeThreadDataList_
0040c960       __FreeThreadDataList_
0040c990*      __ActiveThreads_
Module: C:\Users\evgen\Documents\WATCOM/lib386/nt\flib7.lib(errgrp.c)
0040c9b0       _GrpCodes
Module: C:\Users\evgen\Documents\WATCOM/lib386/nt\clib3r.lib(initfile.c)
0040ca70       __InitFiles_
Module: C:\Users\evgen\Documents\WATCOM/lib386/nt\clib3r.lib(ioexit.c)
0040cb70*      fcloseall_
0040cb80       __full_io_exit_
Module: C:\Users\evgen\Documents\WATCOM/lib386/nt\clib3r.lib(stackwnt.c)
0040cb90       stackavail_
Module: C:\Users\evgen\Documents\WATCOM/lib386/nt\clib3r.lib(stk)
0040cba1*      __CHK
0040cbb1*      __STK
0040cbd0       __STKOVERFLOW_
0040cbe0*      __GRO
0040cc00*      __alloca_probe
Module: C:\Users\evgen\Documents\WATCOM/lib386/nt\clib3r.lib(cinit.c)
0040cc20       __CommonInit_
Module: C:\Users\evgen\Documents\WATCOM/lib386/nt\clib3r.lib(___argc.c)
00418864       ____Argc
00418868       ____Argv
Module: C:\Users\evgen\Documents\WATCOM/lib386/nt\flib7.lib(rtmain.c)
0040cc30       main_
Module: C:\Users\evgen\Documents\WATCOM/lib386/nt\clib3r.lib(nrealloc.c)
0040cc50*      _nrealloc_
0040cc50       realloc_
Module: C:\Users\evgen\Documents\WATCOM/lib386/nt\clib3r.lib(setenvp.c)
0040ccd0       __setenvp_
0040cd90       __freeenvp_
Module: C:\Users\evgen\Documents\WATCOM/lib386/nt\clib3r.lib(ustrlen.c)
0040cddd       wcslen_
Module: C:\Users\evgen\Documents\WATCOM/lib386/nt\clib3r.lib(memcpy.c)
0040cdf0       memcpy_
Module: C:\Users\evgen\Documents\WATCOM/lib386/nt\clib3r.lib(mem.c)
0040ce10       __MemAllocator
0040cec0       __MemFree
Module: C:\Users\evgen\Documents\WATCOM/lib386/nt\clib3r.lib(conutwnt.c)
0040d010*      __NTRealKey_
0040d0c0*      __NTConsoleInput_
0040d0d0       __NTConsoleOutput_
Module: C:\Users\evgen\Documents\WATCOM/lib386/nt\clib3r.lib(fclex387.c)
0040d0e0       _ClearFPE_
Module: C:\Users\evgen\Documents\WATCOM/lib386/nt\clib3r.lib(mbterm.c)
0040d0f0       _mbterm_
Module: C:\Users\evgen\Documents\WATCOM/lib386/nt\clib3r.lib(mbsnextc.c)
0040d130       _mbsnextc_
Module: C:\Users\evgen\Documents\WATCOM/lib386/nt\clib3r.lib(mbcupper.c)
0040d170       _mbctoupper_
Module: C:\Users\evgen\Documents\WATCOM/lib386/nt\clib3r.lib(alphabet.c)
0041605c       ___Alphabet
Module: C:\Users\evgen\Documents\WATCOM/lib386/nt\clib3r.lib(nmemneed.c)
0040d1a0       __nmemneed_
Module: C:\Users\evgen\Documents\WATCOM/lib386/nt\clib3r.lib(grownear.c)
0040d310       __ExpandDGROUP_
Module: C:\Users\evgen\Documents\WATCOM/lib386/nt\clib3r.lib(ljmphdl.c)
00416e9c       ___longjmp_handler
Module: C:\Users\evgen\Documents\WATCOM/lib386/nt\clib3r.lib(isattwnt.c)
0040d340       isatty_
Module: C:\Users\evgen\Documents\WATCOM/lib386/nt\clib3r.lib(strncpy.c)
0040d360       strncpy_
Module: C:\Users\evgen\Documents\WATCOM/lib386/nt\clib3r.lib(mktime.c)
0040d3a0       mktime_
Module: C:\Users\evgen\Documents\WATCOM/lib386/nt\clib3r.lib(mbschr.c)
0040d430       _mbschr_
Module: C:\Users\evgen\Documents\WATCOM/lib386/nt\clib3r.lib(mbisdbcs.c)
00418870       ___IsDBCS
Module: C:\Users\evgen\Documents\WATCOM/lib386/nt\clib3r.lib(mbislead.c)
0040d490*      _ismbblead_
00418874       ___MBCSIsTable
Module: C:\Users\evgen\Documents\WATCOM/lib386/nt\clib3r.lib(_clsewnt.c)
0040d4b0       __close_
Module: C:\Users\evgen\Documents\WATCOM/lib386/nt\clib3r.lib(ntfio.c)
0040d510*      __GetNTCreateAttr_
0040d550       __GetNTAccessAttr_
0040d580       __GetNTShareAttr_
Module: C:\Users\evgen\Documents\WATCOM/lib386/nt\clib3r.lib(umaskval.c)
00416ea0       ___umaskval
Module: C:\Users\evgen\Documents\WATCOM/lib386/nt\clib3r.lib(__lseek.c)
0040d5e0       __lseek_
Module: C:\Users\evgen\Documents\WATCOM/lib386/nt\flib7.lib(ifile.c)
0040d620       SendIFBuff_
0040d650       NextIFBuff_
Module: C:\Users\evgen\Documents\WATCOM/lib386/nt\flib7.lib(intarith.c)
0040d680       AddIOFlo_
0040d690*      SubIOFlo_
0040d6a0       MulIOFlo_
Module: C:\Users\evgen\Documents\WATCOM/lib386\math387r.lib(strtod.c)
0040dbc3+      __Strtold_
0040dd2a       strtod_
Module: C:\Users\evgen\Documents\WATCOM/lib386/nt\flib7.lib(expchk.c)
0040de70       ToFFormat_
Module: C:\Users\evgen\Documents\WATCOM/lib386/nt\flib7.lib(fmtrtns.c)
0040dec0       R_F2E_
0040e030       R_F2F_
0040e1c0       SetMaxPrec_
Module: C:\Users\evgen\Documents\WATCOM/lib386/nt\flib7.lib(rfmtlog.c)
0040e1e0       R_FmtLog_
Module: C:\Users\evgen\Documents\WATCOM/lib386/nt\flib7.lib(rfmtutil.c)
0040e240+      R_ChkType_
0040e270*      R_NewRec_
0040e2b0*      R_ChkIType_
0040e2e0*      R_ChkFType_
0040e310*      R_ChkRecLen_
0040e330+      GetLen_
0040e370*      R_FOStr_
0040e380*      FOString_
0040e3f0*      R_FIStr_
0040e4b0+      R_FOLog_
0040e500*      R_FILog_
0040e5e0*      R_FIFloat_
0040e7d0       GetReal_
0040e8e0*      R_FOF_
0040e960*      R_FOE_
0040eaa0+      FmtH2B_
0040eb90*      R_FIHex_
0040ed10*      R_FOHex_
0040ed20*      FOHex_
0040ee20*      R_FIInt_
0040ef30*      R_FOInt_
0040f190*      R_FOG_
0040f410+      ChkBuffLen_
Module: C:\Users\evgen\Documents\WATCOM/lib386/nt\clib3r.lib(abort.c)
0040f447*      abort_
0040f459       __terminate_
00416ea4       ___abort
Module: C:\Users\evgen\Documents\WATCOM/lib386/nt\clib3r.lib(cntrl87.c)
0040f470       _control87_
Module: C:\Users\evgen\Documents\WATCOM/lib386/nt\clib3r.lib(mthread.c)
0040f650+      __CloseSemaphore_
0040f690+      __AccessIOB_
0040f6a0+      __ReleaseIOB_
0040f6b0+      __AccessFileH_
0040f6c0+      __ReleaseFileH_
0040f6d0+      __AccessNHeap_
0040f6e0+      __ReleaseNHeap_
0040f6f0+      __AccessFHeap_
0040f700+      __ReleaseFHeap_
0040f710+      __AccessTDList_
0040f720+      __ReleaseTDList_
0040f730+      __AccessFList_
0040f740+      __AccessSemaphore_
0040f7a0+      __ReleaseFList_
0040f7b0+      __ReleaseSemaphore_
0040f7e0+      __MultipleThread_
0040f830+      __AllocInitThreadData_
0040f880*      __FreeInitThreadData_
0040f890       __NTThreadInit_
0040f900       __NTAddThread_
0040f950       __NTRemoveThread_
0040f9e0       __InitMultipleThread_
00416ea8+      ___AccessSema4
00416eac+      ___ReleaseSema4
00416eb0+      ___CloseSema4
Module: C:\Users\evgen\Documents\WATCOM/lib386/nt\clib3r.lib(xmsgwnt.c)
0040fba0+      __exit_with_msg_
0040fc00       __fatal_runtime_error_
Module: C:\Users\evgen\Documents\WATCOM/lib386/nt\clib3r.lib(calloc.c)
0040fc20       calloc_
Module: C:\Users\evgen\Documents\WATCOM/lib386/nt\clib3r.lib(register.c)
0040fc50       __initthread_
0040fc60*      _beginthread_
0040fc70       _endthread_
0040fc80*      __RegisterThreadData_
Module: C:\Users\evgen\Documents\WATCOM/lib386/nt\clib3r.lib(fclose.c)
0040fcd0+      __doclose_
0040fd70       __shutdown_stream_
0040fd90*      fclose_
004190e4+      ___RmTmpFileFn
Module: C:\Users\evgen\Documents\WATCOM/lib386/nt\clib3r.lib(freefp.c)
0040fde0       __freefp_
0040fe30       __purgefp_
Module: C:\Users\evgen\Documents\WATCOM/lib386/nt\clib3r.lib(argcv.c)
004190e8       __argc
004190ec       __argv
004190f0       ___argv
004190f4       ___argc
Module: C:\Users\evgen\Documents\WATCOM/lib386/nt\clib3r.lib(nmsize.c)
0040fe60       _nmsize_
0040fe60*      _msize_
Module: C:\Users\evgen\Documents\WATCOM/lib386/nt\clib3r.lib(nexpand.c)
0040fe70       _nexpand_
0040fe70*      _expand_
0040feb0+      __HeapManager_expand_
Module: C:\Users\evgen\Documents\WATCOM/lib386/nt\clib3r.lib(dofilstr.c)
00410090       __ParsePosixHandleStr_
Module: C:\Users\evgen\Documents\WATCOM/lib386/nt\clib3r.lib(clearenv.c)
004101b0       clearenv_
Module: C:\Users\evgen\Documents\WATCOM/lib386/nt\clib3r.lib(mbconv.c)
00410240       _mbvtop_
Module: C:\Users\evgen\Documents\WATCOM/lib386/nt\clib3r.lib(amblksiz.c)
00416ec0       __amblksiz
Module: C:\Users\evgen\Documents\WATCOM/lib386/nt\clib3r.lib(heapen.c)
00410260*      _heapenable_
00416ec4       ___heap_enabled
Module: C:\Users\evgen\Documents\WATCOM/lib386/nt\clib3r.lib(nheapmin.c)
00410290       _nheapshrink_
00410290*      _nheapmin_
00410290*      _heapmin_
00410290       _heapshrink_
Module: C:\Users\evgen\Documents\WATCOM/lib386/nt\clib3r.lib(locmktim.c)
00410380       __local_mktime_
Module: C:\Users\evgen\Documents\WATCOM/lib386/nt\clib3r.lib(gmtime.c)
00410500       __brktime_
00410600+      _gmtime_
00410620*      gmtime_
Module: C:\Users\evgen\Documents\WATCOM/lib386/nt\clib3r.lib(tzset.c)
00416ec8       ___start_dst
00416eec       ___end_dst
00417014*      _tzname
0041701c       _timezone
00417020       _daylight
00417024       ___dst_adjust
00410690*      __DontCacheOSTZ_
004106a0*      __CacheOSTZ_
00410b80+      __parse_tz_
00410f70       tzset_
Module: C:\Users\evgen\Documents\WATCOM/lib386/nt\clib3r.lib(timeutil.c)
004110e0       __isindst_
Module: C:\Users\evgen\Documents\WATCOM/lib386/nt\clib3r.lib(mbclen.c)
00411410       _mbclen_
Module: C:\Users\evgen\Documents\WATCOM/lib386/nt\clib3r.lib(mbccmp.c)
00411440       _mbccmp_
Module: C:\Users\evgen\Documents\WATCOM/lib386/nt\clib3r.lib(mbinit.c)
004114b5       __mbinit_
0041702c       ___MBCodePage
Module: C:\Users\evgen\Documents\WATCOM/lib386\math387r.lib(bufld386)
004115a4       __ZBuf2LD
Module: C:\Users\evgen\Documents\WATCOM/lib386\math387r.lib(ldcvt.c)
00411726       _LDScale10x_
00411ccd       __LDcvt_
Module: C:\Users\evgen\Documents\WATCOM/lib386\math387r.lib(inf_nan.c)
0041211a*      ___f_infinity
0041211e*      ___f_posqnan
00412122       ___d_infinity
0041212a       ___d_posqnan
00412132*      ___ld_infinity
0041213a*      ___ld_posqnan
Module: C:\Users\evgen\Documents\WATCOM/lib386/nt\clib3r.lib(hugeval.c)
00412150       __HugeValue
Module: C:\Users\evgen\Documents\WATCOM/lib386/nt\flib7.lib(flt86.c)
00412160       _P1d100
00412168       _P1d_99
Module: C:\Users\evgen\Documents\WATCOM/lib386\math387r.lib(pow87)
004122c9*      pow_
00412170       IF@DPOW
00412170*      IF@POW
Module: C:\Users\evgen\Documents\WATCOM/lib386/nt\flib7.lib(hexcnv.c)
004122f0       Hex_
00412310*      HSToB_
00412380       BToHS_
Module: C:\Users\evgen\Documents\WATCOM/lib386/nt\clib3r.lib(strupr.c)
004123d0       strupr_
Module: C:\Users\evgen\Documents\WATCOM/lib386/nt\clib3r.lib(trdalloc.c)
004123f0       __FiniThreadProcessing_
Module: C:\Users\evgen\Documents\WATCOM/lib386/nt\clib3r.lib(thredwnt.c)
004124b0       __CBeginThread_
00412550       __CEndThread_
Module: C:\Users\evgen\Documents\WATCOM/lib386/nt\clib3r.lib(flush.c)
00412590       __flush_
Module: C:\Users\evgen\Documents\WATCOM/lib386/nt\clib3r.lib(initargv.c)
00412690       __Init_Argv_
004126e0+      _getargv_
00412880       __Fini_Argv_
Module: C:\Users\evgen\Documents\WATCOM/lib386/nt\clib3r.lib(strtol.c)
00412ab0*      strtoul_
00412ac0       strtol_
Module: C:\Users\evgen\Documents\WATCOM/lib386/nt\clib3r.lib(putenv.c)
00412ad0       putenv_
00412d60       __putenv_
Module: C:\Users\evgen\Documents\WATCOM/lib386/nt\clib3r.lib(leapyear.c)
00412ed0       __leapyear_
004160bc       ___diyr
004160d6       ___dilyr
Module: C:\Users\evgen\Documents\WATCOM/lib386/nt\clib3r.lib(wcstombs.c)
00412f10       wcstombs_
Module: C:\Users\evgen\Documents\WATCOM/lib386\math387r.lib(ldclass.c)
00412faf       __LDClass_
00412fff*      _FLClass_
Module: C:\Users\evgen\Documents\WATCOM/lib386/nt\clib3r.lib(chipvar)
00417164       ___chipbug
00417164       __chipbug
Module: C:\Users\evgen\Documents\WATCOM/lib386\math387r.lib(pow87e.c)
00413010       __pow87_err_
Module: C:\Users\evgen\Documents\WATCOM/lib386\math387r.lib(exp87)
004130ff*      exp_
00413098*      __@DEXP1
004130a0*      IF@EXP
004130a0*      IF@DEXP
004130a2       __@DEXP
Module: C:\Users\evgen\Documents\WATCOM/lib386/nt\clib3r.lib(chipd32.asm)
00413223       __fdiv_fpr
004136e5*      __fdiv_chk
004136f8*      __fdiv_m32
00413745*      __fdiv_m64
00413792*      __fdiv_m32r
004137df*      __fdiv_m64r
Module: C:\Users\evgen\Documents\WATCOM/lib386/nt\clib3r.lib(fsync.c)
00413830       fsync_
Module: C:\Users\evgen\Documents\WATCOM/lib386/nt\clib3r.lib(qwrit.c)
00413880       __qwrite_
Module: C:\Users\evgen\Documents\WATCOM/lib386/nt\clib3r.lib(histsplt.c)
004190fc       ___historical_splitparms
Module: C:\Users\evgen\Documents\WATCOM/lib386/nt\clib3r.lib(mbslen.c)
00413960       _mbslen_
Module: C:\Users\evgen\Documents\WATCOM/lib386/nt\clib3r.lib(mbstowcs.c)
00413990       mbstowcs_
Module: C:\Users\evgen\Documents\WATCOM/lib386/nt\clib3r.lib(uputenv.c)
00413a10*      _wputenv_
00413c30       __wputenv_
Module: C:\Users\evgen\Documents\WATCOM/lib386/nt\clib3r.lib(wctomb.c)
00413d30       wctomb_
Module: C:\Users\evgen\Documents\WATCOM/lib386/nt\clib3r.lib(chipbug.c)
00413d70       __verify_pentium_fdiv_bug_
Module: C:\Users\evgen\Documents\WATCOM/lib386/nt\flib7.lib(_matherr.c)
00413dd0*      __imath2err_
00413e10*      __amath1err_
00413e40*      __amath2err_
00413e70       __math2err_
00413f80       __math1err_
00413f90*      __zmath2err_
00413ff0*      __qmath2err_
Module: C:\Users\evgen\Documents\WATCOM/lib386\math387r.lib(math87e.c)
00414056       __math87_err_
Module: C:\Users\evgen\Documents\WATCOM/lib386/nt\clib3r.lib(mbtowc.c)
004140d0       mbtowc_
Module: C:\Users\evgen\Documents\WATCOM/lib386/nt\clib3r.lib(ustrchr.c)
00414160       wcschr_
Module: C:\Users\evgen\Documents\WATCOM/lib386/nt\clib3r.lib(setenvar.c)
00414180       __lib_SetEnvironmentVariableW_
Module: C:\Users\evgen\Documents\WATCOM/lib386/nt\clib3r.lib(crtwenv.c)
00414270       __create_wide_environment_
Module: C:\Users\evgen\Documents\WATCOM/lib386/nt\clib3r.lib(utoupper.c)
004142d8       towupper_


                        +----------------------+
                        |   Imported Symbols   |
                        +----------------------+

Symbol                              Module
======                              ======

_MessageBoxA@16                     USER32.DLL
_GetEnvironmentStringsA@0           KERNEL32.DLL
_GetVersion@0                       KERNEL32.DLL
_GetModuleFileNameA@12              KERNEL32.DLL
_GetCommandLineA@0                  KERNEL32.DLL
_GetCommandLineW@0                  KERNEL32.DLL
_FreeEnvironmentStringsA@4          KERNEL32.DLL
_GetModuleHandleA@4                 KERNEL32.DLL
_ExitProcess@4                      KERNEL32.DLL
_RtlUnwind@16                       KERNEL32.DLL
_GetFullPathNameA@16                KERNEL32.DLL
_GetFileType@4                      KERNEL32.DLL
_GetFileInformationByHandle@8       KERNEL32.DLL
_GetFileTime@16                     KERNEL32.DLL
_GetFileSize@8                      KERNEL32.DLL
_CreateFileA@28                     KERNEL32.DLL
_CloseHandle@4                      KERNEL32.DLL
_GetLastError@0                     KERNEL32.DLL
_GetDriveTypeA@4                    KERNEL32.DLL
_FindFirstFileA@8                   KERNEL32.DLL
_FindClose@4                        KERNEL32.DLL
_SetFilePointer@16                  KERNEL32.DLL
_WriteFile@20                       KERNEL32.DLL
_GetCurrentThreadId@0               KERNEL32.DLL
_SetStdHandle@8                     KERNEL32.DLL
_CreateEventA@16                    KERNEL32.DLL
_GetStdHandle@4                     KERNEL32.DLL
_GetModuleFileNameW@12              KERNEL32.DLL
_MultiByteToWideChar@24             KERNEL32.DLL
_LoadLibraryA@4                     KERNEL32.DLL
_GetProcAddress@8                   KERNEL32.DLL
_SetUnhandledExceptionFilter@4      KERNEL32.DLL
_UnhandledExceptionFilter@4         KERNEL32.DLL
_VirtualQuery@12                    KERNEL32.DLL
_GetFileAttributesA@4               KERNEL32.DLL
_GetCurrentDirectoryA@8             KERNEL32.DLL
_FileTimeToLocalFileTime@8          KERNEL32.DLL
_FileTimeToDosDateTime@12           KERNEL32.DLL
_DosDateTimeToFileTime@12           KERNEL32.DLL
_LocalFileTimeToFileTime@8          KERNEL32.DLL
_FindNextFileA@8                    KERNEL32.DLL
_FormatMessageA@28                  KERNEL32.DLL
_DeleteFileA@4                      KERNEL32.DLL
_SetEndOfFile@4                     KERNEL32.DLL
_ReadFile@20                        KERNEL32.DLL
_SetConsoleCtrlHandler@8            KERNEL32.DLL
_TlsGetValue@4                      KERNEL32.DLL
_TlsSetValue@8                      KERNEL32.DLL
_CharUpperA@4                       USER32.DLL
_VirtualAlloc@16                    KERNEL32.DLL
_InitializeCriticalSection@4        KERNEL32.DLL
_DeleteCriticalSection@4            KERNEL32.DLL
_LeaveCriticalSection@4             KERNEL32.DLL
_EnterCriticalSection@4             KERNEL32.DLL
_SetLastError@4                     KERNEL32.DLL
_TlsAlloc@0                         KERNEL32.DLL
_TlsFree@4                          KERNEL32.DLL
_VirtualFree@12                     KERNEL32.DLL
_GetTimeZoneInformation@4           KERNEL32.DLL
_GetACP@0                           KERNEL32.DLL
_GetOEMCP@0                         KERNEL32.DLL
_GetCPInfo@8                        KERNEL32.DLL
_CreateThread@24                    KERNEL32.DLL
_ResumeThread@4                     KERNEL32.DLL
_ExitThread@4                       KERNEL32.DLL
_SetEnvironmentVariableA@8          KERNEL32.DLL
_FlushFileBuffers@4                 KERNEL32.DLL
_WideCharToMultiByte@32             KERNEL32.DLL
_SetEnvironmentVariableW@8          KERNEL32.DLL


                        +--------------------+
                        |   Libraries Used   |
                        +--------------------+

C:\Users\evgen\Documents\WATCOM/lib386/nt\kernel32.lib
C:\Users\evgen\Documents\WATCOM/lib386/nt\user32.lib
C:\Users\evgen\Documents\WATCOM/lib386/nt\flib7.lib
C:\Users\evgen\Documents\WATCOM/lib386\math387r.lib
C:\Users\evgen\Documents\WATCOM/lib386/nt\clib3r.lib
C:\Users\evgen\Documents\WATCOM/lib386/nt\emu387.lib


                        +-----------------------+
                        |   Linker Statistics   |
                        +-----------------------+

Stack size:  00010000 (65536.)
Memory size:  0003094c (198988.)
Entry point address: 00401e44
Link time: 00:00.78
