Open Watcom Linker Version 1.9
Portions Copyright (c) 1985-2002 Sybase, Inc. All Rights Reserved.
Created on:       25/02/15 12:52:29
Executable Image: l3.exe
creating a Windows NT character-mode executable


                        +------------+
                        |   Groups   |
                        +------------+

Group                           Address              Size
=====                           =======              ====

.idata                          00416000             00000786
DGROUP                          00417000             0001cd40



                        +--------------+
                        |   Segments   |
                        +--------------+

Segment                Class          Group          Address         Size
=======                =====          =====          =======         ====

BEGTEXT                CODE           AUTO           00401000        00000007
_TEXT                  CODE           AUTO           00401010        00014368
TRANSFER CODE          CODE           AUTO           00415378        0000019e
.idata                 .idata         .idata         00416000        00000786
_NULL                  BEGDATA        DGROUP         00417000        00000004
_AFTERNULL             BEGDATA        DGROUP         00417004        00000000
CONST                  DATA           DGROUP         00417010        00000168
_DATA                  DATA           DGROUP         00417180        00001134
XIB                    DATA           DGROUP         004182b4        00000000
XI                     DATA           DGROUP         004182b4        0000004e
XIE                    DATA           DGROUP         00418302        00000000
YIB                    DATA           DGROUP         00418302        00000000
YI                     DATA           DGROUP         00418302        00000030
YIE                    DATA           DGROUP         00418332        00000000
CONST2                 DATA           DGROUP         00418334        00000000
TIB                    DATA           DGROUP         00418334        00000000
TI                     DATA           DGROUP         00418334        00000000
TIE                    DATA           DGROUP         00418334        00000000
DATA                   DATA           DGROUP         00418334        00000000
DATA32                 DATA           DGROUP         00418334        0000011c
SIZE                   SIZE           DGROUP         00419000        00000008
CONST32                CONST          DGROUP         00419008        00000000
_BSS                   BSS            DGROUP         00419010        000010f0
GDATA@0                BSS            DGROUP         0041a100        00009c40
BSS32                  BSS            DGROUP         00423d40        00000000
STACK                  STACK          DGROUP         00423d40        00010000


                        +----------------+
                        |   Memory Map   |
                        +----------------+

* = unreferenced symbol
+ = symbol only referenced locally

Address        Symbol
=======        ======

Module: l3src.obj(C:\Users\borov\source\repos\nstu\Numerical_computations\lab3\l3src.for)
00401010       FMAIN
004012a0+      MULTIPL
00401534+      READVECTOR
00401629+      READDIMENSION
004016f0+      PRINTVECTOR
00419000+      SIZE
Module: C:\Users\borov\Documents\WATCOM/lib386\math387r.lib(fchop87)
0040177c       __CHP
Module: C:\Users\borov\Documents\WATCOM/lib386/nt\flib7.lib(cowrite)
00401793       RT@IOWrite
004017a2*      RT@OutLOG1
004017b4*      RT@OutLOG4
004017c2*      RT@OutINT1
004017d4*      RT@OutINT2
004017e4       RT@OutINT4
004017f3       RT@OutREAL
00401803*      RT@OutDBLE
00401813*      RT@OutXTND
00401823*      RT@OutCPLX
00401839*      RT@OutDBCX
0040184f*      RT@OutXTCX
00401865       RT@OutCHAR
0040186a*      RT@OutSTR
0040186f*      RT@PrtArr
00401874*      RT@PrtChArr
Module: C:\Users\borov\Documents\WATCOM/lib386/nt\flib7.lib(cortns)
00417258*      _FRT_SaveESP
00401884*      SwitchToGen
004018a2       SwitchToRT
004018c0       RdWrCommon
00401964       IOType_
00401982       IOChar
0040199d       IOStr
004019b2       IOArr
004019cd       IOChArr
004019ef       RT@EndIO
Module: C:\Users\borov\Documents\WATCOM/lib386/nt\flib7.lib(pause.c)
00401a10       RT@Pause
00417278*      LG@PAUSE_HOOK
Module: C:\Users\borov\Documents\WATCOM/lib386/nt\flib7.lib(ifnint.c)
00401a60       IF@NINT
00401ac0*      IF@XNINT
Module: C:\Users\borov\Documents\WATCOM/lib386/nt\flib7.lib(setunit.c)
00401ad0       RT@SetUnit
Module: C:\Users\borov\Documents\WATCOM/lib386/nt\flib7.lib(setfile.c)
00401b10       RT@SetFile
Module: C:\Users\borov\Documents\WATCOM/lib386/nt\flib7.lib(setstat.c)
00401b30       RT@SetStat
Module: C:\Users\borov\Documents\WATCOM/lib386/nt\flib7.lib(seterr.c)
00401b50       RT@SetErr
Module: C:\Users\borov\Documents\WATCOM/lib386/nt\flib7.lib(exopen.c)
00402290       RT@IOOpen
0041727c+      _AccModTab
0041728c+      _FormTab
00417298+      _OpStatTab
004172ac+      _BlnkTab
004172b8+      _RecFmTab
004172c8+      _CCtrlTab
004172d4+      _ActionTab
004172e4+      _ShareTab
Module: C:\Users\borov\Documents\WATCOM/lib386/nt\flib7.lib(coread)
004022a6       RT@IORead
004022b5*      RT@InpLOG1
004022c4*      RT@InpLOG4
004022d3*      RT@InpINT1
004022e2*      RT@InpINT2
004022f1       RT@InpINT4
00402300       RT@InpREAL
0040230f*      RT@InpDBLE
0040231e*      RT@InpXTND
0040232d*      RT@InpCPLX
0040233c*      RT@InpDBCX
0040234b*      RT@InpXTCX
0040235a*      RT@InpCHAR
0040235f*      RT@InpSTR
00402364*      RT@InpArr
00402369*      RT@InpChArr
Module: C:\Users\borov\Documents\WATCOM/lib386/nt\flib7.lib(exclose.c)
00402460       RT@IOClose
Module: C:\Users\borov\Documents\WATCOM/lib386/nt\flib7.lib(stop.c)
004024a0       RT@Stop
0041730c+      LG@STOP_HOOK
Module: C:\Users\borov\Documents\WATCOM/lib386/nt\flib7.lib(setfmt.c)
00402510       RT@SetFmt
Module: C:\Users\borov\Documents\WATCOM/lib386/nt\clib3r.lib(cstrtwnt)
00402530       _cstart_
00402530*      mainCRTStartup
Module: C:\Users\borov\Documents\WATCOM/lib386/nt\clib3r.lib(_8087)
00417310       __8087
00417311       __real87
Module: C:\Users\borov\Documents\WATCOM/lib386/nt\emu387.lib(386)
0040258c       __init_387_emulator
0040258d*      __fini_387_emulator
Module: C:\Users\borov\Documents\WATCOM/lib386/nt\flib7.lib(initeng.c)
00419010       __init_english
Module: C:\Users\borov\Documents\WATCOM/lib386/nt\flib7.lib(initerr.c)
00419014       __init_error
Module: C:\Users\borov\Documents\WATCOM/lib386/nt\flib7.lib(exwrite.c)
00402600       DoWrite_
Module: C:\Users\borov\Documents\WATCOM/lib386/nt\flib7.lib(setiocb.c)
00402630       RT@SetIOCB
Module: C:\Users\borov\Documents\WATCOM/lib386/nt\flib7.lib(rdata.c)
00419020       _IORslt
00419030       _FmtBuff
00419034*      _Fmt_revert
00419038*      _Fmt_start
0041903c*      _Fmt_paren_level
00419040*      _Fmt_charptr
00419044*      _FmtEmStruct
00419048       _IOTypeRtn
0041904c*      _Fmt_end
00419050*      _Fmt_rep_spec
00419054       _FmtRoutine
00419058       _IOCB
0041905c       _Files
00419060*      _Fmt_delimited
Module: C:\Users\borov\Documents\WATCOM/lib386/nt\flib7.lib(iomain.c)
004026c0       __ReleaseIOSys_
004026e0       IOMain_
Module: C:\Users\borov\Documents\WATCOM/lib386/nt\clib3r.lib(crwdata)
00417358       __osmajor
00417359       __osminor
0041735a       __osbuild
0041735c       __osver
00417360       __winmajor
00417364       __winminor
00417368       __winver
00417324       __LpDllName
00417328       __LpwCmdLine
0041732c       __LpwPgmName
00417330       __LpwDllName
0041731c       __LpCmdLine
00417320       __LpPgmName
00417314*      __dynend
00417318       __curbrk
00417334*      __STACKLOW
00417338       __STACKTOP
0041733c       __ASTACKSIZ
00417340       __ASTACKPTR
00417344*      __cbyte
00417348*      __cbyte2
0041734c*      __child
00417352       __Envptr
00417356*      __Envseg
00417350       __no87
0041736c       ___FPE_handler
Module: C:\Users\borov\Documents\WATCOM/lib386/nt\flib7.lib(thrdutil.c)
004028f0*      __InitMultiThreadIO_
00417374       ___SwitchStkLow
Module: C:\Users\borov\Documents\WATCOM/lib386/nt\flib7.lib(rtinit.c)
00417378       ___FAppType
0041737c       __ExceptionInit
00417380       __ExceptionFini
00402910*      __InitFThreadData_
00402950+      RTSysFini_
00402960       RTSysInit_
00417388       __AccessFIO
0041738c       __ReleaseFIO
00417390       __PartialReleaseFIO
00419068       ___FThreadDataOffset
004182d2*      ___fthread_data_size
Module: C:\Users\borov\Documents\WATCOM/lib386/nt\flib7.lib(rtsysutl.c)
004029c0       GetSysIOInfo_
004029e0       GetSysFileInfo_
00402a10       IsDevice_
00402be0       OpenAction_
00402c20*      DfltRecType_
00402c40+      _FileAttrs_
00402d00       CloseFile_
00402d70       Scrtched_
00402d90       CloseDeleteFile_
00402de0       Errf_
00402e00       FPutBuff_
00402e70       FGetBuff_
00402ec0       SeekFile_
00402ee0       NoEOF_
00402ef0       SysClearEOF_
00402f00       SameFile_
00402f10*      Rewindf_
00402f30       SysCreateFile_
00402f70       CheckLogicalRecord_
00402f90       SkipLogicalRecord_
00402fb0*      BackSpacef_
00402fe0*      EndFilef_
00403020       GetIOErrMsg_
00403060       ReportNExist_
00403080       ReportEOF_
00403090       WaitForEnter_
Module: C:\Users\borov\Documents\WATCOM/lib386/nt\flib7.lib(rterr.c)
00417394+      _TraceRoutine
004030c0       FlushStdUnit_
00403110+      WriteErr_
004031e0       ErrHandler_
00403220       RTErr_
004173a0+      LG@ERR_HOOK
Module: C:\Users\borov\Documents\WATCOM/lib386/nt\flib7.lib(stdio.c)
00403260       StdBuffer_
00403280       StdWrite_
00403360       StdFlush_
00403390       StdWriteNL_
Module: C:\Users\borov\Documents\WATCOM/lib386\math387r.lib(floor.c)
004033b5       floor_
Module: C:\Users\borov\Documents\WATCOM/lib386/nt\flib7.lib(rtutls.c)
00403410       FindFtnFile_
00403500       RChkAlloc_
00403530       F_Connect_
004035b0       ConnectFile_
004035c0       GetFileInfo_
004036b0       DiscoFile_
00403720*      ChkFileName_
00403750+      ChkLogFile_
00403790       ChkIOOperation_
004037d0       GetIOErr_
004037e0       ChkIOErr_
00403800       ChkUnitId_
00403840*      ChkConnected_
00403860       SetEOF_
00403890       ClearEOF_
004038d0       SysEOF_
00403900       IsFixed_
00403910       IsCarriage_
00403920*      ChkRecordStructure_
00403950*      ChkSequential_
00403970*      ChkExist_
004039a0       StrItem_
Module: C:\Users\borov\Documents\WATCOM/lib386/nt\flib7.lib(exutil.c)
00403a20       FindKWord_
00403ab0*      ClrBuff_
004177ac       _SpecId
Module: C:\Users\borov\Documents\WATCOM/lib386/nt\flib7.lib(ioerr.c)
00403b00       IOErr_
Module: C:\Users\borov\Documents\WATCOM/lib386/nt\flib7.lib(runmain.c)
00403b90*      __InitUnit6CC_
00403ba0       __DevicesCC_
00403bb0*      __InitAllowCommaSeparator_
00403bc0       __AllowCommaSep_
00403bd0+      _InitIO_
00403c40+      CloseAllFiles_
00403c80*      _FiniEx_
00403c80       RunExit_
00403cc0       RunEntry_
Module: C:\Users\borov\Documents\WATCOM/lib386/nt\flib7.lib(rdwr.c)
00403cf0       DoOpen_
00403d20+      _AllocBuffer_
00403d60       IOPrologue_
00403fa0       UpdateRecNum_
Module: C:\Users\borov\Documents\WATCOM/lib386/nt\flib7.lib(exread.c)
00404060       DoRead_
Module: C:\Users\borov\Documents\WATCOM/lib386/nt\clib3r.lib(mainwnt.c)
004177d8       ___TlsIndex
004177dc       ___FirstThreadData
004177e0       ___GetThreadPtr
004177e4       __AccessFileH
004177e8       __ReleaseFileH
004177ec       __AccessIOB
004177f0       __ReleaseIOB
004177f4       __AccessNHeap
004177f8       __AccessFHeap
004177fc       __ReleaseNHeap
004040a0*      __threadid_
004040c0+      __sig_null_rtn_
004040d0+      __NTInit_
004042b0+      __NTFini_
00404310       __NTMainInit_
00404370       __exit_
00417800       __ReleaseFHeap
00417804       __AccessTDList
00417808       __ReleaseTDList
0041780c       __AccessFList
00417810       __ReleaseFList
00417814       __ThreadExitRtn
00417818       ___sig_init_rtn
0041781c       ___sig_fini_rtn
00417820       ___process_fini
00419078       ___Is_DLL
Module: C:\Users\borov\Documents\WATCOM/lib386/nt\flib7.lib(spawn.c)
004043c0       Spawn_
00404420       Suicide_
Module: C:\Users\borov\Documents\WATCOM/lib386/nt\flib7.lib(rfmtexec.c)
00404d90       R_FExec_
Module: C:\Users\borov\Documents\WATCOM/lib386/nt\clib3r.lib(main2wnt.c)
00404dc0       __NTMain
Module: C:\Users\borov\Documents\WATCOM/lib386/nt\clib3r.lib(segdefns)
00401003       ___begtext
00417000*      __nullarea
004182b4       __Start_XI
00418302       __End_XI
00418302       __Start_YI
00418332       __End_YI
Module: C:\Users\borov\Documents\WATCOM/lib386/nt\clib3r.lib(chk8087.c)
00404e40*      _fpreset_
00404e80       __chk8087_
00404e90*      __init_8087_
Module: C:\Users\borov\Documents\WATCOM/lib386/nt\flib7.lib(english.c)
00404ee0       __UseEnglishCharSet_
Module: C:\Users\borov\Documents\WATCOM/lib386/nt\flib7.lib(errincl.c)
00404ff0       __InitError_
00417824+      _PGroupTable
00417828+      _PErrWord
Module: C:\Users\borov\Documents\WATCOM/lib386/nt\flib7.lib(unfmtout.c)
004050f0       UnFmtOut_
Module: C:\Users\borov\Documents\WATCOM/lib386/nt\flib7.lib(freeout.c)
00405540       FreeOut_
0041782c+      _OutRtn
Module: C:\Users\borov\Documents\WATCOM/lib386/nt\flib7.lib(ioinit.c)
00405630       IOSysInit_
Module: C:\Users\borov\Documents\WATCOM/lib386/nt\flib7.lib(rttraps.c)
00405750       __EnableF77RTExceptionHandling_
00405760       R_TrapInit_
004057f0       R_TrapFini_
00405800*      __InitExceptionVectors_
Module: C:\Users\borov\Documents\WATCOM/lib386/nt\flib7.lib(errrtns.c)
00419694       ___ErrorFini
00419698       ___ErrorInit
0041969c       ___BldErrMsg
Module: C:\Users\borov\Documents\WATCOM/lib386/nt\clib3r.lib(nodefwin.c)
00417864*      __WindowsIsWindowedHandle
00417868*      __WindowsRemoveWindowedHandle
0041786c*      __WindowsNewWindow
00417870*      __WindowsCloseWindow
00417874*      __WindowsSetAbout
00417878*      __WindowsSetAppTitle
0041787c*      __WindowsSetConTitle
00417880*      __WindowsDestroyOnClose
00417884*      __WindowsYieldControl
00417888*      __WindowsShutDown
0041788c*      __WindowsStdin
00417890       __WindowsStdout
00417894*      __WindowsKbhit
00417898*      __WindowsGetch
0041789c*      __WindowsGetche
004178a0*      __WindowsPutch
00405820*      _dwShutDown_
00405820*      _dwYield_
00405820*      _dwSetConTitle_
00405820*      _dwSetAppTitle_
00405820*      _dwSetAboutDlg_
00405820       _dwDeleteOnClose_
004178a4*      __WindowsExitRtn
004196a0*      __init_default_win
Module: C:\Users\borov\Documents\WATCOM/lib386/nt\clib3r.lib(atexit.c)
00405823       atexit_
Module: C:\Users\borov\Documents\WATCOM/lib386/nt\clib3r.lib(regdata.c)
00405880       __RegisterThreadDataSize_
Module: C:\Users\borov\Documents\WATCOM/lib386/nt\clib3r.lib(accsswnt.c)
004058b0       access_
Module: C:\Users\borov\Documents\WATCOM/lib386/nt\clib3r.lib(fullpath.c)
004058f0+      _sys_fullpath_
00405970       _fullpath_
Module: C:\Users\borov\Documents\WATCOM/lib386/nt\flib7.lib(rmemmgr.c)
004059e0       RMemAlloc_
004059f0       RMemFree_
Module: C:\Users\borov\Documents\WATCOM/lib386/nt\clib3r.lib(fstatwnt.c)
00405a00       fstat_
Module: C:\Users\borov\Documents\WATCOM/lib386/nt\flib7.lib(poserr.c)
00405d60       Errorf_
00405d80*      EOFile_
00405da0       ErrorMsg_
00405de0       FSetTrunc_
00405df0       FSetSysErr_
00405e10       FSetErr_
00405e30       FSetEof_
00405e50       IOOk_
Module: C:\Users\borov\Documents\WATCOM/lib386/nt\clib3r.lib(statwnt.c)
00405f75       stat_
Module: C:\Users\borov\Documents\WATCOM/lib386/nt\flib7.lib(posopen.c)
004061b0       InitStd_
00406270       SetIOBufferSize_
00406290+      _AllocFile_
00406380       Openf_
00406470       Closef_
Module: C:\Users\borov\Documents\WATCOM/lib386/nt\flib7.lib(posdat.c)
00417a90       _FStdIn
00417a94       _FStdOut
00417a98       _FStdErr
Module: C:\Users\borov\Documents\WATCOM/lib386/nt\flib7.lib(posflush.c)
004064f0       FlushBuffer_
Module: C:\Users\borov\Documents\WATCOM/lib386/nt\flib7.lib(posdel.c)
004065a0       Scratchf_
Module: C:\Users\borov\Documents\WATCOM/lib386/nt\flib7.lib(posput.c)
004065c0       FPutRec_
00406600       ChopFile_
00406650*      PutRec_
00406770       writebytes_
004067f0       SysWrite_
Module: C:\Users\borov\Documents\WATCOM/lib386/nt\flib7.lib(posget.c)
00406930       readbytes_
00406a00       SysRead_
00406e70       FGetRec_
00406ea0*      GetRec_
00406ec0       GetStdChar_
00406f10       FCheckLogical_
00406f90       FSkipLogical_
00407060*      FGetVarRecLen_
Module: C:\Users\borov\Documents\WATCOM/lib386/nt\flib7.lib(posseek.c)
00407150       FSeekRec_
00407190       CurrFileOffset_
00407190       FGetFilePos_
004071b0       SysSeek_
004073a0*      FSeekAbs_
Module: C:\Users\borov\Documents\WATCOM/lib386/nt\clib3r.lib(stricmp.c)
004073b0       stricmp_
Module: C:\Users\borov\Documents\WATCOM/lib386/nt\flib7.lib(posrew.c)
004073f0       FRewind_
Module: C:\Users\borov\Documents\WATCOM/lib386/nt\flib7.lib(posback.c)
00407460       FBackspace_
Module: C:\Users\borov\Documents\WATCOM/lib386/nt\flib7.lib(postrunc.c)
00407540       FTruncate_
Module: C:\Users\borov\Documents\WATCOM/lib386/nt\clib3r.lib(errno.c)
00407560       __get_errno_ptr_
00407570*      __get_doserrno_ptr_
Module: C:\Users\borov\Documents\WATCOM/lib386/nt\flib7.lib(errutil.c)
00407580       BldErrCode_
004075e0*      MsgFormat_
00407610*      MsgBuffer_
00417a9c+      _PGrpCodes
Module: C:\Users\borov\Documents\WATCOM/lib386/nt\clib3r.lib(enterdb.c)
00407640       __EnterWVIDEO_
00417aa0       ___WD_Present
Module: C:\Users\borov\Documents\WATCOM/lib386/nt\clib3r.lib(iob.c)
00417aa4       ___iob
00417cac       __fmode
00419728       ___OpenStreams
0041972c       ___ClosedStreams
Module: C:\Users\borov\Documents\WATCOM/lib386/nt\clib3r.lib(setmd.c)
00407670       setmode_
Module: C:\Users\borov\Documents\WATCOM/lib386/nt\clib3r.lib(write.c)
004079b0       write_
Module: C:\Users\borov\Documents\WATCOM/lib386\math387r.lib(modf87)
00407c0c       modf_
Module: C:\Users\borov\Documents\WATCOM/lib386/nt\flib7.lib(fdutil.c)
00407c30       LocFile_
00407c40       LocUnit_
00407c70       ExtractInfo_
Module: C:\Users\borov\Documents\WATCOM/lib386/nt\flib7.lib(rstdio.c)
00407da0       _InitStandardInput_
00407dd0       _InitStandardOutput_
Module: C:\Users\borov\Documents\WATCOM/lib386/nt\clib3r.lib(memset.c)
00407e00       memset_
Module: C:\Users\borov\Documents\WATCOM/lib386/nt\flib7.lib(deffname.c)
00417cb0       _DefFName
Module: C:\Users\borov\Documents\WATCOM/lib386/nt\flib7.lib(stracc.c)
00407e20       TrimStr_
00407e60       GetStr_
Module: C:\Users\borov\Documents\WATCOM/lib386/nt\clib3r.lib(memicmp.c)
00407e90       memicmp_
Module: C:\Users\borov\Documents\WATCOM/lib386/nt\flib7.lib(blderr.c)
00407f50       Substitute_
00408110       ErrCodOrg_
Module: C:\Users\borov\Documents\WATCOM/lib386/nt\flib7.lib(sdfile.c)
00417cb8*      _FFCtrlSeq
00417cba*      _SkipCtrlSeq
00417cbc       _NormalCtrlSeq
00417cbe       _SDTermIn
00417cc2       _SDTermOut
00417cc6*      _SDPrtName
Module: C:\Users\borov\Documents\WATCOM/lib386/nt\flib7.lib(unfmtin.c)
00408120       UnFmtIn_
004081c0+      NextUnFmtRec_
Module: C:\Users\borov\Documents\WATCOM/lib386/nt\flib7.lib(freein.c)
004085a0+      GetNum_
004087a0       FreeIn_
004087b0*      DoFreeIn_
004087e0+      BumpComma_
00408810+      Blanks_
00408830+      CheckEor_
Module: C:\Users\borov\Documents\WATCOM/lib386/nt\clib3r.lib(hdlman.c)
00417ccc+      ___NHandles
00417cd0+      ___OSHandles
00417cd4+      ___FakeHandles
00408e40+      __growPOSIXHandles_
00408ee0       __allocPOSIXHandle_
00408fa0       __freePOSIXHandle_
00408fc0       __getOSHandle_
00408fd0       __setOSHandle_
00409020+      __NTGetFakeHandle_
00409090       __initPOSIXHandles_
00409170*      __set_handles_
00409180*      _grow_handles_
Module: C:\Users\borov\Documents\WATCOM/lib386/nt\clib3r.lib(environ.c)
00419730       ___env_mask
00419734       _environ
00419738       __wenviron
Module: C:\Users\borov\Documents\WATCOM/lib386/nt\clib3r.lib(getmodfn.c)
004091c0       __lib_GetModuleFileNameW_
Module: C:\Users\borov\Documents\WATCOM/lib386/nt\clib3r.lib(strdup.c)
00409260       __clib_strdup_
Module: C:\Users\borov\Documents\WATCOM/lib386/nt\clib3r.lib(istable.c)
004092a0       __IsTable
Module: C:\Users\borov\Documents\WATCOM/lib386/nt\clib3r.lib(ustrdup.c)
004093a1       __clib_wcsdup_
Module: C:\Users\borov\Documents\WATCOM/lib386/nt\clib3r.lib(nfree.c)
004093d0       _nfree_
004093d0       free_
0041973c       ___MiniHeapFreeRover
Module: C:\Users\borov\Documents\WATCOM/lib386/nt\clib3r.lib(excptwnt.c)
00409b40+      ___ReportException@4
00409f90       __DefaultExceptionHandler_
00409fd0+      ___ExceptionFilter
0040a1e0       __NewExceptionFilter_
0040a210       __DoneExceptionFilter_
00417ce0       ___oscode_check_func
00417ce4       ___raise_func
00419740*      _sw
00419744       ___ExceptionHandled
00419745+      ___ReportInvoked
Module: C:\Users\borov\Documents\WATCOM/lib386/nt\clib3r.lib(stklmwnt.c)
0040a250       __init_stack_limits_
Module: C:\Users\borov\Documents\WATCOM/lib386/nt\clib3r.lib(initrtns.c)
0040a2d0       __InitRtns
0040a320       __FiniRtns
Module: C:\Users\borov\Documents\WATCOM/lib386/nt\clib3r.lib(setjmp)
0040a374       _setjmp_
0040a3ad       longjmp_
Module: C:\Users\borov\Documents\WATCOM/lib386/nt\clib3r.lib(exit.c)
0040a435+      __null_int23_exit_
0040a436       exit_
0040a486*      _exit_
00417cfc+      ___int23_exit
00417d00+      ___FPE_handler_exit
Module: C:\Users\borov\Documents\WATCOM/lib386/nt\flib7.lib(wrutils.c)
0040a4a0       F_SendData_
0040a500*      SendLine_
0040a510       SendEOR_
0040a5a0*      SendInt_
0040a5d0       SendStr_
0040a5f0+      SendWSLStr_
0040a610       SendChar_
0040a630       Drop_
0040a7f0       IOItemResult_
Module: C:\Users\borov\Documents\WATCOM/lib386/nt\flib7.lib(rfmtutil.c)
0040a8a0       R_ChkType_
0040a8d0       R_NewRec_
0040a910       R_ChkIType_
0040a940       R_ChkFType_
0040a970       R_ChkRecLen_
0040a990+      GetLen_
0040a9d0       R_FOStr_
0040a9e0*      FOString_
0040aa50       R_FIStr_
0040ab10       R_FOLog_
0040ab60       R_FILog_
0040ac40       R_FIFloat_
0040ae30       GetReal_
0040af40       R_FOF_
0040afc0       R_FOE_
0040b100+      FmtH2B_
0040b1f0       R_FIHex_
0040b370       R_FOHex_
0040b380*      FOHex_
0040b480       R_FIInt_
0040b590       R_FOInt_
0040b7f0       R_FOG_
0040ba70+      ChkBuffLen_
Module: C:\Users\borov\Documents\WATCOM/lib386/nt\flib7.lib(arrayio.c)
0040bb30       ArrayIOType_
Module: C:\Users\borov\Documents\WATCOM/lib386/nt\clib3r.lib(mthrdini.c)
0040bbb0       __InitThreadData_
00417d04       ___ThreadDataSize
Module: C:\Users\borov\Documents\WATCOM/lib386/nt\clib3r.lib(cmain386.c)
0040bbe0       __CMain
Module: C:\Users\borov\Documents\WATCOM/lib386/nt\clib3r.lib(dosseg)
00001234       __DOSseg__
Module: C:\Users\borov\Documents\WATCOM/lib386/nt\clib3r.lib(8087cw.c)
00417d08       __8087cw
Module: C:\Users\borov\Documents\WATCOM/lib386/nt\clib3r.lib(save8087.c)
00417d0c       ___Save8087
00417d10       ___Rest8087
Module: C:\Users\borov\Documents\WATCOM/lib386/nt\clib3r.lib(init8087)
0040bc24       __x87id
Module: C:\Users\borov\Documents\WATCOM/lib386/nt\flib7.lib(csetinfo.c)
00419748       _CharSetInfo
Module: C:\Users\borov\Documents\WATCOM/lib386/nt\flib7.lib(errmsg.c)
0040bf90       _GroupTable
0040c040       _ErrWord
Module: C:\Users\borov\Documents\WATCOM/lib386/nt\flib7.lib(unfmtutl.c)
0040c670       _SizeVars
Module: C:\Users\borov\Documents\WATCOM/lib386/nt\flib7.lib(undefcg.c)
0040c710       OutLogCG_
0040c720       OutIntCG_
0040c760+      FmtRealCG_
0040c790+      FmtDoubleCG_
0040c7c0+      FmtExtendedCG_
0040c7f0+      UndefIntCG_
0040c7f0+      UndefLogCG_
0040c7f0+      UndefExtendedCG_
0040c7f0+      UndefDoubleCG_
0040c7f0+      UndefRealCG_
0040c800+      GetRealCG_
00417d14       _FmtRealRtn
00417d18       _FmtDoubleRtn
00417d1c       _FmtExtendedRtn
00417d20       _SendStrRtn
00417d24       _UndefRealRtn
00417d28       _UndefDoubleRtn
00417d2c       _UndefExtendedRtn
00417d30       _UndefLogRtn
00417d34       _UndefIntRtn
00417d38       _GetRealRtn
Module: C:\Users\borov\Documents\WATCOM/lib386/nt\flib7.lib(cctrl.c)
0040c810       CheckCCtrl_
Module: C:\Users\borov\Documents\WATCOM/lib386/nt\clib3r.lib(signlwnt.c)
00417d3c+      __SignalTable
0040c880+      __SetSignalFunc_
0040c8d0+      __GetSignalFunc_
0040c900+      __GetSignalOSCode_
0040c930+      __CheckSignalExCode_
0040ca70+      __sigabort_
0040ca80       __sigfpe_handler_
0040cad0       signal_
0040cb60+      raise_
0040cbd0+      __SigInit_
0040cc20+      __SigFini_
0040cc60+      __sig_init_
Module: C:\Users\borov\Documents\WATCOM/lib386/nt\flib7.lib(fptraps.c)
0040cd40*      __MaskDefaultFPE_
0040cd60       FPTrapInit_
0040cd90       FPTrapFini_
Module: C:\Users\borov\Documents\WATCOM/lib386/nt\clib3r.lib(trdlist.c)
0040ce00       __GetThreadData_
0040ce50       __ReallocThreadData_
0040cf40       __AddThreadData_
0040cfc0       __RemoveThreadData_
0040d020       __ResizeThreadDataList_
0040d050       __FreeThreadDataList_
0040d080*      __ActiveThreads_
Module: C:\Users\borov\Documents\WATCOM/lib386/nt\clib3r.lib(fgtattr.c)
0040d0a0       __fixed_GetFileAttributesA_
Module: C:\Users\borov\Documents\WATCOM/lib386/nt\clib3r.lib(dosret.c)
0040d140*      _dosretax_
0040d150*      _dosret0_
0040d160       __set_errno_dos_
0040d190*      __set_errno_dos_reterr_
0040d1a0       __set_errno_nt_
0040d1b0*      __set_errno_nt_reterr_
Module: C:\Users\borov\Documents\WATCOM/lib386/nt\clib3r.lib(seterrno.c)
0040d1c4       __set_errno_
0040d1d2*      __set_EDOM_
0040d1e0       __set_ERANGE_
0040d1ee*      __set_EINVAL_
0040d201       __set_doserrno_
Module: C:\Users\borov\Documents\WATCOM/lib386/nt\clib3r.lib(gtcwdwnt.c)
0040d210       getcwd_
Module: C:\Users\borov\Documents\WATCOM/lib386/nt\clib3r.lib(nmalloc.c)
0040d2a0       _nmalloc_
0040d2a0       malloc_
00417eac       ___nheapbeg
00417eb0       ___MiniHeapRover
00417eb4       ___LargestSizeB4MiniHeapRover
Module: C:\Users\borov\Documents\WATCOM/lib386/nt\clib3r.lib(iomode.c)
0040d3a0       __GetIOMode_
0040d3c0       __SetIOMode_nogrow_
00417eb8       ___NFiles
00417ebc       ___init_mode
00417f0c       ___io_mode
Module: C:\Users\borov\Documents\WATCOM/lib386/nt\clib3r.lib(iomodtty.c)
0040d3e0       __ChkTTYIOMode_
0040d420       __IOMode_
Module: C:\Users\borov\Documents\WATCOM/lib386/nt\clib3r.lib(ntdirinf.c)
0040d440       __MakeDOSDT_
0040d470*      __FromDOSDT_
0040d4a0*      __GetNTDirInfo_
0040d4e0*      __NTFindNextFileWithAttr_
Module: C:\Users\borov\Documents\WATCOM/lib386/nt\clib3r.lib(d2ttime.c)
0040d540       _d2ttime_
Module: C:\Users\borov\Documents\WATCOM/lib386/nt\clib3r.lib(strerror.c)
0040d8e0       strerror_
0040d900*      _strerror_
0040d9d0*      _doserror_
00417f10+      __sys_errlist
00417fb4+      __sys_nerr
Module: C:\Users\borov\Documents\WATCOM/lib386/nt\clib3r.lib(_strcmp)
0040da00       strcmp_
Module: C:\Users\borov\Documents\WATCOM/lib386/nt\clib3r.lib(mbspbrk.c)
0040db40       _mbspbrk_
Module: C:\Users\borov\Documents\WATCOM/lib386/nt\clib3r.lib(mbsinc.c)
0040db90       _mbsinc_
Module: C:\Users\borov\Documents\WATCOM/lib386/nt\clib3r.lib(tolower.c)
0040dbc0       tolower_
Module: C:\Users\borov\Documents\WATCOM/lib386/nt\clib3r.lib(stiomode.c)
0040dbd0       __grow_iomode_
0040dca0+      __shrink_iomode_
0040dce0       __SetIOMode_
Module: C:\Users\borov\Documents\WATCOM/lib386/nt\clib3r.lib(close.c)
0040dd50       close_
Module: C:\Users\borov\Documents\WATCOM/lib386/nt\clib3r.lib(openwnt.c)
0040df70*      open_
0040df90       sopen_
Module: C:\Users\borov\Documents\WATCOM/lib386/nt\clib3r.lib(lseek.c)
0040dfc0       lseek_
Module: C:\Users\borov\Documents\WATCOM/lib386/nt\flib7.lib(poscc.c)
0040e010*      __LineFeedWithFormFeed_
0040e020       FSetCC_
Module: C:\Users\borov\Documents\WATCOM/lib386/nt\clib3r.lib(unlnkwnt.c)
0040e080       unlink_
Module: C:\Users\borov\Documents\WATCOM/lib386/nt\clib3r.lib(chsizwnt.c)
0040e100       chsize_
Module: C:\Users\borov\Documents\WATCOM/lib386/nt\clib3r.lib(read.c)
0040e1f0       read_
Module: C:\Users\borov\Documents\WATCOM/lib386/nt\flib7.lib(errgrp.c)
0040e380       _GrpCodes
Module: C:\Users\borov\Documents\WATCOM/lib386/nt\clib3r.lib(initfile.c)
0040e440       __InitFiles_
Module: C:\Users\borov\Documents\WATCOM/lib386/nt\clib3r.lib(ioexit.c)
0040e540*      fcloseall_
0040e550       __full_io_exit_
Module: C:\Users\borov\Documents\WATCOM/lib386/nt\clib3r.lib(stackwnt.c)
0040e560       stackavail_
Module: C:\Users\borov\Documents\WATCOM/lib386/nt\clib3r.lib(stk)
0040e571*      __CHK
0040e581*      __STK
0040e5a0       __STKOVERFLOW_
0040e5b0*      __GRO
0040e5d0*      __alloca_probe
Module: C:\Users\borov\Documents\WATCOM/lib386/nt\clib3r.lib(getenv.c)
0040e5f0       getenv_
Module: C:\Users\borov\Documents\WATCOM/lib386/nt\clib3r.lib(ltoa.c)
0040e680       ultoa_
0040e6d0       ltoa_
Module: C:\Users\borov\Documents\WATCOM/lib386/nt\clib3r.lib(__stos)
0040e700       __STOSB
0040e737*      __STOSD
Module: C:\Users\borov\Documents\WATCOM/lib386/nt\clib3r.lib(memmove.c)
0040e7b0       memmove_
Module: C:\Users\borov\Documents\WATCOM/lib386/nt\clib3r.lib(itoa.c)
0040e810       utoa_
0040e860       itoa_
Module: C:\Users\borov\Documents\WATCOM/lib386/nt\flib7.lib(rdutils.c)
0040e890       NextRec_
Module: C:\Users\borov\Documents\WATCOM/lib386/nt\clib3r.lib(toupper.c)
0040e9a0       toupper_
Module: C:\Users\borov\Documents\WATCOM/lib386/nt\flib7.lib(chrutils.c)
0040e9b0       JmpBlanks_
Module: C:\Users\borov\Documents\WATCOM/lib386/nt\flib7.lib(fmtcnvt.c)
0040e9d0       FmtS2I_
0040eb00       FmtS2F_
Module: C:\Users\borov\Documents\WATCOM/lib386/nt\clib3r.lib(nrealloc.c)
0040eed0*      _nrealloc_
0040eed0       realloc_
Module: C:\Users\borov\Documents\WATCOM/lib386/nt\clib3r.lib(setenvp.c)
0040ef50       __setenvp_
0040f010       __freeenvp_
Module: C:\Users\borov\Documents\WATCOM/lib386/nt\clib3r.lib(ustrlen.c)
0040f05d       wcslen_
Module: C:\Users\borov\Documents\WATCOM/lib386/nt\clib3r.lib(memcpy.c)
0040f070       memcpy_
Module: C:\Users\borov\Documents\WATCOM/lib386/nt\clib3r.lib(mem.c)
0040f090       __MemAllocator
0040f140       __MemFree
Module: C:\Users\borov\Documents\WATCOM/lib386/nt\clib3r.lib(conutwnt.c)
0040f290*      __NTRealKey_
0040f340*      __NTConsoleInput_
0040f350       __NTConsoleOutput_
Module: C:\Users\borov\Documents\WATCOM/lib386/nt\clib3r.lib(fclex387.c)
0040f360       _ClearFPE_
Module: C:\Users\borov\Documents\WATCOM/lib386/nt\clib3r.lib(ljmphdl.c)
00417fd8       ___longjmp_handler
Module: C:\Users\borov\Documents\WATCOM/lib386/nt\flib7.lib(ifile.c)
0040f380       SendIFBuff_
0040f3b0       NextIFBuff_
Module: C:\Users\borov\Documents\WATCOM/lib386/nt\flib7.lib(rfmtlog.c)
0040f3f0       R_FmtLog_
Module: C:\Users\borov\Documents\WATCOM/lib386/nt\flib7.lib(fmtrtns.c)
0040f420       R_F2E_
0040f590       R_F2F_
0040f720       SetMaxPrec_
Module: C:\Users\borov\Documents\WATCOM/lib386/nt\flib7.lib(flt86.c)
0040f730       _P1d100
0040f738       _P1d_99
Module: C:\Users\borov\Documents\WATCOM/lib386\math387r.lib(pow87)
0040f899*      pow_
0040f740       IF@DPOW
0040f740*      IF@POW
Module: C:\Users\borov\Documents\WATCOM/lib386/nt\flib7.lib(hexcnv.c)
0040f8c0       Hex_
0040f8e0*      HSToB_
0040f950       BToHS_
Module: C:\Users\borov\Documents\WATCOM/lib386/nt\clib3r.lib(strupr.c)
0040f9a0       strupr_
Module: C:\Users\borov\Documents\WATCOM/lib386/nt\clib3r.lib(cinit.c)
0040f9c0       __CommonInit_
Module: C:\Users\borov\Documents\WATCOM/lib386/nt\clib3r.lib(___argc.c)
00419868       ____Argc
0041986c       ____Argv
Module: C:\Users\borov\Documents\WATCOM/lib386/nt\flib7.lib(rtmain.c)
0040f9d0       main_
Module: C:\Users\borov\Documents\WATCOM/lib386/nt\flib7.lib(expchk.c)
0040f9f0       ToFFormat_
Module: C:\Users\borov\Documents\WATCOM/lib386/nt\clib3r.lib(abort.c)
0040fa4d*      abort_
0040fa5f       __terminate_
00417fdc       ___abort
Module: C:\Users\borov\Documents\WATCOM/lib386/nt\clib3r.lib(cntrl87.c)
0040fa80       _control87_
Module: C:\Users\borov\Documents\WATCOM/lib386/nt\clib3r.lib(mthread.c)
0040fc60+      __CloseSemaphore_
0040fca0+      __AccessIOB_
0040fcb0+      __ReleaseIOB_
0040fcc0+      __AccessFileH_
0040fcd0+      __ReleaseFileH_
0040fce0+      __AccessNHeap_
0040fcf0+      __ReleaseNHeap_
0040fd00+      __AccessFHeap_
0040fd10+      __ReleaseFHeap_
0040fd20+      __AccessTDList_
0040fd30+      __ReleaseTDList_
0040fd40+      __AccessFList_
0040fd50+      __AccessSemaphore_
0040fdb0+      __ReleaseFList_
0040fdc0+      __ReleaseSemaphore_
0040fdf0+      __MultipleThread_
0040fe40+      __AllocInitThreadData_
0040fe90*      __FreeInitThreadData_
0040fea0       __NTThreadInit_
0040ff10       __NTAddThread_
0040ff60       __NTRemoveThread_
0040fff0       __InitMultipleThread_
00417fe0+      ___AccessSema4
00417fe4+      ___ReleaseSema4
00417fe8+      ___CloseSema4
Module: C:\Users\borov\Documents\WATCOM/lib386/nt\clib3r.lib(xmsgwnt.c)
004101b0+      __exit_with_msg_
00410210       __fatal_runtime_error_
Module: C:\Users\borov\Documents\WATCOM/lib386/nt\clib3r.lib(calloc.c)
00410230       calloc_
Module: C:\Users\borov\Documents\WATCOM/lib386/nt\clib3r.lib(register.c)
00410260       __initthread_
00410270*      _beginthread_
00410280       _endthread_
00410290*      __RegisterThreadData_
Module: C:\Users\borov\Documents\WATCOM/lib386/nt\clib3r.lib(nmemneed.c)
004102e0       __nmemneed_
Module: C:\Users\borov\Documents\WATCOM/lib386/nt\clib3r.lib(grownear.c)
00410450       __ExpandDGROUP_
Module: C:\Users\borov\Documents\WATCOM/lib386/nt\clib3r.lib(isattwnt.c)
00410470       isatty_
Module: C:\Users\borov\Documents\WATCOM/lib386/nt\clib3r.lib(strncpy.c)
00410490       strncpy_
Module: C:\Users\borov\Documents\WATCOM/lib386/nt\clib3r.lib(mktime.c)
004104d0       mktime_
Module: C:\Users\borov\Documents\WATCOM/lib386/nt\clib3r.lib(mbterm.c)
00410560       _mbterm_
Module: C:\Users\borov\Documents\WATCOM/lib386/nt\clib3r.lib(mbsnextc.c)
004105a0       _mbsnextc_
Module: C:\Users\borov\Documents\WATCOM/lib386/nt\clib3r.lib(mbschr.c)
004105e0       _mbschr_
Module: C:\Users\borov\Documents\WATCOM/lib386/nt\clib3r.lib(mbisdbcs.c)
00419fdc       ___IsDBCS
Module: C:\Users\borov\Documents\WATCOM/lib386/nt\clib3r.lib(mbislead.c)
00410640*      _ismbblead_
00419fe0       ___MBCSIsTable
Module: C:\Users\borov\Documents\WATCOM/lib386/nt\clib3r.lib(_clsewnt.c)
00410660       __close_
Module: C:\Users\borov\Documents\WATCOM/lib386/nt\clib3r.lib(ntfio.c)
004106c0*      __GetNTCreateAttr_
00410700       __GetNTAccessAttr_
00410730       __GetNTShareAttr_
Module: C:\Users\borov\Documents\WATCOM/lib386/nt\clib3r.lib(umaskval.c)
00417ff8       ___umaskval
Module: C:\Users\borov\Documents\WATCOM/lib386/nt\clib3r.lib(__lseek.c)
00410790       __lseek_
Module: C:\Users\borov\Documents\WATCOM/lib386/nt\clib3r.lib(fclose.c)
004107d0+      __doclose_
00410870       __shutdown_stream_
00410890*      fclose_
0041a0e4+      ___RmTmpFileFn
Module: C:\Users\borov\Documents\WATCOM/lib386/nt\clib3r.lib(freefp.c)
004108e0       __freefp_
00410930       __purgefp_
Module: C:\Users\borov\Documents\WATCOM/lib386/nt\clib3r.lib(mbcupper.c)
00410960       _mbctoupper_
Module: C:\Users\borov\Documents\WATCOM/lib386/nt\clib3r.lib(alphabet.c)
00417114       ___Alphabet
Module: C:\Users\borov\Documents\WATCOM/lib386/nt\flib7.lib(intarith.c)
00410990       AddIOFlo_
004109a0*      SubIOFlo_
004109b0       MulIOFlo_
Module: C:\Users\borov\Documents\WATCOM/lib386\math387r.lib(strtod.c)
00410ed3+      __Strtold_
0041103a       strtod_
Module: C:\Users\borov\Documents\WATCOM/lib386/nt\clib3r.lib(nmsize.c)
00411180       _nmsize_
00411180*      _msize_
Module: C:\Users\borov\Documents\WATCOM/lib386/nt\clib3r.lib(nexpand.c)
00411190       _nexpand_
00411190*      _expand_
004111d0+      __HeapManager_expand_
Module: C:\Users\borov\Documents\WATCOM/lib386/nt\clib3r.lib(dofilstr.c)
004113b0       __ParsePosixHandleStr_
Module: C:\Users\borov\Documents\WATCOM/lib386/nt\clib3r.lib(clearenv.c)
004114d0       clearenv_
Module: C:\Users\borov\Documents\WATCOM/lib386\math387r.lib(ldcvt.c)
0041163f       _LDScale10x_
00411be6       __LDcvt_
Module: C:\Users\borov\Documents\WATCOM/lib386/nt\clib3r.lib(chipvar)
004180a4       ___chipbug
004180a4       __chipbug
Module: C:\Users\borov\Documents\WATCOM/lib386\math387r.lib(pow87e.c)
00412034       __pow87_err_
Module: C:\Users\borov\Documents\WATCOM/lib386\math387r.lib(exp87)
00412123*      exp_
004120bc*      __@DEXP1
004120c4*      IF@EXP
004120c4*      IF@DEXP
004120c6       __@DEXP
Module: C:\Users\borov\Documents\WATCOM/lib386/nt\clib3r.lib(chipd32.asm)
00412247       __fdiv_fpr
00412709*      __fdiv_chk
0041271c*      __fdiv_m32
00412769*      __fdiv_m64
004127b6*      __fdiv_m32r
00412803*      __fdiv_m64r
Module: C:\Users\borov\Documents\WATCOM/lib386/nt\clib3r.lib(argcv.c)
0041a0e8       __argc
0041a0ec       __argv
0041a0f0       ___argv
0041a0f4       ___argc
Module: C:\Users\borov\Documents\WATCOM/lib386/nt\clib3r.lib(trdalloc.c)
00412850       __FiniThreadProcessing_
Module: C:\Users\borov\Documents\WATCOM/lib386/nt\clib3r.lib(nheapmin.c)
00412860       _nheapshrink_
00412860*      _nheapmin_
00412860*      _heapmin_
00412860       _heapshrink_
Module: C:\Users\borov\Documents\WATCOM/lib386/nt\clib3r.lib(thredwnt.c)
00412a00       __CBeginThread_
00412aa0       __CEndThread_
Module: C:\Users\borov\Documents\WATCOM/lib386/nt\clib3r.lib(amblksiz.c)
004180b8       __amblksiz
Module: C:\Users\borov\Documents\WATCOM/lib386/nt\clib3r.lib(heapen.c)
00412ae0*      _heapenable_
004180bc       ___heap_enabled
Module: C:\Users\borov\Documents\WATCOM/lib386/nt\clib3r.lib(locmktim.c)
00412b10       __local_mktime_
Module: C:\Users\borov\Documents\WATCOM/lib386/nt\clib3r.lib(gmtime.c)
00412c90       __brktime_
00412d90+      _gmtime_
00412db0*      gmtime_
Module: C:\Users\borov\Documents\WATCOM/lib386/nt\clib3r.lib(tzset.c)
004180c0       ___start_dst
004180e4       ___end_dst
0041820c*      _tzname
00418214       _timezone
00418218       _daylight
0041821c       ___dst_adjust
00412e20*      __DontCacheOSTZ_
00412e30*      __CacheOSTZ_
00413310+      __parse_tz_
00413700       tzset_
Module: C:\Users\borov\Documents\WATCOM/lib386/nt\clib3r.lib(timeutil.c)
00413870       __isindst_
Module: C:\Users\borov\Documents\WATCOM/lib386/nt\clib3r.lib(mbconv.c)
00413ba0       _mbvtop_
Module: C:\Users\borov\Documents\WATCOM/lib386/nt\clib3r.lib(mbclen.c)
00413bc0       _mbclen_
Module: C:\Users\borov\Documents\WATCOM/lib386/nt\clib3r.lib(mbccmp.c)
00413bf0       _mbccmp_
Module: C:\Users\borov\Documents\WATCOM/lib386/nt\clib3r.lib(mbinit.c)
00413c65       __mbinit_
00418224       ___MBCodePage
Module: C:\Users\borov\Documents\WATCOM/lib386/nt\clib3r.lib(flush.c)
00413d60       __flush_
Module: C:\Users\borov\Documents\WATCOM/lib386\math387r.lib(bufld386)
00413e5c       __ZBuf2LD
Module: C:\Users\borov\Documents\WATCOM/lib386\math387r.lib(inf_nan.c)
00413eff*      ___f_infinity
00413f03*      ___f_posqnan
00413f07       ___d_infinity
00413f0f       ___d_posqnan
00413f17*      ___ld_infinity
00413f1f*      ___ld_posqnan
Module: C:\Users\borov\Documents\WATCOM/lib386/nt\clib3r.lib(hugeval.c)
00413f30       __HugeValue
Module: C:\Users\borov\Documents\WATCOM/lib386/nt\clib3r.lib(strtol.c)
00414160*      strtoul_
00414170       strtol_
Module: C:\Users\borov\Documents\WATCOM/lib386/nt\clib3r.lib(putenv.c)
00414180       putenv_
00414410       __putenv_
Module: C:\Users\borov\Documents\WATCOM/lib386\math387r.lib(ldclass.c)
00414579       __LDClass_
004145c9*      _FLClass_
Module: C:\Users\borov\Documents\WATCOM/lib386/nt\clib3r.lib(chipbug.c)
004145e0       __verify_pentium_fdiv_bug_
Module: C:\Users\borov\Documents\WATCOM/lib386/nt\flib7.lib(_matherr.c)
00414640*      __imath2err_
00414680*      __amath1err_
004146b0*      __amath2err_
004146e0       __math2err_
004147f0       __math1err_
00414800*      __zmath2err_
00414860*      __qmath2err_
Module: C:\Users\borov\Documents\WATCOM/lib386\math387r.lib(math87e.c)
004148c6       __math87_err_
Module: C:\Users\borov\Documents\WATCOM/lib386/nt\clib3r.lib(initargv.c)
00414940       __Init_Argv_
00414990+      _getargv_
00414b30       __Fini_Argv_
Module: C:\Users\borov\Documents\WATCOM/lib386/nt\clib3r.lib(leapyear.c)
00414b40       __leapyear_
00417144       ___diyr
0041715e       ___dilyr
Module: C:\Users\borov\Documents\WATCOM/lib386/nt\clib3r.lib(wcstombs.c)
00414b80       wcstombs_
Module: C:\Users\borov\Documents\WATCOM/lib386/nt\clib3r.lib(fsync.c)
00414c20       fsync_
Module: C:\Users\borov\Documents\WATCOM/lib386/nt\clib3r.lib(qwrit.c)
00414c70       __qwrite_
Module: C:\Users\borov\Documents\WATCOM/lib386/nt\clib3r.lib(mbslen.c)
00414d50       _mbslen_
Module: C:\Users\borov\Documents\WATCOM/lib386/nt\clib3r.lib(mbstowcs.c)
00414d80       mbstowcs_
Module: C:\Users\borov\Documents\WATCOM/lib386/nt\clib3r.lib(uputenv.c)
00414e00*      _wputenv_
00415020       __wputenv_
Module: C:\Users\borov\Documents\WATCOM/lib386/nt\clib3r.lib(histsplt.c)
0041a0fc       ___historical_splitparms
Module: C:\Users\borov\Documents\WATCOM/lib386/nt\clib3r.lib(wctomb.c)
00415120       wctomb_
Module: C:\Users\borov\Documents\WATCOM/lib386/nt\clib3r.lib(mbtowc.c)
00415160       mbtowc_
Module: C:\Users\borov\Documents\WATCOM/lib386/nt\clib3r.lib(ustrchr.c)
004151f0       wcschr_
Module: C:\Users\borov\Documents\WATCOM/lib386/nt\clib3r.lib(setenvar.c)
00415210       __lib_SetEnvironmentVariableW_
Module: C:\Users\borov\Documents\WATCOM/lib386/nt\clib3r.lib(crtwenv.c)
00415300       __create_wide_environment_
Module: C:\Users\borov\Documents\WATCOM/lib386/nt\clib3r.lib(utoupper.c)
00415368       towupper_


                        +----------------------+
                        |   Imported Symbols   |
                        +----------------------+

Symbol                              Module
======                              ======

_MessageBoxA@16                     USER32.DLL
_GetEnvironmentStringsA@0           KERNEL32.DLL
_GetVersion@0                       KERNEL32.DLL
_GetModuleFileNameA@12              KERNEL32.DLL
_GetCommandLineA@0                  KERNEL32.DLL
_GetCommandLineW@0                  KERNEL32.DLL
_FreeEnvironmentStringsA@4          KERNEL32.DLL
_GetModuleHandleA@4                 KERNEL32.DLL
_ExitProcess@4                      KERNEL32.DLL
_RtlUnwind@16                       KERNEL32.DLL
_GetFullPathNameA@16                KERNEL32.DLL
_GetFileType@4                      KERNEL32.DLL
_GetFileInformationByHandle@8       KERNEL32.DLL
_GetFileTime@16                     KERNEL32.DLL
_GetFileSize@8                      KERNEL32.DLL
_CreateFileA@28                     KERNEL32.DLL
_CloseHandle@4                      KERNEL32.DLL
_GetLastError@0                     KERNEL32.DLL
_GetDriveTypeA@4                    KERNEL32.DLL
_FindFirstFileA@8                   KERNEL32.DLL
_FindClose@4                        KERNEL32.DLL
_SetFilePointer@16                  KERNEL32.DLL
_WriteFile@20                       KERNEL32.DLL
_SetStdHandle@8                     KERNEL32.DLL
_CreateEventA@16                    KERNEL32.DLL
_GetStdHandle@4                     KERNEL32.DLL
_GetModuleFileNameW@12              KERNEL32.DLL
_MultiByteToWideChar@24             KERNEL32.DLL
_LoadLibraryA@4                     KERNEL32.DLL
_GetProcAddress@8                   KERNEL32.DLL
_SetUnhandledExceptionFilter@4      KERNEL32.DLL
_UnhandledExceptionFilter@4         KERNEL32.DLL
_VirtualQuery@12                    KERNEL32.DLL
_GetCurrentThreadId@0               KERNEL32.DLL
_SetConsoleCtrlHandler@8            KERNEL32.DLL
_TlsGetValue@4                      KERNEL32.DLL
_TlsSetValue@8                      KERNEL32.DLL
_GetFileAttributesA@4               KERNEL32.DLL
_GetCurrentDirectoryA@8             KERNEL32.DLL
_FileTimeToLocalFileTime@8          KERNEL32.DLL
_FileTimeToDosDateTime@12           KERNEL32.DLL
_DosDateTimeToFileTime@12           KERNEL32.DLL
_LocalFileTimeToFileTime@8          KERNEL32.DLL
_FindNextFileA@8                    KERNEL32.DLL
_FormatMessageA@28                  KERNEL32.DLL
_DeleteFileA@4                      KERNEL32.DLL
_SetEndOfFile@4                     KERNEL32.DLL
_ReadFile@20                        KERNEL32.DLL
_InitializeCriticalSection@4        KERNEL32.DLL
_DeleteCriticalSection@4            KERNEL32.DLL
_LeaveCriticalSection@4             KERNEL32.DLL
_EnterCriticalSection@4             KERNEL32.DLL
_SetLastError@4                     KERNEL32.DLL
_TlsAlloc@0                         KERNEL32.DLL
_TlsFree@4                          KERNEL32.DLL
_VirtualAlloc@16                    KERNEL32.DLL
_CharUpperA@4                       USER32.DLL
_VirtualFree@12                     KERNEL32.DLL
_CreateThread@24                    KERNEL32.DLL
_ResumeThread@4                     KERNEL32.DLL
_ExitThread@4                       KERNEL32.DLL
_GetTimeZoneInformation@4           KERNEL32.DLL
_GetACP@0                           KERNEL32.DLL
_GetOEMCP@0                         KERNEL32.DLL
_GetCPInfo@8                        KERNEL32.DLL
_SetEnvironmentVariableA@8          KERNEL32.DLL
_FlushFileBuffers@4                 KERNEL32.DLL
_WideCharToMultiByte@32             KERNEL32.DLL
_SetEnvironmentVariableW@8          KERNEL32.DLL


                        +--------------------+
                        |   Libraries Used   |
                        +--------------------+

C:\Users\borov\Documents\WATCOM/lib386/nt\kernel32.lib
C:\Users\borov\Documents\WATCOM/lib386/nt\user32.lib
C:\Users\borov\Documents\WATCOM/lib386/nt\flib7.lib
C:\Users\borov\Documents\WATCOM/lib386\math387r.lib
C:\Users\borov\Documents\WATCOM/lib386/nt\clib3r.lib
C:\Users\borov\Documents\WATCOM/lib386/nt\emu387.lib


                        +-----------------------+
                        |   Linker Statistics   |
                        +-----------------------+

Stack size:  00010000 (65536.)
Memory size:  000319dc (203228.)
Entry point address: 00402530
Link time: 00:00.81
